
> exhibits-builder@2.0.0 test
> npm run test:unit && npm run test:integration


> exhibits-builder@2.0.0 test:unit
> NODE_OPTIONS=--max-old-space-size=4096 vitest --run --reporter verbose


 RUN  v3.2.6 /Users/fcr/Dropbox/work/workspace/exhibits/exhibits-backend

[32m[2026-08-14T11:31:08.699] [INFO] default - [39mIndexer initialized { index: 'exhibits_index' }
[32m[2026-08-14T11:31:08.701] [INFO] default - [39mIndexer initialized { index: 'exhibits_index' }
[32m[2026-08-14T11:31:08.703] [INFO] default - [39mIndexer initialized { index: 'exhibits_index' }
[32m[2026-08-14T11:31:08.704] [INFO] default - [39mIndexer initialized { index: 'exhibits_index' }
[32m[2026-08-14T11:31:08.704] [INFO] default - [39mIndexer initialized { index: 'exhibits_index' }
[32m[2026-08-14T11:31:08.705] [INFO] default - [39mIndexer initialized { index: 'exhibits_index' }
[32m[2026-08-14T11:31:08.705] [INFO] default - [39mIndexer initialized { index: 'exhibits_index' }
[32m[2026-08-14T11:31:08.706] [INFO] default - [39mIndexer initialized { index: 'exhibits' }
[32m[2026-08-14T11:31:08.706] [INFO] default - [39mIndexer initialized { index: 'exhibits_v1' }
[32m[2026-08-14T11:31:08.707] [INFO] default - [39mIndexer initialized { index: 'my-index' }
[32m[2026-08-14T11:31:08.707] [INFO] default - [39mIndexer initialized { index: 'test.index' }
[32m[2026-08-14T11:31:08.708] [INFO] default - [39mIndexer initialized { index: 'exhibits_index' }
[32m[2026-08-14T11:31:08.709] [INFO] default - [39mRecord indexed successfully {
  index: 'exhibits_index',
  uuid: '6ba7b810-9dad-11d1-80b4-00c04fd430c8',
  result: 'created',
  version: 1,
  timestamp: '2026-08-14T18:31:08.709Z'
}
[32m[2026-08-14T11:31:08.710] [INFO] default - [39mIndexer initialized { index: 'exhibits_index' }
[32m[2026-08-14T11:31:08.710] [INFO] default - [39mRecord indexed successfully {
  index: 'exhibits_index',
  uuid: '550e8400-e29b-41d4-a716-446655440000',
  result: 'created',
  version: 1,
  timestamp: '2026-08-14T18:31:08.710Z'
}
[32m[2026-08-14T11:31:08.710] [INFO] default - [39mIndexer initialized { index: 'exhibits_index' }
[91m[2026-08-14T11:31:08.716] [ERROR] default - [39mERROR: [/indexer/indexer_index_tasks (index_record)] Failed to index record {
  method: 'index_record',
  index: 'exhibits_index',
  uuid: 'invalid-uuid',
  timestamp: '2026-08-14T18:31:08.711Z',
  message: 'Invalid record UUID format: invalid-uuid',
  error_type: 'Error',
  stack: 'Error: Invalid record UUID format: invalid-uuid\n' +
    '    at Indexer_index_tasks._validate_uuid (/Users/fcr/Dropbox/work/workspace/exhibits/exhibits-backend/indexer/tasks/indexer_index_tasks.js:84:19)\n' +
    '    at Indexer_index_tasks.index_record (/Users/fcr/Dropbox/work/workspace/exhibits/exhibits-backend/indexer/tasks/indexer_index_tasks.js:227:39)\n' +
    '    at /Users/fcr/Dropbox/work/workspace/exhibits/exhibits-backend/test/tasks/indexer_index_tasks.test.js:160:47\n' +
    '    at file:///Users/fcr/Dropbox/work/workspace/exhibits/exhibits-backend/node_modules/@vitest/runner/dist/chunk-hooks.js:155:11\n' +
    '    at file:///Users/fcr/Dropbox/work/workspace/exhibits/exhibits-backend/node_modules/@vitest/runner/dist/chunk-hooks.js:752:26\n' +
    '    at file:///Users/fcr/Dropbox/work/workspace/exhibits/exhibits-backend/node_modules/@vitest/runner/dist/chunk-hooks.js:1897:20\n' +
    '    at new Promise (<anonymous>)\n' +
    '    at runWithTimeout (file:///Users/fcr/Dropbox/work/workspace/exhibits/exhibits-backend/node_modules/@vitest/runner/dist/chunk-hooks.js:1863:10)\n' +
    '    at runTest (file:///Users/fcr/Dropbox/work/workspace/exhibits/exhibits-backend/node_modules/@vitest/runner/dist/chunk-hooks.js:1574:12)\n' +
    '    at processTicksAndRejections (node:internal/process/task_queues:104:5)'
}
[32m[2026-08-14T11:31:08.716] [INFO] default - [39mIndexer initialized { index: 'exhibits_index' }
[91m[2026-08-14T11:31:08.717] [ERROR] default - [39mERROR: [/indexer/indexer_index_tasks (index_record)] Failed to index record {
  method: 'index_record',
  index: 'exhibits_index',
  uuid: '550e8400-e29b-41d4-a716',
  timestamp: '2026-08-14T18:31:08.717Z',
  message: 'Invalid record UUID format: 550e8400-e29b-41d4-a716',
  error_type: 'Error',
  stack: 'Error: Invalid record UUID format: 550e8400-e29b-41d4-a716\n' +
    '    at Indexer_index_tasks._validate_uuid (/Users/fcr/Dropbox/work/workspace/exhibits/exhibits-backend/indexer/tasks/indexer_index_tasks.js:84:19)\n' +
    '    at Indexer_index_tasks.index_record (/Users/fcr/Dropbox/work/workspace/exhibits/exhibits-backend/indexer/tasks/indexer_index_tasks.js:227:39)\n' +
    '    at /Users/fcr/Dropbox/work/workspace/exhibits/exhibits-backend/test/tasks/indexer_index_tasks.test.js:169:47\n' +
    '    at file:///Users/fcr/Dropbox/work/workspace/exhibits/exhibits-backend/node_modules/@vitest/runner/dist/chunk-hooks.js:155:11\n' +
    '    at file:///Users/fcr/Dropbox/work/workspace/exhibits/exhibits-backend/node_modules/@vitest/runner/dist/chunk-hooks.js:752:26\n' +
    '    at file:///Users/fcr/Dropbox/work/workspace/exhibits/exhibits-backend/node_modules/@vitest/runner/dist/chunk-hooks.js:1897:20\n' +
    '    at new Promise (<anonymous>)\n' +
    '    at runWithTimeout (file:///Users/fcr/Dropbox/work/workspace/exhibits/exhibits-backend/node_modules/@vitest/runner/dist/chunk-hooks.js:1863:10)\n' +
    '    at runTest (file:///Users/fcr/Dropbox/work/workspace/exhibits/exhibits-backend/node_modules/@vitest/runner/dist/chunk-hooks.js:1574:12)\n' +
    '    at processTicksAndRejections (node:internal/process/task_queues:104:5)'
}
[32m[2026-08-14T11:31:08.717] [INFO] default - [39mIndexer initialized { index: 'exhibits_index' }
[32m[2026-08-14T11:31:08.717] [INFO] default - [39mRecord indexed successfully {
  index: 'exhibits_index',
  uuid: '550e8400-e29b-41d4-a716-446655440000',
  result: 'created',
  version: 1,
  timestamp: '2026-08-14T18:31:08.717Z'
}
[32m[2026-08-14T11:31:08.718] [INFO] default - [39mIndexer initialized { index: 'exhibits_index' }
[91m[2026-08-14T11:31:08.718] [ERROR] default - [39mERROR: [/indexer/indexer_index_tasks (index_record)] Failed to index record {
  method: 'index_record',
  index: 'exhibits_index',
  uuid: undefined,
  timestamp: '2026-08-14T18:31:08.718Z',
  message: 'Record must be a valid object',
  error_type: 'Error',
  stack: 'Error: Record must be a valid object\n' +
    '    at Indexer_index_tasks._validate_record (/Users/fcr/Dropbox/work/workspace/exhibits/exhibits-backend/indexer/tasks/indexer_index_tasks.js:97:19)\n' +
    '    at Indexer_index_tasks.index_record (/Users/fcr/Dropbox/work/workspace/exhibits/exhibits-backend/indexer/tasks/indexer_index_tasks.js:226:18)\n' +
    '    at /Users/fcr/Dropbox/work/workspace/exhibits/exhibits-backend/test/tasks/indexer_index_tasks.test.js:189:47\n' +
    '    at file:///Users/fcr/Dropbox/work/workspace/exhibits/exhibits-backend/node_modules/@vitest/runner/dist/chunk-hooks.js:155:11\n' +
    '    at file:///Users/fcr/Dropbox/work/workspace/exhibits/exhibits-backend/node_modules/@vitest/runner/dist/chunk-hooks.js:752:26\n' +
    '    at file:///Users/fcr/Dropbox/work/workspace/exhibits/exhibits-backend/node_modules/@vitest/runner/dist/chunk-hooks.js:1897:20\n' +
    '    at new Promise (<anonymous>)\n' +
    '    at runWithTimeout (file:///Users/fcr/Dropbox/work/workspace/exhibits/exhibits-backend/node_modules/@vitest/runner/dist/chunk-hooks.js:1863:10)\n' +
    '    at runTest (file:///Users/fcr/Dropbox/work/workspace/exhibits/exhibits-backend/node_modules/@vitest/runner/dist/chunk-hooks.js:1574:12)\n' +
    '    at processTicksAndRejections (node:internal/process/task_queues:104:5)'
}
[32m[2026-08-14T11:31:08.719] [INFO] default - [39mIndexer initialized { index: 'exhibits_index' }
[91m[2026-08-14T11:31:08.719] [ERROR] default - [39mERROR: [/indexer/indexer_index_tasks (index_record)] Failed to index record {
  method: 'index_record',
  index: 'exhibits_index',
  uuid: undefined,
  timestamp: '2026-08-14T18:31:08.719Z',
  message: 'Record must be a valid object',
  error_type: 'Error',
  stack: 'Error: Record must be a valid object\n' +
    '    at Indexer_index_tasks._validate_record (/Users/fcr/Dropbox/work/workspace/exhibits/exhibits-backend/indexer/tasks/indexer_index_tasks.js:97:19)\n' +
    '    at Indexer_index_tasks.index_record (/Users/fcr/Dropbox/work/workspace/exhibits/exhibits-backend/indexer/tasks/indexer_index_tasks.js:226:18)\n' +
    '    at /Users/fcr/Dropbox/work/workspace/exhibits/exhibits-backend/test/tasks/indexer_index_tasks.test.js:196:47\n' +
    '    at file:///Users/fcr/Dropbox/work/workspace/exhibits/exhibits-backend/node_modules/@vitest/runner/dist/chunk-hooks.js:155:11\n' +
    '    at file:///Users/fcr/Dropbox/work/workspace/exhibits/exhibits-backend/node_modules/@vitest/runner/dist/chunk-hooks.js:752:26\n' +
    '    at file:///Users/fcr/Dropbox/work/workspace/exhibits/exhibits-backend/node_modules/@vitest/runner/dist/chunk-hooks.js:1897:20\n' +
    '    at new Promise (<anonymous>)\n' +
    '    at runWithTimeout (file:///Users/fcr/Dropbox/work/workspace/exhibits/exhibits-backend/node_modules/@vitest/runner/dist/chunk-hooks.js:1863:10)\n' +
    '    at runTest (file:///Users/fcr/Dropbox/work/workspace/exhibits/exhibits-backend/node_modules/@vitest/runner/dist/chunk-hooks.js:1574:12)\n' +
    '    at processTicksAndRejections (node:internal/process/task_queues:104:5)'
}
[32m[2026-08-14T11:31:08.720] [INFO] default - [39mIndexer initialized { index: 'exhibits_index' }
[91m[2026-08-14T11:31:08.720] [ERROR] default - [39mERROR: [/indexer/indexer_index_tasks (index_record)] Failed to index record {
  method: 'index_record',
  index: 'exhibits_index',
  uuid: undefined,
  timestamp: '2026-08-14T18:31:08.720Z',
  message: 'Record must be a valid object',
  error_type: 'Error',
  stack: 'Error: Record must be a valid object\n' +
    '    at Indexer_index_tasks._validate_record (/Users/fcr/Dropbox/work/workspace/exhibits/exhibits-backend/indexer/tasks/indexer_index_tasks.js:97:19)\n' +
    '    at Indexer_index_tasks.index_record (/Users/fcr/Dropbox/work/workspace/exhibits/exhibits-backend/indexer/tasks/indexer_index_tasks.js:226:18)\n' +
    '    at /Users/fcr/Dropbox/work/workspace/exhibits/exhibits-backend/test/tasks/indexer_index_tasks.test.js:203:47\n' +
    '    at file:///Users/fcr/Dropbox/work/workspace/exhibits/exhibits-backend/node_modules/@vitest/runner/dist/chunk-hooks.js:155:11\n' +
    '    at file:///Users/fcr/Dropbox/work/workspace/exhibits/exhibits-backend/node_modules/@vitest/runner/dist/chunk-hooks.js:752:26\n' +
    '    at file:///Users/fcr/Dropbox/work/workspace/exhibits/exhibits-backend/node_modules/@vitest/runner/dist/chunk-hooks.js:1897:20\n' +
    '    at new Promise (<anonymous>)\n' +
    '    at runWithTimeout (file:///Users/fcr/Dropbox/work/workspace/exhibits/exhibits-backend/node_modules/@vitest/runner/dist/chunk-hooks.js:1863:10)\n' +
    '    at runTest (file:///Users/fcr/Dropbox/work/workspace/exhibits/exhibits-backend/node_modules/@vitest/runner/dist/chunk-hooks.js:1574:12)\n' +
    '    at processTicksAndRejections (node:internal/process/task_queues:104:5)'
}
[32m[2026-08-14T11:31:08.721] [INFO] default - [39mIndexer initialized { index: 'exhibits_index' }
[91m[2026-08-14T11:31:08.721] [ERROR] default - [39mERROR: [/indexer/indexer_index_tasks (index_record)] Failed to index record {
  method: 'index_record',
  index: 'exhibits_index',
  uuid: undefined,
  timestamp: '2026-08-14T18:31:08.721Z',
  message: 'Record must have a valid UUID',
  error_type: 'Error',
  stack: 'Error: Record must have a valid UUID\n' +
    '    at Indexer_index_tasks._validate_record (/Users/fcr/Dropbox/work/workspace/exhibits/exhibits-backend/indexer/tasks/indexer_index_tasks.js:101:19)\n' +
    '    at Indexer_index_tasks.index_record (/Users/fcr/Dropbox/work/workspace/exhibits/exhibits-backend/indexer/tasks/indexer_index_tasks.js:226:18)\n' +
    '    at /Users/fcr/Dropbox/work/workspace/exhibits/exhibits-backend/test/tasks/indexer_index_tasks.test.js:210:47\n' +
    '    at file:///Users/fcr/Dropbox/work/workspace/exhibits/exhibits-backend/node_modules/@vitest/runner/dist/chunk-hooks.js:155:11\n' +
    '    at file:///Users/fcr/Dropbox/work/workspace/exhibits/exhibits-backend/node_modules/@vitest/runner/dist/chunk-hooks.js:752:26\n' +
    '    at file:///Users/fcr/Dropbox/work/workspace/exhibits/exhibits-backend/node_modules/@vitest/runner/dist/chunk-hooks.js:1897:20\n' +
    '    at new Promise (<anonymous>)\n' +
    '    at runWithTimeout (file:///Users/fcr/Dropbox/work/workspace/exhibits/exhibits-backend/node_modules/@vitest/runner/dist/chunk-hooks.js:1863:10)\n' +
    '    at runTest (file:///Users/fcr/Dropbox/work/workspace/exhibits/exhibits-backend/node_modules/@vitest/runner/dist/chunk-hooks.js:1574:12)\n' +
    '    at processTicksAndRejections (node:internal/process/task_queues:104:5)'
}
[32m[2026-08-14T11:31:08.721] [INFO] default - [39mIndexer initialized { index: 'exhibits_index' }
[91m[2026-08-14T11:31:08.723] [ERROR] default - [39mERROR: [/indexer/indexer_index_tasks (index_record)] Failed to index record {
  method: 'index_record',
  index: 'exhibits_index',
  uuid: '',
  timestamp: '2026-08-14T18:31:08.723Z',
  message: 'Record must have a valid UUID',
  error_type: 'Error',
  stack: 'Error: Record must have a valid UUID\n' +
    '    at Indexer_index_tasks._validate_record (/Users/fcr/Dropbox/work/workspace/exhibits/exhibits-backend/indexer/tasks/indexer_index_tasks.js:101:19)\n' +
    '    at Indexer_index_tasks.index_record (/Users/fcr/Dropbox/work/workspace/exhibits/exhibits-backend/indexer/tasks/indexer_index_tasks.js:226:18)\n' +
    '    at /Users/fcr/Dropbox/work/workspace/exhibits/exhibits-backend/test/tasks/indexer_index_tasks.test.js:217:47\n' +
    '    at file:///Users/fcr/Dropbox/work/workspace/exhibits/exhibits-backend/node_modules/@vitest/runner/dist/chunk-hooks.js:155:11\n' +
    '    at file:///Users/fcr/Dropbox/work/workspace/exhibits/exhibits-backend/node_modules/@vitest/runner/dist/chunk-hooks.js:752:26\n' +
    '    at file:///Users/fcr/Dropbox/work/workspace/exhibits/exhibits-backend/node_modules/@vitest/runner/dist/chunk-hooks.js:1897:20\n' +
    '    at new Promise (<anonymous>)\n' +
    '    at runWithTimeout (file:///Users/fcr/Dropbox/work/workspace/exhibits/exhibits-backend/node_modules/@vitest/runner/dist/chunk-hooks.js:1863:10)\n' +
    '    at runTest (file:///Users/fcr/Dropbox/work/workspace/exhibits/exhibits-backend/node_modules/@vitest/runner/dist/chunk-hooks.js:1574:12)\n' +
    '    at processTicksAndRejections (node:internal/process/task_queues:104:5)'
}
[32m[2026-08-14T11:31:08.723] [INFO] default - [39mIndexer initialized { index: 'exhibits_index' }
[91m[2026-08-14T11:31:08.724] [ERROR] default - [39mERROR: [/indexer/indexer_index_tasks (index_record)] Failed to index record {
  method: 'index_record',
  index: 'exhibits_index',
  uuid: '   ',
  timestamp: '2026-08-14T18:31:08.723Z',
  message: 'Record must have a valid UUID',
  error_type: 'Error',
  stack: 'Error: Record must have a valid UUID\n' +
    '    at Indexer_index_tasks._validate_record (/Users/fcr/Dropbox/work/workspace/exhibits/exhibits-backend/indexer/tasks/indexer_index_tasks.js:101:19)\n' +
    '    at Indexer_index_tasks.index_record (/Users/fcr/Dropbox/work/workspace/exhibits/exhibits-backend/indexer/tasks/indexer_index_tasks.js:226:18)\n' +
    '    at /Users/fcr/Dropbox/work/workspace/exhibits/exhibits-backend/test/tasks/indexer_index_tasks.test.js:224:47\n' +
    '    at file:///Users/fcr/Dropbox/work/workspace/exhibits/exhibits-backend/node_modules/@vitest/runner/dist/chunk-hooks.js:155:11\n' +
    '    at file:///Users/fcr/Dropbox/work/workspace/exhibits/exhibits-backend/node_modules/@vitest/runner/dist/chunk-hooks.js:752:26\n' +
    '    at file:///Users/fcr/Dropbox/work/workspace/exhibits/exhibits-backend/node_modules/@vitest/runner/dist/chunk-hooks.js:1897:20\n' +
    '    at new Promise (<anonymous>)\n' +
    '    at runWithTimeout (file:///Users/fcr/Dropbox/work/workspace/exhibits/exhibits-backend/node_modules/@vitest/runner/dist/chunk-hooks.js:1863:10)\n' +
    '    at runTest (file:///Users/fcr/Dropbox/work/workspace/exhibits/exhibits-backend/node_modules/@vitest/runner/dist/chunk-hooks.js:1574:12)\n' +
    '    at processTicksAndRejections (node:internal/process/task_queues:104:5)'
}
[32m[2026-08-14T11:31:08.724] [INFO] default - [39mIndexer initialized { index: 'exhibits_index' }
[32m[2026-08-14T11:31:08.724] [INFO] default - [39mRecord indexed successfully {
  index: 'exhibits_index',
  uuid: '550e8400-e29b-41d4-a716-446655440000',
  result: 'created',
  version: 1,
  timestamp: '2026-08-14T18:31:08.724Z'
}
[32m[2026-08-14T11:31:08.724] [INFO] default - [39mIndexer initialized { index: 'exhibits_index' }
[33m[2026-08-14T11:31:08.747] [WARN] default - [39mInvalid fields ignored { fields: [ 'invalid_field' ] }
[33m[2026-08-14T11:31:08.751] [WARN] default - [39mInvalid fields ignored { fields: [ 'invalid_field' ] }
[33m[2026-08-14T11:31:08.758] [WARN] default - [39mInvalid fields ignored { fields: [ 'invalid_field' ] }
[32m[2026-08-14T11:31:08.760] [INFO] default - [39mHeading record count retrieved {
  is_member_of_exhibit: '550e8400-e29b-41d4-a716-446655440000',
  count: 5,
  timestamp: '2026-08-14T18:31:08.760Z'
}
[32m[2026-08-14T11:31:08.761] [INFO] default - [39mHeading record count retrieved {
  is_member_of_exhibit: '550e8400-e29b-41d4-a716-446655440000',
  count: 0,
  timestamp: '2026-08-14T18:31:08.761Z'
}
[33m[2026-08-14T11:31:08.761] [WARN] default - [39mDangerous property skipped { key: 'constructor' }
[32m[2026-08-14T11:31:08.761] [INFO] default - [39mHeading record count retrieved {
  is_member_of_exhibit: '550e8400-e29b-41d4-a716-446655440000',
  count: 0,
  timestamp: '2026-08-14T18:31:08.761Z'
}
[33m[2026-08-14T11:31:08.762] [WARN] default - [39mDangerous property skipped { key: 'prototype' }
[33m[2026-08-14T11:31:08.762] [WARN] default - [39mInvalid fields ignored { fields: [ 'invalid1', 'invalid2' ] }
[91m[2026-08-14T11:31:08.765] [ERROR] default - [39mFailed to get record count {
  method: 'get_record_count',
  uuid: 'invalid',
  timestamp: '2026-08-14T18:31:08.762Z',
  message: 'Invalid exhibit UUID format',
  stack: 'Error: Invalid exhibit UUID format\n' +
    '    at Exhibit_heading_record_tasks._validate_uuid (/Users/fcr/Dropbox/work/workspace/exhibits/exhibits-backend/exhibits/tasks/tasks_helper.js:77:19)\n' +
    '    at Exhibit_heading_record_tasks.get_record_count (/Users/fcr/Dropbox/work/workspace/exhibits/exhibits-backend/exhibits/tasks/exhibit_heading_record_tasks.js:437:39)\n' +
    '    at /Users/fcr/Dropbox/work/workspace/exhibits/exhibits-backend/test/tasks/exhibit_heading_record_tasks.test.js:358:39\n' +
    '    at file:///Users/fcr/Dropbox/work/workspace/exhibits/exhibits-backend/node_modules/@vitest/runner/dist/chunk-hooks.js:155:11\n' +
    '    at file:///Users/fcr/Dropbox/work/workspace/exhibits/exhibits-backend/node_modules/@vitest/runner/dist/chunk-hooks.js:752:26\n' +
    '    at file:///Users/fcr/Dropbox/work/workspace/exhibits/exhibits-backend/node_modules/@vitest/runner/dist/chunk-hooks.js:1897:20\n' +
    '    at new Promise (<anonymous>)\n' +
    '    at runWithTimeout (file:///Users/fcr/Dropbox/work/workspace/exhibits/exhibits-backend/node_modules/@vitest/runner/dist/chunk-hooks.js:1863:10)\n' +
    '    at runTest (file:///Users/fcr/Dropbox/work/workspace/exhibits/exhibits-backend/node_modules/@vitest/runner/dist/chunk-hooks.js:1574:12)\n' +
    '    at processTicksAndRejections (node:internal/process/task_queues:104:5)'
}
[33m[2026-08-14T11:31:08.764] [WARN] default - [39mInvalid fields ignored in update { invalid_fields: [ 'invalid_field' ] }
[33m[2026-08-14T11:31:08.769] [WARN] default - [39mInvalid fields ignored in update { invalid_fields: [ 'invalid_field', 'another_invalid' ] }
[32m[2026-08-14T11:31:08.770] [INFO] default - [39mHeading record updated successfully {
  uuid: '660e8400-e29b-41d4-a716-446655440000',
  fields_updated: [ 'text' ],
  affected_rows: 1,
  updated_by: null,
  timestamp: '2026-08-14T18:31:08.770Z'
}
[33m[2026-08-14T11:31:08.771] [WARN] default - [39mInvalid fields ignored { fields: [ 'invalid_only' ] }
[91m[2026-08-14T11:31:08.774] [ERROR] default - [39mFailed to update heading record {
  method: 'update_heading_record',
  uuid: '660e8400-e29b-41d4-a716-446655440000',
  updated_by: null,
  timestamp: '2026-08-14T18:31:08.774Z',
  message: 'Heading record not found',
  stack: 'Error: Heading record not found\n' +
    '    at Exhibit_heading_record_tasks.update_heading_record (/Users/fcr/Dropbox/work/workspace/exhibits/exhibits-backend/exhibits/tasks/exhibit_heading_record_tasks.js:383:23)\n' +
    '    at processTicksAndRejections (node:internal/process/task_queues:104:5)'
}
[91m[2026-08-14T11:31:08.773] [ERROR] default - [39mFailed to test method {
  method: 'test_method',
  uuid: 'test',
  timestamp: '2026-08-14T18:31:08.765Z',
  message: 'Test error',
  stack: 'Error: Test error\n' +
    '    at /Users/fcr/Dropbox/work/workspace/exhibits/exhibits-backend/test/tasks/exhibit_timeline_record_tasks.test.js:382:27\n' +
    '    at file:///Users/fcr/Dropbox/work/workspace/exhibits/exhibits-backend/node_modules/@vitest/runner/dist/chunk-hooks.js:155:11\n' +
    '    at file:///Users/fcr/Dropbox/work/workspace/exhibits/exhibits-backend/node_modules/@vitest/runner/dist/chunk-hooks.js:752:26\n' +
    '    at file:///Users/fcr/Dropbox/work/workspace/exhibits/exhibits-backend/node_modules/@vitest/runner/dist/chunk-hooks.js:1897:20\n' +
    '    at new Promise (<anonymous>)\n' +
    '    at runWithTimeout (file:///Users/fcr/Dropbox/work/workspace/exhibits/exhibits-backend/node_modules/@vitest/runner/dist/chunk-hooks.js:1863:10)\n' +
    '    at runTest (file:///Users/fcr/Dropbox/work/workspace/exhibits/exhibits-backend/node_modules/@vitest/runner/dist/chunk-hooks.js:1574:12)\n' +
    '    at processTicksAndRejections (node:internal/process/task_queues:104:5)\n' +
    '    at runSuite (file:///Users/fcr/Dropbox/work/workspace/exhibits/exhibits-backend/node_modules/@vitest/runner/dist/chunk-hooks.js:1729:8)\n' +
    '    at runSuite (file:///Users/fcr/Dropbox/work/workspace/exhibits/exhibits-backend/node_modules/@vitest/runner/dist/chunk-hooks.js:1729:8)'
}
[91m[2026-08-14T11:31:08.777] [ERROR] default - [39mFailed to update heading record {
  method: 'update_heading_record',
  uuid: '660e8400-e29b-41d4-a716-446655440000',
  updated_by: null,
  timestamp: '2026-08-14T18:31:08.777Z',
  message: 'Cannot update deleted heading record',
  stack: 'Error: Cannot update deleted heading record\n' +
    '    at Exhibit_heading_record_tasks.update_heading_record (/Users/fcr/Dropbox/work/workspace/exhibits/exhibits-backend/exhibits/tasks/exhibit_heading_record_tasks.js:387:23)\n' +
    '    at processTicksAndRejections (node:internal/process/task_queues:104:5)'
}
[32m[2026-08-14T11:31:08.784] [INFO] default - [39mHeading record updated successfully {
  uuid: '660e8400-e29b-41d4-a716-446655440000',
  fields_updated: [ 'text', 'updated_by' ],
  affected_rows: 1,
  updated_by: 'user123',
  timestamp: '2026-08-14T18:31:08.784Z'
}
[32m[2026-08-14T11:31:08.784] [INFO] default - [39mItem record created successfully {
  uuid: '660e8400-e29b-41d4-a716-446655440000',
  item_type: 'item',
  created_by: 'user123',
  timestamp: '2026-08-14T18:31:08.784Z'
}
[32m[2026-08-14T11:31:08.785] [INFO] default - [39mHeading records published {
  exhibit_uuid: '550e8400-e29b-41d4-a716-446655440000',
  affected_rows: 2,
  timestamp: '2026-08-14T18:31:08.785Z'
}
[91m[2026-08-14T11:31:08.791] [ERROR] default - [39mFailed to publish heading records: DB Error
[32m[2026-08-14T11:31:08.799] [INFO] default - [39mHeading records published {
  exhibit_uuid: '550e8400-e29b-41d4-a716-446655440000',
  affected_rows: 1,
  timestamp: '2026-08-14T18:31:08.799Z'
}
[91m[2026-08-14T11:31:08.791] [ERROR] default - [39mFailed to create item record {
  method: 'create_item_record',
  uuid: undefined,
  created_by: null,
  timestamp: '2026-08-14T18:31:08.786Z',
  message: 'Invalid item UUID format',
  stack: 'Error: Invalid item UUID format\n' +
    '    at Exhibit_item_record_tasks._validate_uuid (/Users/fcr/Dropbox/work/workspace/exhibits/exhibits-backend/exhibits/tasks/tasks_helper.js:77:19)\n' +
    '    at Exhibit_item_record_tasks._validate_uuids (/Users/fcr/Dropbox/work/workspace/exhibits/exhibits-backend/exhibits/tasks/tasks_helper.js:92:36)\n' +
    '    at Exhibit_item_record_tasks.create_item_record (/Users/fcr/Dropbox/work/workspace/exhibits/exhibits-backend/exhibits/tasks/exhibit_item_record_tasks.js:122:36)\n' +
    '    at /Users/fcr/Dropbox/work/workspace/exhibits/exhibits-backend/test/tasks/exhibit_item_record_tasks.test.js:465:36\n' +
    '    at file:///Users/fcr/Dropbox/work/workspace/exhibits/exhibits-backend/node_modules/@vitest/runner/dist/chunk-hooks.js:155:11\n' +
    '    at file:///Users/fcr/Dropbox/work/workspace/exhibits/exhibits-backend/node_modules/@vitest/runner/dist/chunk-hooks.js:752:26\n' +
    '    at file:///Users/fcr/Dropbox/work/workspace/exhibits/exhibits-backend/node_modules/@vitest/runner/dist/chunk-hooks.js:1897:20\n' +
    '    at new Promise (<anonymous>)\n' +
    '    at runWithTimeout (file:///Users/fcr/Dropbox/work/workspace/exhibits/exhibits-backend/node_modules/@vitest/runner/dist/chunk-hooks.js:1863:10)\n' +
    '    at runTest (file:///Users/fcr/Dropbox/work/workspace/exhibits/exhibits-backend/node_modules/@vitest/runner/dist/chunk-hooks.js:1574:12)'
}
[91m[2026-08-14T11:31:08.794] [ERROR] default - [39mFailed to create item record {
  method: 'create_item_record',
  uuid: '660e8400-e29b-41d4-a716-446655440000',
  created_by: null,
  timestamp: '2026-08-14T18:31:08.793Z',
  message: 'Invalid exhibit UUID format',
  stack: 'Error: Invalid exhibit UUID format\n' +
    '    at Exhibit_item_record_tasks._validate_uuid (/Users/fcr/Dropbox/work/workspace/exhibits/exhibits-backend/exhibits/tasks/tasks_helper.js:77:19)\n' +
    '    at Exhibit_item_record_tasks._validate_uuids (/Users/fcr/Dropbox/work/workspace/exhibits/exhibits-backend/exhibits/tasks/tasks_helper.js:92:36)\n' +
    '    at Exhibit_item_record_tasks.create_item_record (/Users/fcr/Dropbox/work/workspace/exhibits/exhibits-backend/exhibits/tasks/exhibit_item_record_tasks.js:122:36)\n' +
    '    at /Users/fcr/Dropbox/work/workspace/exhibits/exhibits-backend/test/tasks/exhibit_item_record_tasks.test.js:476:36\n' +
    '    at file:///Users/fcr/Dropbox/work/workspace/exhibits/exhibits-backend/node_modules/@vitest/runner/dist/chunk-hooks.js:155:11\n' +
    '    at file:///Users/fcr/Dropbox/work/workspace/exhibits/exhibits-backend/node_modules/@vitest/runner/dist/chunk-hooks.js:752:26\n' +
    '    at file:///Users/fcr/Dropbox/work/workspace/exhibits/exhibits-backend/node_modules/@vitest/runner/dist/chunk-hooks.js:1897:20\n' +
    '    at new Promise (<anonymous>)\n' +
    '    at runWithTimeout (file:///Users/fcr/Dropbox/work/workspace/exhibits/exhibits-backend/node_modules/@vitest/runner/dist/chunk-hooks.js:1863:10)\n' +
    '    at runTest (file:///Users/fcr/Dropbox/work/workspace/exhibits/exhibits-backend/node_modules/@vitest/runner/dist/chunk-hooks.js:1574:12)'
}
[91m[2026-08-14T11:31:08.795] [ERROR] default - [39mFailed to create item record {
  method: 'create_item_record',
  uuid: '660e8400-e29b-41d4-a716-446655440000',
  created_by: null,
  timestamp: '2026-08-14T18:31:08.795Z',
  message: 'Valid item_type is required',
  stack: 'Error: Valid item_type is required\n' +
    '    at Exhibit_item_record_tasks._validate_string (/Users/fcr/Dropbox/work/workspace/exhibits/exhibits-backend/exhibits/tasks/tasks_helper.js:106:19)\n' +
    '    at Exhibit_item_record_tasks.create_item_record (/Users/fcr/Dropbox/work/workspace/exhibits/exhibits-backend/exhibits/tasks/exhibit_item_record_tasks.js:127:18)\n' +
    '    at /Users/fcr/Dropbox/work/workspace/exhibits/exhibits-backend/test/tasks/exhibit_item_record_tasks.test.js:487:36\n' +
    '    at file:///Users/fcr/Dropbox/work/workspace/exhibits/exhibits-backend/node_modules/@vitest/runner/dist/chunk-hooks.js:155:11\n' +
    '    at file:///Users/fcr/Dropbox/work/workspace/exhibits/exhibits-backend/node_modules/@vitest/runner/dist/chunk-hooks.js:752:26\n' +
    '    at file:///Users/fcr/Dropbox/work/workspace/exhibits/exhibits-backend/node_modules/@vitest/runner/dist/chunk-hooks.js:1897:20\n' +
    '    at new Promise (<anonymous>)\n' +
    '    at runWithTimeout (file:///Users/fcr/Dropbox/work/workspace/exhibits/exhibits-backend/node_modules/@vitest/runner/dist/chunk-hooks.js:1863:10)\n' +
    '    at runTest (file:///Users/fcr/Dropbox/work/workspace/exhibits/exhibits-backend/node_modules/@vitest/runner/dist/chunk-hooks.js:1574:12)\n' +
    '    at processTicksAndRejections (node:internal/process/task_queues:104:5)'
}
[32m[2026-08-14T11:31:08.797] [INFO] default - [39mItem record created successfully {
  uuid: '660e8400-e29b-41d4-a716-446655440000',
  item_type: 'item',
  created_by: null,
  timestamp: '2026-08-14T18:31:08.797Z'
}
[91m[2026-08-14T11:31:08.799] [ERROR] default - [39mFailed to get record count: DB Error
[91m[2026-08-14T11:31:08.802] [ERROR] default - [39mFailed to get record count: Invalid exhibit UUID format
 ✓ test/tasks/process_handlers.test.js > process_handlers — unhandledRejection > logs an Error reason (with stack) and does not exit the process 6ms
 ✓ test/tasks/process_handlers.test.js > process_handlers — unhandledRejection > logs a non-Error reason as a string 1ms
 ✓ test/tasks/process_handlers.test.js > process_handlers — uncaughtException > logs FATAL, runs cleanup, then exits(1) once 13ms
 ✓ test/tasks/process_handlers.test.js > process_handlers — uncaughtException > still exits(1) when cleanup rejects 13ms
 ✓ test/tasks/process_handlers.test.js > process_handlers — uncaughtException > exits via the timeout fallback when cleanup hangs, and only once 63ms
[32m[2026-08-14T11:31:08.804] [INFO] default - [39mHeading record published {
  uuid: '660e8400-e29b-41d4-a716-446655440000',
  affected_rows: 1,
  timestamp: '2026-08-14T18:31:08.804Z'
}
[91m[2026-08-14T11:31:08.805] [ERROR] default - [39mFailed to publish heading record: DB Error
[91m[2026-08-14T11:31:08.805] [ERROR] default - [39mFailed to publish heading record: No heading_records record found or updated
[32m[2026-08-14T11:31:08.806] [INFO] default - [39mHeading records suppressed {
  exhibit_uuid: '550e8400-e29b-41d4-a716-446655440000',
  affected_rows: 2,
  timestamp: '2026-08-14T18:31:08.806Z'
}
[32m[2026-08-14T11:31:08.806] [INFO] default - [39mTimeline is_published set {
  exhibit_uuid: '550e8400-e29b-41d4-a716-446655440000',
  affected_rows: 2,
  timestamp: '2026-08-14T18:31:08.806Z'
}
[91m[2026-08-14T11:31:08.807] [ERROR] default - [39mFailed to suppress heading records: DB Error
[32m[2026-08-14T11:31:08.807] [INFO] default - [39mHeading record suppressed {
  uuid: '660e8400-e29b-41d4-a716-446655440000',
  affected_rows: 1,
  timestamp: '2026-08-14T18:31:08.807Z'
}
[91m[2026-08-14T11:31:08.807] [ERROR] default - [39mFailed to set to publish {
  method: 'set_to_publish',
  uuid: 'invalid',
  timestamp: '2026-08-14T18:31:08.807Z',
  message: 'Invalid exhibit UUID format',
  stack: 'Error: Invalid exhibit UUID format\n' +
    '    at Exhibit_timeline_record_tasks._validate_uuid (/Users/fcr/Dropbox/work/workspace/exhibits/exhibits-backend/exhibits/tasks/tasks_helper.js:77:19)\n' +
    '    at Exhibit_timeline_record_tasks.set_to_publish (/Users/fcr/Dropbox/work/workspace/exhibits/exhibits-backend/exhibits/tasks/exhibit_timeline_record_tasks.js:1036:39)\n' +
    '    at /Users/fcr/Dropbox/work/workspace/exhibits/exhibits-backend/test/tasks/exhibit_timeline_record_tasks.test.js:528:44\n' +
    '    at file:///Users/fcr/Dropbox/work/workspace/exhibits/exhibits-backend/node_modules/@vitest/runner/dist/chunk-hooks.js:155:11\n' +
    '    at file:///Users/fcr/Dropbox/work/workspace/exhibits/exhibits-backend/node_modules/@vitest/runner/dist/chunk-hooks.js:752:26\n' +
    '    at file:///Users/fcr/Dropbox/work/workspace/exhibits/exhibits-backend/node_modules/@vitest/runner/dist/chunk-hooks.js:1897:20\n' +
    '    at new Promise (<anonymous>)\n' +
    '    at runWithTimeout (file:///Users/fcr/Dropbox/work/workspace/exhibits/exhibits-backend/node_modules/@vitest/runner/dist/chunk-hooks.js:1863:10)\n' +
    '    at runTest (file:///Users/fcr/Dropbox/work/workspace/exhibits/exhibits-backend/node_modules/@vitest/runner/dist/chunk-hooks.js:1574:12)\n' +
    '    at processTicksAndRejections (node:internal/process/task_queues:104:5)'
}
[91m[2026-08-14T11:31:08.808] [ERROR] default - [39mFailed to suppress heading record: DB Error
[32m[2026-08-14T11:31:08.808] [INFO] default - [39mTimeline is_published set {
  timeline_uuid: '660e8400-e29b-41d4-a716-446655440001',
  affected_rows: 1,
  timestamp: '2026-08-14T18:31:08.808Z'
}
[32m[2026-08-14T11:31:08.808] [INFO] default - [39mItem records published {
  exhibit_uuid: '550e8400-e29b-41d4-a716-446655440000',
  affected_rows: 2,
  timestamp: '2026-08-14T18:31:08.808Z'
}
[32m[2026-08-14T11:31:08.809] [INFO] default - [39mTimeline item is_published set {
  item_uuid: '770e8400-e29b-41d4-a716-446655440002',
  affected_rows: 1,
  timestamp: '2026-08-14T18:31:08.809Z'
}
[32m[2026-08-14T11:31:08.810] [INFO] default - [39mTimeline items is_published set {
  timeline_uuid: '660e8400-e29b-41d4-a716-446655440001',
  affected_rows: 3,
  timestamp: '2026-08-14T18:31:08.810Z'
}
[91m[2026-08-14T11:31:08.809] [ERROR] default - [39mFailed to publish item records: DB Error
[32m[2026-08-14T11:31:08.810] [INFO] default - [39mItem record published {
  uuid: '660e8400-e29b-41d4-a716-446655440000',
  affected_rows: 1,
  timestamp: '2026-08-14T18:31:08.810Z'
}
[91m[2026-08-14T11:31:08.810] [ERROR] default - [39mFailed to suppress heading record: No heading_records record found or updated
[32m[2026-08-14T11:31:08.811] [INFO] default - [39mHeading reordered {
  exhibit_uuid: '550e8400-e29b-41d4-a716-446655440000',
  uuid: '660e8400-e29b-41d4-a716-446655440000',
  order: 5,
  timestamp: '2026-08-14T18:31:08.811Z'
}
[32m[2026-08-14T11:31:08.811] [INFO] default - [39mHeading reordered {
  exhibit_uuid: '550e8400-e29b-41d4-a716-446655440000',
  uuid: '660e8400-e29b-41d4-a716-446655440000',
  order: 0,
  timestamp: '2026-08-14T18:31:08.811Z'
}
[91m[2026-08-14T11:31:08.811] [ERROR] default - [39mFailed to publish item record: DB Error
[91m[2026-08-14T11:31:08.812] [ERROR] default - [39mFailed to publish item record: No item_records record found or updated
[91m[2026-08-14T11:31:08.812] [ERROR] default - [39mFailed to reorder heading: DB Error
[32m[2026-08-14T11:31:08.812] [INFO] default - [39mItem records suppressed {
  exhibit_uuid: '550e8400-e29b-41d4-a716-446655440000',
  affected_rows: 2,
  timestamp: '2026-08-14T18:31:08.812Z'
}
[91m[2026-08-14T11:31:08.813] [ERROR] default - [39mFailed to reorder heading: Invalid exhibit UUID format
[91m[2026-08-14T11:31:08.813] [ERROR] default - [39mFailed to reorder heading: Valid item object is required
[91m[2026-08-14T11:31:08.813] [ERROR] default - [39mFailed to suppress item records: DB Error
[32m[2026-08-14T11:31:08.813] [INFO] default - [39mItem record suppressed {
  uuid: '660e8400-e29b-41d4-a716-446655440000',
  affected_rows: 1,
  timestamp: '2026-08-14T18:31:08.813Z'
}
[91m[2026-08-14T11:31:08.814] [ERROR] default - [39mFailed to reorder heading: Item must have uuid and order properties
[91m[2026-08-14T11:31:08.814] [ERROR] default - [39mFailed to suppress item record: DB Error
[91m[2026-08-14T11:31:08.815] [ERROR] default - [39mFailed to suppress item record: No item_records record found or updated
[32m[2026-08-14T11:31:08.815] [INFO] default - [39mTimeline is_published suppressed {
  exhibit_uuid: '550e8400-e29b-41d4-a716-446655440000',
  affected_rows: 2,
  timestamp: '2026-08-14T18:31:08.815Z'
}
[32m[2026-08-14T11:31:08.816] [INFO] default - [39mItem reordered {
  exhibit_uuid: '550e8400-e29b-41d4-a716-446655440000',
  uuid: '660e8400-e29b-41d4-a716-446655440000',
  order: 5,
  timestamp: '2026-08-14T18:31:08.816Z'
}
[91m[2026-08-14T11:31:08.816] [ERROR] default - [39mERROR: [/indexer/indexer_index_tasks (index_record)] Failed to index record {
  method: 'index_record',
  index: 'exhibits_index',
  uuid: '550e8400-e29b-41d4-a716-446655440000',
  timestamp: '2026-08-14T18:31:08.815Z',
  message: 'Record contains non-serializable data: Converting circular structure to JSON\n' +
    "    --> starting at object with constructor 'Object'\n" +
    "    --- property 'circular' closes the circle",
  error_type: 'Error',
  stack: 'Error: Record contains non-serializable data: Converting circular structure to JSON\n' +
    "    --> starting at object with constructor 'Object'\n" +
    "    --- property 'circular' closes the circle\n" +
    '    at Indexer_index_tasks._sanitize_record (/Users/fcr/Dropbox/work/workspace/exhibits/exhibits-backend/indexer/tasks/indexer_index_tasks.js:118:19)\n' +
    '    at Indexer_index_tasks.index_record (/Users/fcr/Dropbox/work/workspace/exhibits/exhibits-backend/indexer/tasks/indexer_index_tasks.js:230:43)\n' +
    '    at /Users/fcr/Dropbox/work/workspace/exhibits/exhibits-backend/test/tasks/indexer_index_tasks.test.js:248:47\n' +
    '    at file:///Users/fcr/Dropbox/work/workspace/exhibits/exhibits-backend/node_modules/@vitest/runner/dist/chunk-hooks.js:155:11\n' +
    '    at file:///Users/fcr/Dropbox/work/workspace/exhibits/exhibits-backend/node_modules/@vitest/runner/dist/chunk-hooks.js:752:26\n' +
    '    at file:///Users/fcr/Dropbox/work/workspace/exhibits/exhibits-backend/node_modules/@vitest/runner/dist/chunk-hooks.js:1897:20\n' +
    '    at new Promise (<anonymous>)\n' +
    '    at runWithTimeout (file:///Users/fcr/Dropbox/work/workspace/exhibits/exhibits-backend/node_modules/@vitest/runner/dist/chunk-hooks.js:1863:10)\n' +
    '    at runTest (file:///Users/fcr/Dropbox/work/workspace/exhibits/exhibits-backend/node_modules/@vitest/runner/dist/chunk-hooks.js:1574:12)\n' +
    '    at processTicksAndRejections (node:internal/process/task_queues:104:5)'
}
[91m[2026-08-14T11:31:08.816] [ERROR] default - [39mFailed to test method {
  method: 'test_method',
  uuid: 'test',
  timestamp: '2026-08-14T18:31:08.816Z',
  message: 'Test error',
  stack: 'Error: Test error\n' +
    '    at /Users/fcr/Dropbox/work/workspace/exhibits/exhibits-backend/test/tasks/exhibit_heading_record_tasks.test.js:643:27\n' +
    '    at file:///Users/fcr/Dropbox/work/workspace/exhibits/exhibits-backend/node_modules/@vitest/runner/dist/chunk-hooks.js:155:11\n' +
    '    at file:///Users/fcr/Dropbox/work/workspace/exhibits/exhibits-backend/node_modules/@vitest/runner/dist/chunk-hooks.js:752:26\n' +
    '    at file:///Users/fcr/Dropbox/work/workspace/exhibits/exhibits-backend/node_modules/@vitest/runner/dist/chunk-hooks.js:1897:20\n' +
    '    at new Promise (<anonymous>)\n' +
    '    at runWithTimeout (file:///Users/fcr/Dropbox/work/workspace/exhibits/exhibits-backend/node_modules/@vitest/runner/dist/chunk-hooks.js:1863:10)\n' +
    '    at runTest (file:///Users/fcr/Dropbox/work/workspace/exhibits/exhibits-backend/node_modules/@vitest/runner/dist/chunk-hooks.js:1574:12)\n' +
    '    at processTicksAndRejections (node:internal/process/task_queues:104:5)\n' +
    '    at runSuite (file:///Users/fcr/Dropbox/work/workspace/exhibits/exhibits-backend/node_modules/@vitest/runner/dist/chunk-hooks.js:1729:8)\n' +
    '    at runSuite (file:///Users/fcr/Dropbox/work/workspace/exhibits/exhibits-backend/node_modules/@vitest/runner/dist/chunk-hooks.js:1729:8)'
}
[91m[2026-08-14T11:31:08.817] [ERROR] default - [39mFailed to reorder item: DB Error
[91m[2026-08-14T11:31:08.817] [ERROR] default - [39mFailed to reorder item: Invalid exhibit UUID format
[91m[2026-08-14T11:31:08.818] [ERROR] default - [39mFailed to reorder item: Valid item object is required
[32m[2026-08-14T11:31:08.817] [INFO] default - [39mIndexer initialized { index: 'exhibits_index' }
[32m[2026-08-14T11:31:08.817] [INFO] default - [39mRecord indexed successfully {
  index: 'exhibits_index',
  uuid: '550e8400-e29b-41d4-a716-446655440000',
  result: 'created',
  version: 1,
  timestamp: '2026-08-14T18:31:08.817Z'
}
[32m[2026-08-14T11:31:08.817] [INFO] default - [39mIndexer initialized { index: 'exhibits_index' }
[32m[2026-08-14T11:31:08.818] [INFO] default - [39mRecord indexed successfully {
  index: 'exhibits_index',
  uuid: '550e8400-e29b-41d4-a716-446655440000',
  result: 'created',
  version: 1,
  timestamp: '2026-08-14T18:31:08.818Z'
}
[32m[2026-08-14T11:31:08.819] [INFO] default - [39mIndexer initialized { index: 'exhibits_index' }
[91m[2026-08-14T11:31:08.818] [ERROR] default - [39mFailed to get record count {
  method: 'get_record_count',
  uuid: '550e8400-e29b-41d4-a716-446655440000',
  timestamp: '2026-08-14T18:31:08.818Z',
  message: 'Database connection is not available',
  stack: 'Error: Database connection is not available\n' +
    '    at Exhibit_heading_record_tasks._validate_database (/Users/fcr/Dropbox/work/workspace/exhibits/exhibits-backend/exhibits/tasks/tasks_helper.js:47:19)\n' +
    '    at Exhibit_heading_record_tasks.get_record_count (/Users/fcr/Dropbox/work/workspace/exhibits/exhibits-backend/exhibits/tasks/exhibit_heading_record_tasks.js:434:18)\n' +
    '    at /Users/fcr/Dropbox/work/workspace/exhibits/exhibits-backend/test/tasks/exhibit_heading_record_tasks.test.js:651:39\n' +
    '    at file:///Users/fcr/Dropbox/work/workspace/exhibits/exhibits-backend/node_modules/@vitest/runner/dist/chunk-hooks.js:155:11\n' +
    '    at file:///Users/fcr/Dropbox/work/workspace/exhibits/exhibits-backend/node_modules/@vitest/runner/dist/chunk-hooks.js:752:26\n' +
    '    at file:///Users/fcr/Dropbox/work/workspace/exhibits/exhibits-backend/node_modules/@vitest/runner/dist/chunk-hooks.js:1897:20\n' +
    '    at new Promise (<anonymous>)\n' +
    '    at runWithTimeout (file:///Users/fcr/Dropbox/work/workspace/exhibits/exhibits-backend/node_modules/@vitest/runner/dist/chunk-hooks.js:1863:10)\n' +
    '    at runTest (file:///Users/fcr/Dropbox/work/workspace/exhibits/exhibits-backend/node_modules/@vitest/runner/dist/chunk-hooks.js:1574:12)\n' +
    '    at processTicksAndRejections (node:internal/process/task_queues:104:5)'
}
[91m[2026-08-14T11:31:08.819] [ERROR] default - [39mFailed to get record count {
  method: 'get_record_count',
  uuid: '550e8400-e29b-41d4-a716-446655440000',
  timestamp: '2026-08-14T18:31:08.819Z',
  message: 'Query failed',
  stack: 'Error: Query failed\n' +
    '    at /Users/fcr/Dropbox/work/workspace/exhibits/exhibits-backend/test/tasks/exhibit_heading_record_tasks.test.js:658:49\n' +
    '    at file:///Users/fcr/Dropbox/work/workspace/exhibits/exhibits-backend/node_modules/@vitest/runner/dist/chunk-hooks.js:155:11\n' +
    '    at file:///Users/fcr/Dropbox/work/workspace/exhibits/exhibits-backend/node_modules/@vitest/runner/dist/chunk-hooks.js:752:26\n' +
    '    at file:///Users/fcr/Dropbox/work/workspace/exhibits/exhibits-backend/node_modules/@vitest/runner/dist/chunk-hooks.js:1897:20\n' +
    '    at new Promise (<anonymous>)\n' +
    '    at runWithTimeout (file:///Users/fcr/Dropbox/work/workspace/exhibits/exhibits-backend/node_modules/@vitest/runner/dist/chunk-hooks.js:1863:10)\n' +
    '    at runTest (file:///Users/fcr/Dropbox/work/workspace/exhibits/exhibits-backend/node_modules/@vitest/runner/dist/chunk-hooks.js:1574:12)\n' +
    '    at processTicksAndRejections (node:internal/process/task_queues:104:5)\n' +
    '    at runSuite (file:///Users/fcr/Dropbox/work/workspace/exhibits/exhibits-backend/node_modules/@vitest/runner/dist/chunk-hooks.js:1729:8)\n' +
    '    at runSuite (file:///Users/fcr/Dropbox/work/workspace/exhibits/exhibits-backend/node_modules/@vitest/runner/dist/chunk-hooks.js:1729:8)'
}
 ✓ test/tasks/indexer_index_tasks.test.js > Indexer_index_tasks > Constructor > should initialize with correct properties 3ms
 ✓ test/tasks/indexer_index_tasks.test.js > Indexer_index_tasks > Constructor > should throw error when CLIENT is null 2ms
 ✓ test/tasks/indexer_index_tasks.test.js > Indexer_index_tasks > Constructor > should throw error when CLIENT is undefined 1ms
 ✓ test/tasks/indexer_index_tasks.test.js > Indexer_index_tasks > Constructor > should throw error when INDEX is null 1ms
 ✓ test/tasks/indexer_index_tasks.test.js > Indexer_index_tasks > Constructor > should throw error when INDEX is empty string 1ms
 ✓ test/tasks/indexer_index_tasks.test.js > Indexer_index_tasks > Constructor > should throw error when INDEX is not a string 0ms
 ✓ test/tasks/indexer_index_tasks.test.js > Indexer_index_tasks > Constructor > should accept valid index names 2ms
 ✓ test/tasks/indexer_index_tasks.test.js > Indexer_index_tasks > UUID Validation (_validate_uuid) > should accept valid UUID v1 2ms
 ✓ test/tasks/indexer_index_tasks.test.js > Indexer_index_tasks > UUID Validation (_validate_uuid) > should accept valid UUID v4 1ms
 ✓ test/tasks/indexer_index_tasks.test.js > Indexer_index_tasks > UUID Validation (_validate_uuid) > should reject invalid UUID format 6ms
 ✓ test/tasks/indexer_index_tasks.test.js > Indexer_index_tasks > UUID Validation (_validate_uuid) > should reject UUID with wrong length 1ms
 ✓ test/tasks/indexer_index_tasks.test.js > Indexer_index_tasks > UUID Validation (_validate_uuid) > should trim whitespace from UUID 0ms
 ✓ test/tasks/indexer_index_tasks.test.js > Indexer_index_tasks > Record Validation (_validate_record) > should reject null record 1ms
 ✓ test/tasks/indexer_index_tasks.test.js > Indexer_index_tasks > Record Validation (_validate_record) > should reject undefined record 1ms
 ✓ test/tasks/indexer_index_tasks.test.js > Indexer_index_tasks > Record Validation (_validate_record) > should reject array as record 1ms
 ✓ test/tasks/indexer_index_tasks.test.js > Indexer_index_tasks > Record Validation (_validate_record) > should reject record without uuid 1ms
 ✓ test/tasks/indexer_index_tasks.test.js > Indexer_index_tasks > Record Validation (_validate_record) > should reject record with empty uuid 2ms
 ✓ test/tasks/indexer_index_tasks.test.js > Indexer_index_tasks > Record Validation (_validate_record) > should reject record with whitespace-only uuid 0ms
 ✓ test/tasks/indexer_index_tasks.test.js > Indexer_index_tasks > Record Sanitization (_sanitize_record) > should remove __proto__ from record 0ms
 ✓ test/tasks/indexer_index_tasks.test.js > Indexer_index_tasks > Record Sanitization (_sanitize_record) > should handle non-serializable data 92ms
[32m[2026-08-14T11:31:08.818] [INFO] default - [39mTimeline is_published suppressed {
  timeline_uuid: '660e8400-e29b-41d4-a716-446655440001',
  affected_rows: 1,
  timestamp: '2026-08-14T18:31:08.818Z'
}
[32m[2026-08-14T11:31:08.820] [INFO] default - [39mTimeline items is_published suppressed {
  timeline_uuid: '660e8400-e29b-41d4-a716-446655440001',
  affected_rows: 3,
  timestamp: '2026-08-14T18:31:08.820Z'
}
[32m[2026-08-14T11:31:08.821] [INFO] default - [39mTimeline reordered {
  exhibit_uuid: '550e8400-e29b-41d4-a716-446655440000',
  uuid: '660e8400-e29b-41d4-a716-446655440001',
  order: 5,
  timestamp: '2026-08-14T18:31:08.821Z'
}
[32m[2026-08-14T11:31:08.820] [INFO] default - [39mRecord indexed successfully {
  index: 'exhibits_index',
  uuid: '550e8400-e29b-41d4-a716-446655440000',
  result: 'updated',
  version: 2,
  timestamp: '2026-08-14T18:31:08.820Z'
}
[32m[2026-08-14T11:31:08.820] [INFO] default - [39mIndexer initialized { index: 'exhibits_index' }
[33m[2026-08-14T11:31:08.820] [WARN] default - [39mUnexpected index result {
  uuid: '550e8400-e29b-41d4-a716-446655440000',
  result: 'noop',
  index: 'exhibits_index'
}
[32m[2026-08-14T11:31:08.821] [INFO] default - [39mIndexer initialized { index: 'exhibits_index' }
[32m[2026-08-14T11:31:08.820] [INFO] default - [39mHeading record count retrieved {
  is_member_of_exhibit: '550e8400-e29b-41d4-a716-446655440000',
  count: 1,
  timestamp: '2026-08-14T18:31:08.820Z'
}
[32m[2026-08-14T11:31:08.820] [INFO] default - [39mHeading record updated successfully {
  uuid: '660e8400-e29b-41d4-a716-446655440000',
  fields_updated: [ 'text' ],
  affected_rows: 1,
  updated_by: null,
  timestamp: '2026-08-14T18:31:08.820Z'
}
[91m[2026-08-14T11:31:08.821] [ERROR] default - [39mFailed to test method {
  method: 'test_method',
  uuid: 'test',
  timestamp: '2026-08-14T18:31:08.821Z',
  message: 'Test error',
  stack: 'Error: Test error\n' +
    '    at /Users/fcr/Dropbox/work/workspace/exhibits/exhibits-backend/test/tasks/exhibit_item_record_tasks.test.js:680:27\n' +
    '    at file:///Users/fcr/Dropbox/work/workspace/exhibits/exhibits-backend/node_modules/@vitest/runner/dist/chunk-hooks.js:155:11\n' +
    '    at file:///Users/fcr/Dropbox/work/workspace/exhibits/exhibits-backend/node_modules/@vitest/runner/dist/chunk-hooks.js:752:26\n' +
    '    at file:///Users/fcr/Dropbox/work/workspace/exhibits/exhibits-backend/node_modules/@vitest/runner/dist/chunk-hooks.js:1897:20\n' +
    '    at new Promise (<anonymous>)\n' +
    '    at runWithTimeout (file:///Users/fcr/Dropbox/work/workspace/exhibits/exhibits-backend/node_modules/@vitest/runner/dist/chunk-hooks.js:1863:10)\n' +
    '    at runTest (file:///Users/fcr/Dropbox/work/workspace/exhibits/exhibits-backend/node_modules/@vitest/runner/dist/chunk-hooks.js:1574:12)\n' +
    '    at processTicksAndRejections (node:internal/process/task_queues:104:5)\n' +
    '    at runSuite (file:///Users/fcr/Dropbox/work/workspace/exhibits/exhibits-backend/node_modules/@vitest/runner/dist/chunk-hooks.js:1729:8)\n' +
    '    at runSuite (file:///Users/fcr/Dropbox/work/workspace/exhibits/exhibits-backend/node_modules/@vitest/runner/dist/chunk-hooks.js:1729:8)'
}
[91m[2026-08-14T11:31:08.821] [ERROR] default - [39mERROR: [/indexer/indexer_index_tasks (index_record)] Failed to index record {
  method: 'index_record',
  index: 'exhibits_index',
  uuid: '550e8400-e29b-41d4-a716-446655440000',
  timestamp: '2026-08-14T18:31:08.821Z',
  message: 'Empty response from Elasticsearch',
  error_type: 'Error',
  stack: 'Error: Empty response from Elasticsearch\n' +
    '    at Indexer_index_tasks.index_record (/Users/fcr/Dropbox/work/workspace/exhibits/exhibits-backend/indexer/tasks/indexer_index_tasks.js:251:23)\n' +
    '    at processTicksAndRejections (node:internal/process/task_queues:104:5)\n' +
    '    at /Users/fcr/Dropbox/work/workspace/exhibits/exhibits-backend/test/tasks/indexer_index_tasks.test.js:324:28\n' +
    '    at file:///Users/fcr/Dropbox/work/workspace/exhibits/exhibits-backend/node_modules/@vitest/runner/dist/chunk-hooks.js:752:20'
}
[32m[2026-08-14T11:31:08.821] [INFO] default - [39mIndexer initialized { index: 'exhibits_index' }
[32m[2026-08-14T11:31:08.822] [INFO] default - [39mRecord indexed successfully {
  index: 'exhibits_index',
  uuid: '550e8400-e29b-41d4-a716-446655440000',
  result: 'created',
  version: 1,
  timestamp: '2026-08-14T18:31:08.822Z'
}
[91m[2026-08-14T11:31:08.822] [ERROR] default - [39mFailed to reorder timelines {
  method: 'reorder_timelines',
  is_member_of_exhibit: 'invalid',
  timestamp: '2026-08-14T18:31:08.822Z',
  message: 'Invalid exhibit UUID format',
  stack: 'Error: Invalid exhibit UUID format\n' +
    '    at Exhibit_timeline_record_tasks._validate_uuid (/Users/fcr/Dropbox/work/workspace/exhibits/exhibits-backend/exhibits/tasks/tasks_helper.js:77:19)\n' +
    '    at Exhibit_timeline_record_tasks.reorder_timelines (/Users/fcr/Dropbox/work/workspace/exhibits/exhibits-backend/exhibits/tasks/exhibit_timeline_record_tasks.js:1327:39)\n' +
    '    at /Users/fcr/Dropbox/work/workspace/exhibits/exhibits-backend/test/tasks/exhibit_timeline_record_tasks.test.js:618:44\n' +
    '    at file:///Users/fcr/Dropbox/work/workspace/exhibits/exhibits-backend/node_modules/@vitest/runner/dist/chunk-hooks.js:155:11\n' +
    '    at file:///Users/fcr/Dropbox/work/workspace/exhibits/exhibits-backend/node_modules/@vitest/runner/dist/chunk-hooks.js:752:26\n' +
    '    at file:///Users/fcr/Dropbox/work/workspace/exhibits/exhibits-backend/node_modules/@vitest/runner/dist/chunk-hooks.js:1897:20\n' +
    '    at new Promise (<anonymous>)\n' +
    '    at runWithTimeout (file:///Users/fcr/Dropbox/work/workspace/exhibits/exhibits-backend/node_modules/@vitest/runner/dist/chunk-hooks.js:1863:10)\n' +
    '    at runTest (file:///Users/fcr/Dropbox/work/workspace/exhibits/exhibits-backend/node_modules/@vitest/runner/dist/chunk-hooks.js:1574:12)\n' +
    '    at processTicksAndRejections (node:internal/process/task_queues:104:5)'
}
[32m[2026-08-14T11:31:08.822] [INFO] default - [39mIndexer initialized { index: 'exhibits_index' }
 ✓ test/tasks/exhibit_heading_record_tasks.test.js > Exhibit_heading_record_tasks > Constructor > should initialize with correct properties 3ms
 ✓ test/tasks/exhibit_heading_record_tasks.test.js > Exhibit_heading_record_tasks > Constructor > should have valid UUID regex pattern 1ms
 ✓ test/tasks/exhibit_heading_record_tasks.test.js > Exhibit_heading_record_tasks > Validation Helpers > _validate_database > should not throw error for valid database connection 1ms
 ✓ test/tasks/exhibit_heading_record_tasks.test.js > Exhibit_heading_record_tasks > Validation Helpers > _validate_database > should throw error when DB is null 0ms
 ✓ test/tasks/exhibit_heading_record_tasks.test.js > Exhibit_heading_record_tasks > Validation Helpers > _validate_database > should throw error when DB is not a function 0ms
 ✓ test/tasks/exhibit_heading_record_tasks.test.js > Exhibit_heading_record_tasks > Validation Helpers > _validate_table > should not throw error for valid table name 0ms
 ✓ test/tasks/exhibit_heading_record_tasks.test.js > Exhibit_heading_record_tasks > Validation Helpers > _validate_table > should throw error for undefined table 0ms
 ✓ test/tasks/exhibit_heading_record_tasks.test.js > Exhibit_heading_record_tasks > Validation Helpers > _validate_table > should throw error when TABLE is null 1ms
 ✓ test/tasks/exhibit_heading_record_tasks.test.js > Exhibit_heading_record_tasks > Validation Helpers > _validate_uuid > should return trimmed UUID for valid input 0ms
 ✓ test/tasks/exhibit_heading_record_tasks.test.js > Exhibit_heading_record_tasks > Validation Helpers > _validate_uuid > should throw error for empty string 0ms
 ✓ test/tasks/exhibit_heading_record_tasks.test.js > Exhibit_heading_record_tasks > Validation Helpers > _validate_uuid > should throw error for null 0ms
 ✓ test/tasks/exhibit_heading_record_tasks.test.js > Exhibit_heading_record_tasks > Validation Helpers > _validate_uuid > should throw error for non-string 0ms
 ✓ test/tasks/exhibit_heading_record_tasks.test.js > Exhibit_heading_record_tasks > Validation Helpers > _validate_uuid > should throw error for invalid UUID format 1ms
 ✓ test/tasks/exhibit_heading_record_tasks.test.js > Exhibit_heading_record_tasks > Validation Helpers > _validate_uuid > should use custom field name in error message 0ms
 ✓ test/tasks/exhibit_heading_record_tasks.test.js > Exhibit_heading_record_tasks > Validation Helpers > _validate_uuids > should validate multiple UUIDs 0ms
 ✓ test/tasks/exhibit_heading_record_tasks.test.js > Exhibit_heading_record_tasks > Validation Helpers > _validate_uuids > should throw error if any UUID is invalid 0ms
 ✓ test/tasks/exhibit_heading_record_tasks.test.js > Exhibit_heading_record_tasks > Validation Helpers > _validate_string > should return trimmed string for valid input 1ms
 ✓ test/tasks/exhibit_heading_record_tasks.test.js > Exhibit_heading_record_tasks > Validation Helpers > _validate_string > should throw error for empty string 0ms
 ✓ test/tasks/exhibit_heading_record_tasks.test.js > Exhibit_heading_record_tasks > Validation Helpers > _validate_string > should throw error for whitespace only 0ms
 ✓ test/tasks/exhibit_heading_record_tasks.test.js > Exhibit_heading_record_tasks > Validation Helpers > _validate_string > should throw error for null 0ms
 ✓ test/tasks/exhibit_heading_record_tasks.test.js > Exhibit_heading_record_tasks > Validation Helpers > _validate_data_object > should not throw for valid object 1ms
 ✓ test/tasks/exhibit_heading_record_tasks.test.js > Exhibit_heading_record_tasks > Validation Helpers > _validate_data_object > should throw error for null 0ms
 ✓ test/tasks/exhibit_heading_record_tasks.test.js > Exhibit_heading_record_tasks > Validation Helpers > _validate_data_object > should throw error for array 1ms
 ✓ test/tasks/exhibit_heading_record_tasks.test.js > Exhibit_heading_record_tasks > Validation Helpers > _validate_data_object > should throw error for empty object 1ms
 ✓ test/tasks/exhibit_heading_record_tasks.test.js > Exhibit_heading_record_tasks > Validation Helpers > _sanitize_data > should only include allowed fields 2ms
 ✓ test/tasks/exhibit_heading_record_tasks.test.js > Exhibit_heading_record_tasks > Validation Helpers > _sanitize_data > should skip specified fields 1ms
 ✓ test/tasks/exhibit_heading_record_tasks.test.js > Exhibit_heading_record_tasks > Validation Helpers > _sanitize_data > should prevent prototype pollution 1ms
 ✓ test/tasks/exhibit_heading_record_tasks.test.js > Exhibit_heading_record_tasks > Validation Helpers > _sanitize_data > should return invalid fields list 1ms
 ✓ test/tasks/exhibit_heading_record_tasks.test.js > Exhibit_heading_record_tasks > Validation Helpers > _set_heading_defaults > should set default values for missing fields 1ms
 ✓ test/tasks/exhibit_heading_record_tasks.test.js > Exhibit_heading_record_tasks > Validation Helpers > _set_heading_defaults > should not override existing values 2ms
 ✓ test/tasks/exhibit_heading_record_tasks.test.js > Exhibit_heading_record_tasks > Validation Helpers > _set_heading_defaults > should set all default fields 1ms
 ✓ test/tasks/exhibit_heading_record_tasks.test.js > Exhibit_heading_record_tasks > _update_publish_status > should publish records successfully 1ms
 ✓ test/tasks/exhibit_heading_record_tasks.test.js > Exhibit_heading_record_tasks > _update_publish_status > should suppress records successfully 0ms
 ✓ test/tasks/exhibit_heading_record_tasks.test.js > Exhibit_heading_record_tasks > _update_publish_status > should throw error for invalid status 4ms
 ✓ test/tasks/exhibit_heading_record_tasks.test.js > Exhibit_heading_record_tasks > _update_publish_status > should include updated_by when provided 1ms
 ✓ test/tasks/exhibit_heading_record_tasks.test.js > Exhibit_heading_record_tasks > get_record_count > should return correct count 1ms
 ✓ test/tasks/exhibit_heading_record_tasks.test.js > Exhibit_heading_record_tasks > get_record_count > should return 0 for no records 0ms
 ✓ test/tasks/exhibit_heading_record_tasks.test.js > Exhibit_heading_record_tasks > get_record_count > should return 0 for null result 0ms
 ✓ test/tasks/exhibit_heading_record_tasks.test.js > Exhibit_heading_record_tasks > get_record_count > should throw error for invalid UUID 4ms
 ✓ test/tasks/exhibit_heading_record_tasks.test.js > Exhibit_heading_record_tasks > update_heading_record > should successfully update heading record 5ms
 ✓ test/tasks/exhibit_heading_record_tasks.test.js > Exhibit_heading_record_tasks > update_heading_record > should return no_change when no fields to update 2ms
 ✓ test/tasks/exhibit_heading_record_tasks.test.js > Exhibit_heading_record_tasks > update_heading_record > should throw error when record not found 2ms
 ✓ test/tasks/exhibit_heading_record_tasks.test.js > Exhibit_heading_record_tasks > update_heading_record > should throw error when record is deleted 3ms
 ✓ test/tasks/exhibit_heading_record_tasks.test.js > Exhibit_heading_record_tasks > update_heading_record > should include updated_by when provided 6ms
 ✓ test/tasks/exhibit_heading_record_tasks.test.js > Exhibit_heading_record_tasks > Publishing Methods > set_to_publish > should publish all headings for an exhibit 1ms
 ✓ test/tasks/exhibit_heading_record_tasks.test.js > Exhibit_heading_record_tasks > Publishing Methods > set_to_publish > should return false on error 11ms
 ✓ test/tasks/exhibit_heading_record_tasks.test.js > Exhibit_heading_record_tasks > Publishing Methods > set_to_publish > should pass updated_by parameter 4ms
 ✓ test/tasks/exhibit_heading_record_tasks.test.js > Exhibit_heading_record_tasks > Publishing Methods > set_heading_to_publish > should publish single heading 2ms
 ✓ test/tasks/exhibit_heading_record_tasks.test.js > Exhibit_heading_record_tasks > Publishing Methods > set_heading_to_publish > should return false on error 1ms
 ✓ test/tasks/exhibit_heading_record_tasks.test.js > Exhibit_heading_record_tasks > Publishing Methods > set_heading_to_publish > should return false when no rows affected 1ms
 ✓ test/tasks/exhibit_heading_record_tasks.test.js > Exhibit_heading_record_tasks > Publishing Methods > set_to_suppress > should suppress all headings for an exhibit 1ms
 ✓ test/tasks/exhibit_heading_record_tasks.test.js > Exhibit_heading_record_tasks > Publishing Methods > set_to_suppress > should return false on error 1ms
 ✓ test/tasks/exhibit_heading_record_tasks.test.js > Exhibit_heading_record_tasks > Publishing Methods > set_heading_to_suppress > should suppress single heading 1ms
 ✓ test/tasks/exhibit_heading_record_tasks.test.js > Exhibit_heading_record_tasks > Publishing Methods > set_heading_to_suppress > should return false on error 0ms
 ✓ test/tasks/exhibit_heading_record_tasks.test.js > Exhibit_heading_record_tasks > Publishing Methods > set_heading_to_suppress > should return false when no rows affected 2ms
 ✓ test/tasks/exhibit_heading_record_tasks.test.js > Exhibit_heading_record_tasks > reorder_headings > should successfully reorder heading 1ms
 ✓ test/tasks/exhibit_heading_record_tasks.test.js > Exhibit_heading_record_tasks > reorder_headings > should handle order value of 0 1ms
 ✓ test/tasks/exhibit_heading_record_tasks.test.js > Exhibit_heading_record_tasks > reorder_headings > should return false on error 1ms
 ✓ test/tasks/exhibit_heading_record_tasks.test.js > Exhibit_heading_record_tasks > reorder_headings > should return false for invalid exhibit UUID 1ms
 ✓ test/tasks/exhibit_heading_record_tasks.test.js > Exhibit_heading_record_tasks > reorder_headings > should return false for invalid item object 1ms
 ✓ test/tasks/exhibit_heading_record_tasks.test.js > Exhibit_heading_record_tasks > reorder_headings > should return false when item missing uuid or order 1ms
 ✓ test/tasks/exhibit_heading_record_tasks.test.js > Exhibit_heading_record_tasks > Error Handling > _handle_error should log and rethrow error 3ms
 ✓ test/tasks/exhibit_heading_record_tasks.test.js > Exhibit_heading_record_tasks > Error Handling > should handle database connection errors gracefully 1ms
 ✓ test/tasks/exhibit_heading_record_tasks.test.js > Exhibit_heading_record_tasks > Error Handling > should handle query errors properly 1ms
 ✓ test/tasks/exhibit_heading_record_tasks.test.js > Exhibit_heading_record_tasks > Integration Tests > should handle complete heading workflow 1ms
[32m[2026-08-14T11:31:08.822] [INFO] default - [39mRecord indexed successfully {
  index: 'exhibits_index',
  uuid: '550e8400-e29b-41d4-a716-446655440000',
  result: 'created',
  version: 1,
  timestamp: '2026-08-14T18:31:08.822Z'
}
[32m[2026-08-14T11:31:08.822] [INFO] default - [39mIndexer initialized { index: 'exhibits_index' }
[91m[2026-08-14T11:31:08.823] [ERROR] default - [39mERROR: [/indexer/indexer_index_tasks (index_record)] Failed to index record {
  method: 'index_record',
  index: 'exhibits_index',
  uuid: '550e8400-e29b-41d4-a716-446655440000',
  timestamp: '2026-08-14T18:31:08.822Z',
  message: 'Elasticsearch error',
  error_type: 'Error',
  status_code: 500,
  elasticsearch_error: 'cluster_block_exception',
  reason: 'blocked by: [FORBIDDEN/12/index read-only]',
  stack: 'Error: Elasticsearch error\n' +
    '    at /Users/fcr/Dropbox/work/workspace/exhibits/exhibits-backend/test/tasks/indexer_index_tasks.test.js:359:29\n' +
    '    at file:///Users/fcr/Dropbox/work/workspace/exhibits/exhibits-backend/node_modules/@vitest/runner/dist/chunk-hooks.js:155:11\n' +
    '    at file:///Users/fcr/Dropbox/work/workspace/exhibits/exhibits-backend/node_modules/@vitest/runner/dist/chunk-hooks.js:752:26\n' +
    '    at file:///Users/fcr/Dropbox/work/workspace/exhibits/exhibits-backend/node_modules/@vitest/runner/dist/chunk-hooks.js:1897:20\n' +
    '    at new Promise (<anonymous>)\n' +
    '    at runWithTimeout (file:///Users/fcr/Dropbox/work/workspace/exhibits/exhibits-backend/node_modules/@vitest/runner/dist/chunk-hooks.js:1863:10)\n' +
    '    at runTest (file:///Users/fcr/Dropbox/work/workspace/exhibits/exhibits-backend/node_modules/@vitest/runner/dist/chunk-hooks.js:1574:12)\n' +
    '    at processTicksAndRejections (node:internal/process/task_queues:104:5)\n' +
    '    at runSuite (file:///Users/fcr/Dropbox/work/workspace/exhibits/exhibits-backend/node_modules/@vitest/runner/dist/chunk-hooks.js:1729:8)\n' +
    '    at runSuite (file:///Users/fcr/Dropbox/work/workspace/exhibits/exhibits-backend/node_modules/@vitest/runner/dist/chunk-hooks.js:1729:8)'
}
[32m[2026-08-14T11:31:08.823] [INFO] default - [39mIndexer initialized { index: 'exhibits_index' }
[32m[2026-08-14T11:31:08.823] [INFO] default - [39mTimeline item reordered {
  timeline_uuid: '660e8400-e29b-41d4-a716-446655440001',
  uuid: '770e8400-e29b-41d4-a716-446655440002',
  order: 3,
  timestamp: '2026-08-14T18:31:08.823Z'
}
[91m[2026-08-14T11:31:08.825] [ERROR] default - [39mFailed to reorder timeline items {
  method: 'reorder_timeline_items',
  is_member_of_timeline: 'invalid',
  timestamp: '2026-08-14T18:31:08.824Z',
  message: 'Invalid timeline UUID format',
  stack: 'Error: Invalid timeline UUID format\n' +
    '    at Exhibit_timeline_record_tasks._validate_uuid (/Users/fcr/Dropbox/work/workspace/exhibits/exhibits-backend/exhibits/tasks/tasks_helper.js:77:19)\n' +
    '    at Exhibit_timeline_record_tasks.reorder_timeline_items (/Users/fcr/Dropbox/work/workspace/exhibits/exhibits-backend/exhibits/tasks/exhibit_timeline_record_tasks.js:1361:40)\n' +
    '    at /Users/fcr/Dropbox/work/workspace/exhibits/exhibits-backend/test/tasks/exhibit_timeline_record_tasks.test.js:636:44\n' +
    '    at file:///Users/fcr/Dropbox/work/workspace/exhibits/exhibits-backend/node_modules/@vitest/runner/dist/chunk-hooks.js:155:11\n' +
    '    at file:///Users/fcr/Dropbox/work/workspace/exhibits/exhibits-backend/node_modules/@vitest/runner/dist/chunk-hooks.js:752:26\n' +
    '    at file:///Users/fcr/Dropbox/work/workspace/exhibits/exhibits-backend/node_modules/@vitest/runner/dist/chunk-hooks.js:1897:20\n' +
    '    at new Promise (<anonymous>)\n' +
    '    at runWithTimeout (file:///Users/fcr/Dropbox/work/workspace/exhibits/exhibits-backend/node_modules/@vitest/runner/dist/chunk-hooks.js:1863:10)\n' +
    '    at runTest (file:///Users/fcr/Dropbox/work/workspace/exhibits/exhibits-backend/node_modules/@vitest/runner/dist/chunk-hooks.js:1574:12)\n' +
    '    at processTicksAndRejections (node:internal/process/task_queues:104:5)'
}
[91m[2026-08-14T11:31:08.823] [ERROR] default - [39mFailed to create item record {
  method: 'create_item_record',
  uuid: '550e8400-e29b-41d4-a716-446655440000',
  created_by: null,
  timestamp: '2026-08-14T18:31:08.823Z',
  message: 'Database connection is not available',
  stack: 'Error: Database connection is not available\n' +
    '    at Exhibit_item_record_tasks._validate_database (/Users/fcr/Dropbox/work/workspace/exhibits/exhibits-backend/exhibits/tasks/tasks_helper.js:47:19)\n' +
    '    at Exhibit_item_record_tasks.create_item_record (/Users/fcr/Dropbox/work/workspace/exhibits/exhibits-backend/exhibits/tasks/exhibit_item_record_tasks.js:118:18)\n' +
    '    at /Users/fcr/Dropbox/work/workspace/exhibits/exhibits-backend/test/tasks/exhibit_item_record_tasks.test.js:695:36\n' +
    '    at file:///Users/fcr/Dropbox/work/workspace/exhibits/exhibits-backend/node_modules/@vitest/runner/dist/chunk-hooks.js:155:11\n' +
    '    at file:///Users/fcr/Dropbox/work/workspace/exhibits/exhibits-backend/node_modules/@vitest/runner/dist/chunk-hooks.js:752:26\n' +
    '    at file:///Users/fcr/Dropbox/work/workspace/exhibits/exhibits-backend/node_modules/@vitest/runner/dist/chunk-hooks.js:1897:20\n' +
    '    at new Promise (<anonymous>)\n' +
    '    at runWithTimeout (file:///Users/fcr/Dropbox/work/workspace/exhibits/exhibits-backend/node_modules/@vitest/runner/dist/chunk-hooks.js:1863:10)\n' +
    '    at runTest (file:///Users/fcr/Dropbox/work/workspace/exhibits/exhibits-backend/node_modules/@vitest/runner/dist/chunk-hooks.js:1574:12)\n' +
    '    at processTicksAndRejections (node:internal/process/task_queues:104:5)'
}
[32m[2026-08-14T11:31:08.828] [INFO] default - [39mItem record created successfully {
  uuid: '660e8400-e29b-41d4-a716-446655440000',
  item_type: 'item',
  created_by: 'user123',
  timestamp: '2026-08-14T18:31:08.828Z'
}
 ✓ test/tasks/exhibit_item_record_tasks.test.js > Exhibit_item_record_tasks > Constructor > should initialize with correct properties 2ms
 ✓ test/tasks/exhibit_item_record_tasks.test.js > Exhibit_item_record_tasks > Constructor > should have valid UUID regex pattern 1ms
 ✓ test/tasks/exhibit_item_record_tasks.test.js > Exhibit_item_record_tasks > Validation Helpers > _validate_database > should not throw error for valid database connection 1ms
 ✓ test/tasks/exhibit_item_record_tasks.test.js > Exhibit_item_record_tasks > Validation Helpers > _validate_database > should throw error when DB is null 0ms
 ✓ test/tasks/exhibit_item_record_tasks.test.js > Exhibit_item_record_tasks > Validation Helpers > _validate_database > should throw error when DB is not a function 0ms
 ✓ test/tasks/exhibit_item_record_tasks.test.js > Exhibit_item_record_tasks > Validation Helpers > _validate_table > should not throw error for valid table name 0ms
 ✓ test/tasks/exhibit_item_record_tasks.test.js > Exhibit_item_record_tasks > Validation Helpers > _validate_table > should throw error for undefined table 1ms
 ✓ test/tasks/exhibit_item_record_tasks.test.js > Exhibit_item_record_tasks > Validation Helpers > _validate_uuid > should return trimmed UUID for valid input 0ms
 ✓ test/tasks/exhibit_item_record_tasks.test.js > Exhibit_item_record_tasks > Validation Helpers > _validate_uuid > should throw error for empty string 0ms
 ✓ test/tasks/exhibit_item_record_tasks.test.js > Exhibit_item_record_tasks > Validation Helpers > _validate_uuid > should throw error for invalid UUID format 0ms
 ✓ test/tasks/exhibit_item_record_tasks.test.js > Exhibit_item_record_tasks > Validation Helpers > _validate_uuid > should use custom field name in error message 3ms
 ✓ test/tasks/exhibit_item_record_tasks.test.js > Exhibit_item_record_tasks > Validation Helpers > _validate_uuids > should validate multiple UUIDs 0ms
 ✓ test/tasks/exhibit_item_record_tasks.test.js > Exhibit_item_record_tasks > Validation Helpers > _validate_uuids > should throw error if any UUID is invalid 0ms
 ✓ test/tasks/exhibit_item_record_tasks.test.js > Exhibit_item_record_tasks > Validation Helpers > _validate_string > should return trimmed string for valid input 0ms
 ✓ test/tasks/exhibit_item_record_tasks.test.js > Exhibit_item_record_tasks > Validation Helpers > _validate_string > should throw error for empty string 0ms
 ✓ test/tasks/exhibit_item_record_tasks.test.js > Exhibit_item_record_tasks > Validation Helpers > _validate_string > should throw error for null 0ms
 ✓ test/tasks/exhibit_item_record_tasks.test.js > Exhibit_item_record_tasks > Validation Helpers > _validate_data_object > should not throw for valid object 0ms
 ✓ test/tasks/exhibit_item_record_tasks.test.js > Exhibit_item_record_tasks > Validation Helpers > _validate_data_object > should throw error for null 0ms
 ✓ test/tasks/exhibit_item_record_tasks.test.js > Exhibit_item_record_tasks > Validation Helpers > _validate_data_object > should throw error for array 0ms
 ✓ test/tasks/exhibit_item_record_tasks.test.js > Exhibit_item_record_tasks > Validation Helpers > _validate_data_object > should throw error for empty object 1ms
 ✓ test/tasks/exhibit_item_record_tasks.test.js > Exhibit_item_record_tasks > Validation Helpers > _set_item_defaults > should set default values for missing fields 0ms
 ✓ test/tasks/exhibit_item_record_tasks.test.js > Exhibit_item_record_tasks > Validation Helpers > _set_item_defaults > should not override existing values 0ms
 ✓ test/tasks/exhibit_item_record_tasks.test.js > Exhibit_item_record_tasks > Validation Helpers > _set_item_defaults > should set all expected default fields 0ms
 ✓ test/tasks/exhibit_item_record_tasks.test.js > Exhibit_item_record_tasks > Validation Helpers > _get_table_for_type > should return correct table for item type 0ms
 ✓ test/tasks/exhibit_item_record_tasks.test.js > Exhibit_item_record_tasks > Validation Helpers > _get_table_for_type > should return correct table for grid type 0ms
 ✓ test/tasks/exhibit_item_record_tasks.test.js > Exhibit_item_record_tasks > Validation Helpers > _get_table_for_type > should return correct table for heading type 0ms
 ✓ test/tasks/exhibit_item_record_tasks.test.js > Exhibit_item_record_tasks > Validation Helpers > _get_table_for_type > should return correct table for timeline type 0ms
 ✓ test/tasks/exhibit_item_record_tasks.test.js > Exhibit_item_record_tasks > Validation Helpers > _get_table_for_type > should be case insensitive 0ms
 ✓ test/tasks/exhibit_item_record_tasks.test.js > Exhibit_item_record_tasks > Validation Helpers > _get_table_for_type > should handle whitespace 0ms
 ✓ test/tasks/exhibit_item_record_tasks.test.js > Exhibit_item_record_tasks > Validation Helpers > _get_table_for_type > should throw error for invalid type 2ms
 ✓ test/tasks/exhibit_item_record_tasks.test.js > Exhibit_item_record_tasks > _update_publish_status > should publish records successfully 1ms
 ✓ test/tasks/exhibit_item_record_tasks.test.js > Exhibit_item_record_tasks > _update_publish_status > should suppress records successfully 0ms
 ✓ test/tasks/exhibit_item_record_tasks.test.js > Exhibit_item_record_tasks > _update_publish_status > should throw error for invalid status 1ms
 ✓ test/tasks/exhibit_item_record_tasks.test.js > Exhibit_item_record_tasks > _update_publish_status > should include updated_by when provided 1ms
 ✓ test/tasks/exhibit_item_record_tasks.test.js > Exhibit_item_record_tasks > _update_single_publish_status > should publish single record successfully 0ms
 ✓ test/tasks/exhibit_item_record_tasks.test.js > Exhibit_item_record_tasks > _update_single_publish_status > should throw error when no rows affected 0ms
 ✓ test/tasks/exhibit_item_record_tasks.test.js > Exhibit_item_record_tasks > _update_single_publish_status > should throw error for invalid UUID 1ms
 ✓ test/tasks/exhibit_item_record_tasks.test.js > Exhibit_item_record_tasks > _reorder_items > should successfully reorder item 0ms
 ✓ test/tasks/exhibit_item_record_tasks.test.js > Exhibit_item_record_tasks > _reorder_items > should throw error for null item 0ms
 ✓ test/tasks/exhibit_item_record_tasks.test.js > Exhibit_item_record_tasks > _reorder_items > should throw error for array item 1ms
 ✓ test/tasks/exhibit_item_record_tasks.test.js > Exhibit_item_record_tasks > _reorder_items > should throw error when item missing uuid 0ms
 ✓ test/tasks/exhibit_item_record_tasks.test.js > Exhibit_item_record_tasks > _reorder_items > should throw error when item missing order 0ms
 ✓ test/tasks/exhibit_item_record_tasks.test.js > Exhibit_item_record_tasks > _reorder_items > should work with order value of 0 0ms
 ✓ test/tasks/exhibit_item_record_tasks.test.js > Exhibit_item_record_tasks > create_item_record > should create item record with required fields 2ms
 ✓ test/tasks/exhibit_item_record_tasks.test.js > Exhibit_item_record_tasks > create_item_record > should throw error for missing uuid 8ms
 ✓ test/tasks/exhibit_item_record_tasks.test.js > Exhibit_item_record_tasks > create_item_record > should throw error for missing exhibit UUID 1ms
 ✓ test/tasks/exhibit_item_record_tasks.test.js > Exhibit_item_record_tasks > create_item_record > should throw error for missing item_type 2ms
 ✓ test/tasks/exhibit_item_record_tasks.test.js > Exhibit_item_record_tasks > create_item_record > should apply default values 1ms
 ✓ test/tasks/exhibit_item_record_tasks.test.js > Exhibit_item_record_tasks > get_record_count > should return correct count 1ms
 ✓ test/tasks/exhibit_item_record_tasks.test.js > Exhibit_item_record_tasks > get_record_count > should return 0 for no records 1ms
 ✓ test/tasks/exhibit_item_record_tasks.test.js > Exhibit_item_record_tasks > get_record_count > should return 0 on error 1ms
 ✓ test/tasks/exhibit_item_record_tasks.test.js > Exhibit_item_record_tasks > get_record_count > should return 0 for invalid UUID 3ms
 ✓ test/tasks/exhibit_item_record_tasks.test.js > Exhibit_item_record_tasks > Publishing Methods > set_to_publish > should publish all items for an exhibit 6ms
 ✓ test/tasks/exhibit_item_record_tasks.test.js > Exhibit_item_record_tasks > Publishing Methods > set_to_publish > should return false on error 1ms
 ✓ test/tasks/exhibit_item_record_tasks.test.js > Exhibit_item_record_tasks > Publishing Methods > set_item_to_publish > should publish single item 1ms
 ✓ test/tasks/exhibit_item_record_tasks.test.js > Exhibit_item_record_tasks > Publishing Methods > set_item_to_publish > should return false on error 1ms
 ✓ test/tasks/exhibit_item_record_tasks.test.js > Exhibit_item_record_tasks > Publishing Methods > set_item_to_publish > should return false when no rows affected 1ms
 ✓ test/tasks/exhibit_item_record_tasks.test.js > Exhibit_item_record_tasks > Publishing Methods > set_to_suppress > should suppress all items for an exhibit 1ms
 ✓ test/tasks/exhibit_item_record_tasks.test.js > Exhibit_item_record_tasks > Publishing Methods > set_to_suppress > should return false on error 1ms
 ✓ test/tasks/exhibit_item_record_tasks.test.js > Exhibit_item_record_tasks > Publishing Methods > set_item_to_suppress > should suppress single item 1ms
 ✓ test/tasks/exhibit_item_record_tasks.test.js > Exhibit_item_record_tasks > Publishing Methods > set_item_to_suppress > should return false on error 1ms
 ✓ test/tasks/exhibit_item_record_tasks.test.js > Exhibit_item_record_tasks > Publishing Methods > set_item_to_suppress > should return false when no rows affected 1ms
 ✓ test/tasks/exhibit_item_record_tasks.test.js > Exhibit_item_record_tasks > reorder_items > should successfully reorder item 1ms
 ✓ test/tasks/exhibit_item_record_tasks.test.js > Exhibit_item_record_tasks > reorder_items > should return false on error 1ms
 ✓ test/tasks/exhibit_item_record_tasks.test.js > Exhibit_item_record_tasks > reorder_items > should return false for invalid exhibit UUID 1ms
 ✓ test/tasks/exhibit_item_record_tasks.test.js > Exhibit_item_record_tasks > reorder_items > should return false for invalid item object 1ms
 ✓ test/tasks/exhibit_item_record_tasks.test.js > Exhibit_item_record_tasks > Error Handling > _handle_error should log and rethrow error 3ms
 ✓ test/tasks/exhibit_item_record_tasks.test.js > Exhibit_item_record_tasks > Error Handling > should handle database connection errors 4ms
 ✓ test/tasks/exhibit_item_record_tasks.test.js > Exhibit_item_record_tasks > Error Handling > should handle query timeout 2ms
 ✓ test/tasks/exhibit_item_record_tasks.test.js > Exhibit_item_record_tasks > Integration Tests > should handle complete item workflow 1ms
 ✓ test/tasks/exhibit_item_record_tasks.test.js > Exhibit_item_record_tasks > Integration Tests > should handle type mapping correctly 2ms
[33m[2026-08-14T11:31:08.833] [WARN] default - [39mInvalid fields ignored { fields: [ 'field1', 'field2' ] }
[33m[2026-08-14T11:31:08.837] [WARN] default - [39mDangerous property skipped { key: 'constructor' }
[33m[2026-08-14T11:31:08.838] [WARN] default - [39mDangerous property skipped { key: 'prototype' }
 ✓ test/tasks/exhibit_timeline_record_tasks.test.js > Exhibit_timeline_record_tasks > Constructor > should initialize with correct properties 2ms
 ✓ test/tasks/exhibit_timeline_record_tasks.test.js > Exhibit_timeline_record_tasks > Constructor > should have valid UUID regex pattern 1ms
 ✓ test/tasks/exhibit_timeline_record_tasks.test.js > Exhibit_timeline_record_tasks > Validation Helpers > _validate_database > should not throw error for valid database connection 1ms
 ✓ test/tasks/exhibit_timeline_record_tasks.test.js > Exhibit_timeline_record_tasks > Validation Helpers > _validate_database > should throw error when DB is null 1ms
 ✓ test/tasks/exhibit_timeline_record_tasks.test.js > Exhibit_timeline_record_tasks > Validation Helpers > _validate_database > should throw error when DB is not a function 1ms
 ✓ test/tasks/exhibit_timeline_record_tasks.test.js > Exhibit_timeline_record_tasks > Validation Helpers > _validate_table > should not throw error for valid table name 1ms
 ✓ test/tasks/exhibit_timeline_record_tasks.test.js > Exhibit_timeline_record_tasks > Validation Helpers > _validate_table > should throw error for undefined table 0ms
 ✓ test/tasks/exhibit_timeline_record_tasks.test.js > Exhibit_timeline_record_tasks > Validation Helpers > _validate_table > should throw error when TABLE is null 1ms
 ✓ test/tasks/exhibit_timeline_record_tasks.test.js > Exhibit_timeline_record_tasks > Validation Helpers > _validate_uuid > should return trimmed UUID for valid input 1ms
 ✓ test/tasks/exhibit_timeline_record_tasks.test.js > Exhibit_timeline_record_tasks > Validation Helpers > _validate_uuid > should throw error for empty string 2ms
 ✓ test/tasks/exhibit_timeline_record_tasks.test.js > Exhibit_timeline_record_tasks > Validation Helpers > _validate_uuid > should throw error for null 0ms
 ✓ test/tasks/exhibit_timeline_record_tasks.test.js > Exhibit_timeline_record_tasks > Validation Helpers > _validate_uuid > should throw error for non-string 0ms
 ✓ test/tasks/exhibit_timeline_record_tasks.test.js > Exhibit_timeline_record_tasks > Validation Helpers > _validate_uuid > should throw error for invalid UUID format 0ms
 ✓ test/tasks/exhibit_timeline_record_tasks.test.js > Exhibit_timeline_record_tasks > Validation Helpers > _validate_uuid > should use custom field name in error message 0ms
 ✓ test/tasks/exhibit_timeline_record_tasks.test.js > Exhibit_timeline_record_tasks > Validation Helpers > _validate_uuid > should accept various valid UUID versions 0ms
 ✓ test/tasks/exhibit_timeline_record_tasks.test.js > Exhibit_timeline_record_tasks > Validation Helpers > _validate_uuids > should validate multiple UUIDs 0ms
 ✓ test/tasks/exhibit_timeline_record_tasks.test.js > Exhibit_timeline_record_tasks > Validation Helpers > _validate_uuids > should throw error if any UUID is invalid 0ms
 ✓ test/tasks/exhibit_timeline_record_tasks.test.js > Exhibit_timeline_record_tasks > Validation Helpers > _validate_uuids > should handle empty uuid map 1ms
 ✓ test/tasks/exhibit_timeline_record_tasks.test.js > Exhibit_timeline_record_tasks > Validation Helpers > _validate_string > should return trimmed string for valid input 0ms
 ✓ test/tasks/exhibit_timeline_record_tasks.test.js > Exhibit_timeline_record_tasks > Validation Helpers > _validate_string > should throw error for empty string 0ms
 ✓ test/tasks/exhibit_timeline_record_tasks.test.js > Exhibit_timeline_record_tasks > Validation Helpers > _validate_string > should throw error for whitespace only 0ms
 ✓ test/tasks/exhibit_timeline_record_tasks.test.js > Exhibit_timeline_record_tasks > Validation Helpers > _validate_string > should throw error for null 0ms
 ✓ test/tasks/exhibit_timeline_record_tasks.test.js > Exhibit_timeline_record_tasks > Validation Helpers > _validate_string > should throw error for non-string 0ms
 ✓ test/tasks/exhibit_timeline_record_tasks.test.js > Exhibit_timeline_record_tasks > Validation Helpers > _validate_data_object > should not throw for valid object 0ms
 ✓ test/tasks/exhibit_timeline_record_tasks.test.js > Exhibit_timeline_record_tasks > Validation Helpers > _validate_data_object > should throw error for null 1ms
 ✓ test/tasks/exhibit_timeline_record_tasks.test.js > Exhibit_timeline_record_tasks > Validation Helpers > _validate_data_object > should throw error for array 0ms
 ✓ test/tasks/exhibit_timeline_record_tasks.test.js > Exhibit_timeline_record_tasks > Validation Helpers > _validate_data_object > should throw error for empty object 1ms
 ✓ test/tasks/exhibit_timeline_record_tasks.test.js > Exhibit_timeline_record_tasks > Validation Helpers > _validate_data_object > should throw error for non-object 0ms
 ✓ test/tasks/exhibit_timeline_record_tasks.test.js > Exhibit_timeline_record_tasks > Validation Helpers > _validate_data_object > should throw error for undefined 0ms
 ✓ test/tasks/exhibit_timeline_record_tasks.test.js > Exhibit_timeline_record_tasks > Validation Helpers > _sanitize_data > should only include allowed fields 6ms
 ✓ test/tasks/exhibit_timeline_record_tasks.test.js > Exhibit_timeline_record_tasks > Validation Helpers > _sanitize_data > should skip specified fields 1ms
 ✓ test/tasks/exhibit_timeline_record_tasks.test.js > Exhibit_timeline_record_tasks > Validation Helpers > _sanitize_data > should prevent prototype pollution 1ms
 ✓ test/tasks/exhibit_timeline_record_tasks.test.js > Exhibit_timeline_record_tasks > Validation Helpers > _sanitize_data > should prevent constructor pollution 1ms
 ✓ test/tasks/exhibit_timeline_record_tasks.test.js > Exhibit_timeline_record_tasks > Validation Helpers > _sanitize_data > should prevent prototype key pollution 0ms
 ✓ test/tasks/exhibit_timeline_record_tasks.test.js > Exhibit_timeline_record_tasks > Validation Helpers > _sanitize_data > should return invalid fields list 1ms
 ✓ test/tasks/exhibit_timeline_record_tasks.test.js > Exhibit_timeline_record_tasks > Validation Helpers > _sanitize_data > should handle empty data object 0ms
 ✓ test/tasks/exhibit_timeline_record_tasks.test.js > Exhibit_timeline_record_tasks > Validation Helpers > _sanitize_data > should handle all valid fields 0ms
 ✓ test/tasks/exhibit_timeline_record_tasks.test.js > Exhibit_timeline_record_tasks > Error Handling > should handle database connection errors 0ms
 ✓ test/tasks/exhibit_timeline_record_tasks.test.js > Exhibit_timeline_record_tasks > Error Handling > should handle null TABLE configuration 0ms
 ✓ test/tasks/exhibit_timeline_record_tasks.test.js > Exhibit_timeline_record_tasks > Error Handling > should handle undefined TABLE entries 0ms
 ✓ test/tasks/exhibit_timeline_record_tasks.test.js > Exhibit_timeline_record_tasks > Error Handling > _handle_error should log and rethrow error 9ms
 ✓ test/tasks/exhibit_timeline_record_tasks.test.js > Exhibit_timeline_record_tasks > _update_publish_status > should publish records successfully 5ms
 ✓ test/tasks/exhibit_timeline_record_tasks.test.js > Exhibit_timeline_record_tasks > _update_publish_status > should suppress records successfully 5ms
 ✓ test/tasks/exhibit_timeline_record_tasks.test.js > Exhibit_timeline_record_tasks > _update_publish_status > should throw error for invalid status 1ms
 ✓ test/tasks/exhibit_timeline_record_tasks.test.js > Exhibit_timeline_record_tasks > _update_publish_status > should include updated_by when provided 7ms
 ✓ test/tasks/exhibit_timeline_record_tasks.test.js > Exhibit_timeline_record_tasks > _reorder_items > should successfully reorder item 3ms
 ✓ test/tasks/exhibit_timeline_record_tasks.test.js > Exhibit_timeline_record_tasks > _reorder_items > should throw error for null item 1ms
 ✓ test/tasks/exhibit_timeline_record_tasks.test.js > Exhibit_timeline_record_tasks > _reorder_items > should throw error for array item 1ms
 ✓ test/tasks/exhibit_timeline_record_tasks.test.js > Exhibit_timeline_record_tasks > _reorder_items > should throw error when item missing uuid 6ms
 ✓ test/tasks/exhibit_timeline_record_tasks.test.js > Exhibit_timeline_record_tasks > _reorder_items > should throw error when item missing order 1ms
 ✓ test/tasks/exhibit_timeline_record_tasks.test.js > Exhibit_timeline_record_tasks > _reorder_items > should work with order value of 0 1ms
 ✓ test/tasks/exhibit_timeline_record_tasks.test.js > Exhibit_timeline_record_tasks > Publishing Methods > set_to_publish > should publish all timelines for an exhibit 1ms
 ✓ test/tasks/exhibit_timeline_record_tasks.test.js > Exhibit_timeline_record_tasks > Publishing Methods > set_to_publish > should throw error for invalid UUID 2ms
 ✓ test/tasks/exhibit_timeline_record_tasks.test.js > Exhibit_timeline_record_tasks > Publishing Methods > set_timeline_to_publish > should publish single timeline 1ms
 ✓ test/tasks/exhibit_timeline_record_tasks.test.js > Exhibit_timeline_record_tasks > Publishing Methods > set_timeline_item_to_publish > should publish single timeline item 1ms
 ✓ test/tasks/exhibit_timeline_record_tasks.test.js > Exhibit_timeline_record_tasks > Publishing Methods > set_to_publish_timeline_items > should publish all timeline items for a timeline 1ms
 ✓ test/tasks/exhibit_timeline_record_tasks.test.js > Exhibit_timeline_record_tasks > Publishing Methods > set_to_suppress > should suppress all timelines for an exhibit 6ms
 ✓ test/tasks/exhibit_timeline_record_tasks.test.js > Exhibit_timeline_record_tasks > Publishing Methods > set_timeline_to_suppress > should suppress single timeline 2ms
 ✓ test/tasks/exhibit_timeline_record_tasks.test.js > Exhibit_timeline_record_tasks > Publishing Methods > set_to_suppressed_timeline_items > should suppress all timeline items for a timeline 2ms
 ✓ test/tasks/exhibit_timeline_record_tasks.test.js > Exhibit_timeline_record_tasks > Reorder Methods > reorder_timelines > should successfully reorder timeline 1ms
 ✓ test/tasks/exhibit_timeline_record_tasks.test.js > Exhibit_timeline_record_tasks > Reorder Methods > reorder_timelines > should throw error for invalid exhibit UUID 1ms
 ✓ test/tasks/exhibit_timeline_record_tasks.test.js > Exhibit_timeline_record_tasks > Reorder Methods > reorder_timeline_items > should successfully reorder timeline item 1ms
 ✓ test/tasks/exhibit_timeline_record_tasks.test.js > Exhibit_timeline_record_tasks > Reorder Methods > reorder_timeline_items > should throw error for invalid timeline UUID 2ms
 ✓ test/tasks/exhibit_timeline_record_tasks.test.js > Exhibit_timeline_record_tasks > Integration Tests > should validate complete data flow 2ms
 ✓ test/tasks/exhibit_timeline_record_tasks.test.js > Exhibit_timeline_record_tasks > Integration Tests > should handle validation chain failure 1ms
 ✓ test/tasks/exhibit_timeline_record_tasks.test.js > Exhibit_timeline_record_tasks > Edge Cases > should handle UUID with leading/trailing whitespace 1ms
 ✓ test/tasks/exhibit_timeline_record_tasks.test.js > Exhibit_timeline_record_tasks > Edge Cases > should handle string with mixed whitespace 2ms
 ✓ test/tasks/exhibit_timeline_record_tasks.test.js > Exhibit_timeline_record_tasks > Edge Cases > should reject UUID with invalid variant 1ms
 ✓ test/tasks/exhibit_timeline_record_tasks.test.js > Exhibit_timeline_record_tasks > Edge Cases > should handle empty allowed fields in sanitize 1ms
 ✓ test/tasks/exhibit_timeline_record_tasks.test.js > Exhibit_timeline_record_tasks > Edge Cases > should handle special characters in field names 2ms
 ✓ test/tasks/exhibit_timeline_record_tasks.test.js > Exhibit_timeline_record_tasks > Edge Cases > should handle null values in data 1ms
 ✓ test/tasks/exhibit_timeline_record_tasks.test.js > Exhibit_timeline_record_tasks > Edge Cases > should handle undefined values in data 1ms
 ✓ test/tasks/exhibit_timeline_record_tasks.test.js > Exhibit_timeline_record_tasks > Security Tests > should prevent __proto__ injection 1ms
 ✓ test/tasks/exhibit_timeline_record_tasks.test.js > Exhibit_timeline_record_tasks > Security Tests > should prevent constructor injection 1ms
 ✓ test/tasks/exhibit_timeline_record_tasks.test.js > Exhibit_timeline_record_tasks > Security Tests > should prevent prototype injection 1ms
 ✓ test/tasks/exhibit_timeline_record_tasks.test.js > Exhibit_timeline_record_tasks > Type Validation > should reject boolean as UUID 1ms
 ✓ test/tasks/exhibit_timeline_record_tasks.test.js > Exhibit_timeline_record_tasks > Type Validation > should reject number as UUID 1ms
 ✓ test/tasks/exhibit_timeline_record_tasks.test.js > Exhibit_timeline_record_tasks > Type Validation > should reject object as UUID 1ms
 ✓ test/tasks/exhibit_timeline_record_tasks.test.js > Exhibit_timeline_record_tasks > Type Validation > should reject array as UUID 2ms
 ✓ test/tasks/exhibit_timeline_record_tasks.test.js > Exhibit_timeline_record_tasks > Type Validation > should reject function as data object 1ms
 ✓ test/tasks/exhibit_timeline_record_tasks.test.js > Exhibit_timeline_record_tasks > Type Validation > should reject symbol as string 1ms
 ✓ test/tasks/exhibit_record_tasks.test.js > Exhibit_record_tasks > Constructor > should initialize with correct properties 2ms
 ✓ test/tasks/exhibit_record_tasks.test.js > Exhibit_record_tasks > Constructor > should have correct protected fields 1ms
 ✓ test/tasks/exhibit_record_tasks.test.js > Exhibit_record_tasks > Validation Helpers > _validate_database > should not throw error for valid database connection 1ms
 ✓ test/tasks/exhibit_record_tasks.test.js > Exhibit_record_tasks > Validation Helpers > _validate_database > should throw error when DB is null 0ms
 ✓ test/tasks/exhibit_record_tasks.test.js > Exhibit_record_tasks > Validation Helpers > _validate_database > should throw error when DB is not a function 0ms
 ✓ test/tasks/exhibit_record_tasks.test.js > Exhibit_record_tasks > Validation Helpers > _validate_table > should not throw error for valid table name 0ms
 ✓ test/tasks/exhibit_record_tasks.test.js > Exhibit_record_tasks > Validation Helpers > _validate_table > should throw error for undefined table 0ms
 ✓ test/tasks/exhibit_record_tasks.test.js > Exhibit_record_tasks > Validation Helpers > _validate_table > should throw error when TABLE is null 0ms
 ✓ test/tasks/exhibit_record_tasks.test.js > Exhibit_record_tasks > Validation Helpers > _validate_uuid > should return trimmed UUID for valid input 1ms
 ✓ test/tasks/exhibit_record_tasks.test.js > Exhibit_record_tasks > Validation Helpers > _validate_uuid > should throw error for empty string 0ms
 ✓ test/tasks/exhibit_record_tasks.test.js > Exhibit_record_tasks > Validation Helpers > _validate_uuid > should throw error for null 0ms
 ✓ test/tasks/exhibit_record_tasks.test.js > Exhibit_record_tasks > Validation Helpers > _validate_uuid > should throw error for non-string 0ms
 ✓ test/tasks/exhibit_record_tasks.test.js > Exhibit_record_tasks > Validation Helpers > _validate_uuid > should throw error for invalid UUID format 3ms
 ✓ test/tasks/exhibit_record_tasks.test.js > Exhibit_record_tasks > Validation Helpers > _validate_uuid > should use custom field name in error message 0ms
 ✓ test/tasks/exhibit_record_tasks.test.js > Exhibit_record_tasks > Validation Helpers > _validate_uuid > should accept various valid UUID versions 1ms
 ✓ test/tasks/exhibit_record_tasks.test.js > Exhibit_record_tasks > Validation Helpers > _validate_data_object > should not throw for valid object 0ms
 ✓ test/tasks/exhibit_record_tasks.test.js > Exhibit_record_tasks > Validation Helpers > _validate_data_object > should throw error for null 0ms
 ✓ test/tasks/exhibit_record_tasks.test.js > Exhibit_record_tasks > Validation Helpers > _validate_data_object > should throw error for array 0ms
 ✓ test/tasks/exhibit_record_tasks.test.js > Exhibit_record_tasks > Validation Helpers > _validate_data_object > should throw error for empty object 0ms
 ✓ test/tasks/exhibit_record_tasks.test.js > Exhibit_record_tasks > Validation Helpers > _validate_data_object > should throw error for non-object 0ms
 ✓ test/tasks/exhibit_record_tasks.test.js > Exhibit_record_tasks > Validation Helpers > _sanitize_update_data > should only include allowed fields 4ms
 ✓ test/tasks/exhibit_record_tasks.test.js > Exhibit_record_tasks > Validation Helpers > _sanitize_update_data > should throw error for protected fields 1ms
 ✓ test/tasks/exhibit_record_tasks.test.js > Exhibit_record_tasks > Validation Helpers > _sanitize_update_data > should throw error for created field 0ms
 ✓ test/tasks/exhibit_record_tasks.test.js > Exhibit_record_tasks > Validation Helpers > _sanitize_update_data > should throw error for is_deleted field 0ms
 ✓ test/tasks/exhibit_record_tasks.test.js > Exhibit_record_tasks > Validation Helpers > _sanitize_update_data > should return empty object when no valid fields 1ms
 ✓ test/tasks/exhibit_record_tasks.test.js > Exhibit_record_tasks > Async Helpers > _with_timeout > should resolve if query completes before timeout 1ms
[32m[2026-08-14T11:31:08.873] [INFO] default - [39mExhibit publish successful {
  uuid: '550e8400-e29b-41d4-a716-446655440000',
  flags: [ 'is_published' ],
  timestamp: '2026-08-14T18:31:08.873Z'
}
[91m[2026-08-14T11:31:08.874] [ERROR] default - [39mFailed to publish: Invalid exhibit UUID format
[91m[2026-08-14T11:31:08.875] [ERROR] default - [39mFailed to publish: No rows affected during publish
[32m[2026-08-14T11:31:08.876] [INFO] default - [39mExhibit publish successful {
  uuid: '550e8400-e29b-41d4-a716-446655440000',
  flags: [ 'is_preview', 'is_published' ],
  timestamp: '2026-08-14T18:31:08.876Z'
}
[91m[2026-08-14T11:31:08.876] [ERROR] default - [39mFailed to publish: Invalid exhibit UUID format
[91m[2026-08-14T11:31:08.876] [ERROR] default - [39mFailed to publish: No rows affected during publish
[32m[2026-08-14T11:31:08.877] [INFO] default - [39mExhibit suppress successful {
  uuid: '550e8400-e29b-41d4-a716-446655440000',
  flags: [ 'is_published' ],
  timestamp: '2026-08-14T18:31:08.877Z'
}
[32m[2026-08-14T11:31:08.877] [INFO] default - [39mExhibit set preview successful {
  uuid: '550e8400-e29b-41d4-a716-446655440000',
  flags: [ 'is_preview' ],
  timestamp: '2026-08-14T18:31:08.877Z'
}
[32m[2026-08-14T11:31:08.877] [INFO] default - [39mExhibit unset preview successful {
  uuid: '550e8400-e29b-41d4-a716-446655440000',
  flags: [ 'is_preview' ],
  timestamp: '2026-08-14T18:31:08.877Z'
}
[32m[2026-08-14T11:31:08.878] [INFO] default - [39mExhibit record updated successfully {
  uuid: '550e8400-e29b-41d4-a716-446655440000',
  fields_updated: [ 'title', 'description', 'updated' ],
  updated_by: null,
  timestamp: '2026-08-14T18:31:08.878Z'
}
[91m[2026-08-14T11:31:08.881] [ERROR] default - [39mERROR: [/exhibits/exhibit_record_tasks (update_exhibit_record)] Failed to update exhibit record {
  method: 'update_exhibit_record',
  table: 'tbl_exhibit_records',
  uuid: '550e8400-e29b-41d4-a716-446655440000',
  data_keys: [],
  updated_by: null,
  timestamp: '2026-08-14T18:31:08.878Z',
  message: 'Data must be a valid object',
  stack: 'Error: Data must be a valid object\n' +
    '    at Exhibit_record_tasks._validate_data_object (/Users/fcr/Dropbox/work/workspace/exhibits/exhibits-backend/exhibits/tasks/tasks_helper.js:118:19)\n' +
    '    at Exhibit_record_tasks.update_exhibit_record (/Users/fcr/Dropbox/work/workspace/exhibits/exhibits-backend/exhibits/tasks/exhibit_record_tasks.js:592:18)\n' +
    '    at /Users/fcr/Dropbox/work/workspace/exhibits/exhibits-backend/test/tasks/exhibit_record_tasks.test.js:443:39\n' +
    '    at file:///Users/fcr/Dropbox/work/workspace/exhibits/exhibits-backend/node_modules/@vitest/runner/dist/chunk-hooks.js:155:11\n' +
    '    at file:///Users/fcr/Dropbox/work/workspace/exhibits/exhibits-backend/node_modules/@vitest/runner/dist/chunk-hooks.js:752:26\n' +
    '    at file:///Users/fcr/Dropbox/work/workspace/exhibits/exhibits-backend/node_modules/@vitest/runner/dist/chunk-hooks.js:1897:20\n' +
    '    at new Promise (<anonymous>)\n' +
    '    at runWithTimeout (file:///Users/fcr/Dropbox/work/workspace/exhibits/exhibits-backend/node_modules/@vitest/runner/dist/chunk-hooks.js:1863:10)\n' +
    '    at runTest (file:///Users/fcr/Dropbox/work/workspace/exhibits/exhibits-backend/node_modules/@vitest/runner/dist/chunk-hooks.js:1574:12)\n' +
    '    at runSuite (file:///Users/fcr/Dropbox/work/workspace/exhibits/exhibits-backend/node_modules/@vitest/runner/dist/chunk-hooks.js:1729:8)'
}
[91m[2026-08-14T11:31:08.882] [ERROR] default - [39mERROR: [/exhibits/exhibit_record_tasks (update_exhibit_record)] Failed to update exhibit record {
  method: 'update_exhibit_record',
  table: 'tbl_exhibit_records',
  uuid: '550e8400-e29b-41d4-a716-446655440000',
  data_keys: [],
  updated_by: null,
  timestamp: '2026-08-14T18:31:08.882Z',
  message: 'Data object cannot be empty',
  stack: 'Error: Data object cannot be empty\n' +
    '    at Exhibit_record_tasks._validate_data_object (/Users/fcr/Dropbox/work/workspace/exhibits/exhibits-backend/exhibits/tasks/tasks_helper.js:122:19)\n' +
    '    at Exhibit_record_tasks.update_exhibit_record (/Users/fcr/Dropbox/work/workspace/exhibits/exhibits-backend/exhibits/tasks/exhibit_record_tasks.js:592:18)\n' +
    '    at /Users/fcr/Dropbox/work/workspace/exhibits/exhibits-backend/test/tasks/exhibit_record_tasks.test.js:448:39\n' +
    '    at file:///Users/fcr/Dropbox/work/workspace/exhibits/exhibits-backend/node_modules/@vitest/runner/dist/chunk-hooks.js:155:11\n' +
    '    at file:///Users/fcr/Dropbox/work/workspace/exhibits/exhibits-backend/node_modules/@vitest/runner/dist/chunk-hooks.js:752:26\n' +
    '    at file:///Users/fcr/Dropbox/work/workspace/exhibits/exhibits-backend/node_modules/@vitest/runner/dist/chunk-hooks.js:1897:20\n' +
    '    at new Promise (<anonymous>)\n' +
    '    at runWithTimeout (file:///Users/fcr/Dropbox/work/workspace/exhibits/exhibits-backend/node_modules/@vitest/runner/dist/chunk-hooks.js:1863:10)\n' +
    '    at runTest (file:///Users/fcr/Dropbox/work/workspace/exhibits/exhibits-backend/node_modules/@vitest/runner/dist/chunk-hooks.js:1574:12)\n' +
    '    at runSuite (file:///Users/fcr/Dropbox/work/workspace/exhibits/exhibits-backend/node_modules/@vitest/runner/dist/chunk-hooks.js:1729:8)'
}
[91m[2026-08-14T11:31:08.882] [ERROR] default - [39mERROR: [/exhibits/exhibit_record_tasks (update_exhibit_record)] Failed to update exhibit record {
  method: 'update_exhibit_record',
  table: 'tbl_exhibit_records',
  uuid: 'invalid',
  data_keys: [ 'title' ],
  updated_by: null,
  timestamp: '2026-08-14T18:31:08.882Z',
  message: 'Invalid exhibit UUID format',
  stack: 'Error: Invalid exhibit UUID format\n' +
    '    at Exhibit_record_tasks._validate_uuid (/Users/fcr/Dropbox/work/workspace/exhibits/exhibits-backend/exhibits/tasks/tasks_helper.js:77:19)\n' +
    '    at Exhibit_record_tasks.update_exhibit_record (/Users/fcr/Dropbox/work/workspace/exhibits/exhibits-backend/exhibits/tasks/exhibit_record_tasks.js:591:41)\n' +
    '    at /Users/fcr/Dropbox/work/workspace/exhibits/exhibits-backend/test/tasks/exhibit_record_tasks.test.js:453:39\n' +
    '    at file:///Users/fcr/Dropbox/work/workspace/exhibits/exhibits-backend/node_modules/@vitest/runner/dist/chunk-hooks.js:155:11\n' +
    '    at file:///Users/fcr/Dropbox/work/workspace/exhibits/exhibits-backend/node_modules/@vitest/runner/dist/chunk-hooks.js:752:26\n' +
    '    at file:///Users/fcr/Dropbox/work/workspace/exhibits/exhibits-backend/node_modules/@vitest/runner/dist/chunk-hooks.js:1897:20\n' +
    '    at new Promise (<anonymous>)\n' +
    '    at runWithTimeout (file:///Users/fcr/Dropbox/work/workspace/exhibits/exhibits-backend/node_modules/@vitest/runner/dist/chunk-hooks.js:1863:10)\n' +
    '    at runTest (file:///Users/fcr/Dropbox/work/workspace/exhibits/exhibits-backend/node_modules/@vitest/runner/dist/chunk-hooks.js:1574:12)\n' +
    '    at runSuite (file:///Users/fcr/Dropbox/work/workspace/exhibits/exhibits-backend/node_modules/@vitest/runner/dist/chunk-hooks.js:1729:8)'
}
[91m[2026-08-14T11:31:08.883] [ERROR] default - [39mERROR: [/exhibits/exhibit_record_tasks (update_exhibit_record)] Failed to update exhibit record {
  method: 'update_exhibit_record',
  table: 'tbl_exhibit_records',
  uuid: '550e8400-e29b-41d4-a716-446655440000',
  data_keys: [ 'title', 'created' ],
  updated_by: null,
  timestamp: '2026-08-14T18:31:08.883Z',
  message: 'Cannot update protected field: created',
  stack: 'Error: Cannot update protected field: created\n' +
    '    at /Users/fcr/Dropbox/work/workspace/exhibits/exhibits-backend/exhibits/tasks/exhibit_record_tasks.js:134:23\n' +
    '    at Array.forEach (<anonymous>)\n' +
    '    at Exhibit_record_tasks._sanitize_update_data (/Users/fcr/Dropbox/work/workspace/exhibits/exhibits-backend/exhibits/tasks/exhibit_record_tasks.js:131:27)\n' +
    '    at Exhibit_record_tasks.update_exhibit_record (/Users/fcr/Dropbox/work/workspace/exhibits/exhibits-backend/exhibits/tasks/exhibit_record_tasks.js:595:41)\n' +
    '    at /Users/fcr/Dropbox/work/workspace/exhibits/exhibits-backend/test/tasks/exhibit_record_tasks.test.js:462:39\n' +
    '    at file:///Users/fcr/Dropbox/work/workspace/exhibits/exhibits-backend/node_modules/@vitest/runner/dist/chunk-hooks.js:155:11\n' +
    '    at file:///Users/fcr/Dropbox/work/workspace/exhibits/exhibits-backend/node_modules/@vitest/runner/dist/chunk-hooks.js:752:26\n' +
    '    at file:///Users/fcr/Dropbox/work/workspace/exhibits/exhibits-backend/node_modules/@vitest/runner/dist/chunk-hooks.js:1897:20\n' +
    '    at new Promise (<anonymous>)\n' +
    '    at runWithTimeout (file:///Users/fcr/Dropbox/work/workspace/exhibits/exhibits-backend/node_modules/@vitest/runner/dist/chunk-hooks.js:1863:10)'
}
[32m[2026-08-14T11:31:08.883] [INFO] default - [39mExhibit record deleted successfully {
  uuid: '550e8400-e29b-41d4-a716-446655440000',
  title: 'Test',
  deleted_by: 'user123',
  timestamp: '2026-08-14T18:31:08.883Z'
}
[91m[2026-08-14T11:31:08.885] [ERROR] default - [39mERROR: [/exhibits/exhibit_record_tasks (delete_exhibit_record)] Failed to delete exhibit record {
  method: 'delete_exhibit_record',
  table: 'tbl_exhibit_records',
  uuid: 'invalid-uuid',
  deleted_by: null,
  timestamp: '2026-08-14T18:31:08.885Z',
  message: 'Invalid exhibit UUID format',
  stack: 'Error: Invalid exhibit UUID format\n' +
    '    at Exhibit_record_tasks._validate_uuid (/Users/fcr/Dropbox/work/workspace/exhibits/exhibits-backend/exhibits/tasks/tasks_helper.js:77:19)\n' +
    '    at Exhibit_record_tasks.delete_exhibit_record (/Users/fcr/Dropbox/work/workspace/exhibits/exhibits-backend/exhibits/tasks/exhibit_record_tasks.js:684:41)\n' +
    '    at /Users/fcr/Dropbox/work/workspace/exhibits/exhibits-backend/test/tasks/exhibit_record_tasks.test.js:494:39\n' +
    '    at file:///Users/fcr/Dropbox/work/workspace/exhibits/exhibits-backend/node_modules/@vitest/runner/dist/chunk-hooks.js:155:11\n' +
    '    at file:///Users/fcr/Dropbox/work/workspace/exhibits/exhibits-backend/node_modules/@vitest/runner/dist/chunk-hooks.js:752:26\n' +
    '    at file:///Users/fcr/Dropbox/work/workspace/exhibits/exhibits-backend/node_modules/@vitest/runner/dist/chunk-hooks.js:1897:20\n' +
    '    at new Promise (<anonymous>)\n' +
    '    at runWithTimeout (file:///Users/fcr/Dropbox/work/workspace/exhibits/exhibits-backend/node_modules/@vitest/runner/dist/chunk-hooks.js:1863:10)\n' +
    '    at runTest (file:///Users/fcr/Dropbox/work/workspace/exhibits/exhibits-backend/node_modules/@vitest/runner/dist/chunk-hooks.js:1574:12)\n' +
    '    at runSuite (file:///Users/fcr/Dropbox/work/workspace/exhibits/exhibits-backend/node_modules/@vitest/runner/dist/chunk-hooks.js:1729:8)'
}
[91m[2026-08-14T11:31:08.886] [ERROR] default - [39mERROR: [/exhibits/exhibit_record_tasks (delete_exhibit_record)] Failed to delete exhibit record {
  method: 'delete_exhibit_record',
  table: 'tbl_exhibit_records',
  uuid: '550e8400-e29b-41d4-a716-446655440000',
  deleted_by: null,
  timestamp: '2026-08-14T18:31:08.885Z',
  message: 'Exhibit record not found: 550e8400-e29b-41d4-a716-446655440000',
  stack: 'Error: Exhibit record not found: 550e8400-e29b-41d4-a716-446655440000\n' +
    '    at Exhibit_record_tasks._validate_record_exists (/Users/fcr/Dropbox/work/workspace/exhibits/exhibits-backend/exhibits/tasks/exhibit_record_tasks.js:110:19)\n' +
    '    at Exhibit_record_tasks.delete_exhibit_record (/Users/fcr/Dropbox/work/workspace/exhibits/exhibits-backend/exhibits/tasks/exhibit_record_tasks.js:687:30)\n' +
    '    at /Users/fcr/Dropbox/work/workspace/exhibits/exhibits-backend/test/tasks/exhibit_record_tasks.test.js:506:13\n' +
    '    at file:///Users/fcr/Dropbox/work/workspace/exhibits/exhibits-backend/node_modules/@vitest/runner/dist/chunk-hooks.js:752:20'
}
[91m[2026-08-14T11:31:08.886] [ERROR] default - [39mERROR: [/exhibits/exhibit_record_tasks (delete_exhibit_record)] Failed to delete exhibit record {
  method: 'delete_exhibit_record',
  table: 'tbl_exhibit_records',
  uuid: '550e8400-e29b-41d4-a716-446655440000',
  deleted_by: null,
  timestamp: '2026-08-14T18:31:08.886Z',
  message: 'Cannot modify deleted exhibit record: 550e8400-e29b-41d4-a716-446655440000',
  stack: 'Error: Cannot modify deleted exhibit record: 550e8400-e29b-41d4-a716-446655440000\n' +
    '    at Exhibit_record_tasks._validate_record_exists (/Users/fcr/Dropbox/work/workspace/exhibits/exhibits-backend/exhibits/tasks/exhibit_record_tasks.js:114:19)\n' +
    '    at Exhibit_record_tasks.delete_exhibit_record (/Users/fcr/Dropbox/work/workspace/exhibits/exhibits-backend/exhibits/tasks/exhibit_record_tasks.js:687:30)\n' +
    '    at /Users/fcr/Dropbox/work/workspace/exhibits/exhibits-backend/test/tasks/exhibit_record_tasks.test.js:519:13\n' +
    '    at file:///Users/fcr/Dropbox/work/workspace/exhibits/exhibits-backend/node_modules/@vitest/runner/dist/chunk-hooks.js:752:20'
}
[32m[2026-08-14T11:31:08.886] [INFO] default - [39mExhibit reorder successful {
  uuid: '550e8400-e29b-41d4-a716-446655440000',
  flags: [ 'order' ],
  timestamp: '2026-08-14T18:31:08.886Z'
}
[32m[2026-08-14T11:31:08.887] [INFO] default - [39mExhibit reorder successful {
  uuid: '550e8400-e29b-41d4-a716-446655440000',
  flags: [ 'order' ],
  timestamp: '2026-08-14T18:31:08.887Z'
}
[91m[2026-08-14T11:31:08.887] [ERROR] default - [39mFailed to reorder: Invalid exhibit UUID format
[32m[2026-08-14T11:31:08.888] [INFO] default - [39mExhibit record updated successfully {
  uuid: '550e8400-e29b-41d4-a716-446655440000',
  fields_updated: 'timestamp',
  timestamp: '2026-08-14T18:31:08.888Z'
}
[91m[2026-08-14T11:31:08.889] [ERROR] default - [39mERROR: [/exhibits/exhibit_record_tasks (test_method)] Failed to test method {
  method: 'test_method',
  table: 'tbl_exhibit_records',
  uuid: 'test',
  timestamp: '2026-08-14T18:31:08.889Z',
  message: 'Test error',
  stack: 'Error: Test error\n' +
    '    at /Users/fcr/Dropbox/work/workspace/exhibits/exhibits-backend/test/tasks/exhibit_record_tasks.test.js:626:31\n' +
    '    at file:///Users/fcr/Dropbox/work/workspace/exhibits/exhibits-backend/node_modules/@vitest/runner/dist/chunk-hooks.js:155:11\n' +
    '    at file:///Users/fcr/Dropbox/work/workspace/exhibits/exhibits-backend/node_modules/@vitest/runner/dist/chunk-hooks.js:752:26\n' +
    '    at file:///Users/fcr/Dropbox/work/workspace/exhibits/exhibits-backend/node_modules/@vitest/runner/dist/chunk-hooks.js:1897:20\n' +
    '    at new Promise (<anonymous>)\n' +
    '    at runWithTimeout (file:///Users/fcr/Dropbox/work/workspace/exhibits/exhibits-backend/node_modules/@vitest/runner/dist/chunk-hooks.js:1863:10)\n' +
    '    at runTest (file:///Users/fcr/Dropbox/work/workspace/exhibits/exhibits-backend/node_modules/@vitest/runner/dist/chunk-hooks.js:1574:12)\n' +
    '    at runSuite (file:///Users/fcr/Dropbox/work/workspace/exhibits/exhibits-backend/node_modules/@vitest/runner/dist/chunk-hooks.js:1729:8)\n' +
    '    at runSuite (file:///Users/fcr/Dropbox/work/workspace/exhibits/exhibits-backend/node_modules/@vitest/runner/dist/chunk-hooks.js:1729:8)\n' +
    '    at runSuite (file:///Users/fcr/Dropbox/work/workspace/exhibits/exhibits-backend/node_modules/@vitest/runner/dist/chunk-hooks.js:1729:8)'
}
[91m[2026-08-14T11:31:08.890] [ERROR] default - [39mFailed to publish: Database connection is not available
 ✓ test/tasks/exhibit_record_tasks.test.js > Exhibit_record_tasks > Async Helpers > _with_timeout > should reject with timeout error if query takes too long 101ms
 ✓ test/tasks/exhibit_record_tasks.test.js > Exhibit_record_tasks > Async Helpers > _get_existing_record > should return record when it exists 1ms
 ✓ test/tasks/exhibit_record_tasks.test.js > Exhibit_record_tasks > Async Helpers > _get_existing_record > should return null when record does not exist 0ms
 ✓ test/tasks/exhibit_record_tasks.test.js > Exhibit_record_tasks > Async Helpers > _validate_record_exists > should return record when it exists and is not deleted 0ms
 ✓ test/tasks/exhibit_record_tasks.test.js > Exhibit_record_tasks > Async Helpers > _validate_record_exists > should throw error when record does not exist 0ms
 ✓ test/tasks/exhibit_record_tasks.test.js > Exhibit_record_tasks > Async Helpers > _validate_record_exists > should throw error when record is deleted 0ms
 ✓ test/tasks/exhibit_record_tasks.test.js > Exhibit_record_tasks > _update_flags > should successfully update flags 1ms
 ✓ test/tasks/exhibit_record_tasks.test.js > Exhibit_record_tasks > _update_flags > should return false for invalid UUID 0ms
 ✓ test/tasks/exhibit_record_tasks.test.js > Exhibit_record_tasks > _update_flags > should return false when no rows affected 1ms
 ✓ test/tasks/exhibit_record_tasks.test.js > Exhibit_record_tasks > Publishing Methods > set_to_publish should set correct flags 0ms
 ✓ test/tasks/exhibit_record_tasks.test.js > Exhibit_record_tasks > Publishing Methods > set_to_publish should return false for invalid UUID 0ms
 ✓ test/tasks/exhibit_record_tasks.test.js > Exhibit_record_tasks > Publishing Methods > set_to_publish should return false when no rows affected 0ms
 ✓ test/tasks/exhibit_record_tasks.test.js > Exhibit_record_tasks > Publishing Methods > set_to_suppress should set correct flags 0ms
 ✓ test/tasks/exhibit_record_tasks.test.js > Exhibit_record_tasks > Publishing Methods > set_preview should set preview flag 0ms
 ✓ test/tasks/exhibit_record_tasks.test.js > Exhibit_record_tasks > Publishing Methods > unset_preview should unset preview flag 0ms
 ✓ test/tasks/exhibit_record_tasks.test.js > Exhibit_record_tasks > update_exhibit_record > should successfully update exhibit record 0ms
 ✓ test/tasks/exhibit_record_tasks.test.js > Exhibit_record_tasks > update_exhibit_record > should throw error for null data 3ms
 ✓ test/tasks/exhibit_record_tasks.test.js > Exhibit_record_tasks > update_exhibit_record > should throw error for empty object 1ms
 ✓ test/tasks/exhibit_record_tasks.test.js > Exhibit_record_tasks > update_exhibit_record > should throw error when uuid is invalid 1ms
 ✓ test/tasks/exhibit_record_tasks.test.js > Exhibit_record_tasks > update_exhibit_record > should handle protected fields correctly 0ms
 ✓ test/tasks/exhibit_record_tasks.test.js > Exhibit_record_tasks > delete_exhibit_record > should successfully soft delete exhibit record 0ms
 ✓ test/tasks/exhibit_record_tasks.test.js > Exhibit_record_tasks > delete_exhibit_record > should throw error for invalid UUID 2ms
 ✓ test/tasks/exhibit_record_tasks.test.js > Exhibit_record_tasks > delete_exhibit_record > should throw error when record does not exist 1ms
 ✓ test/tasks/exhibit_record_tasks.test.js > Exhibit_record_tasks > delete_exhibit_record > should throw error when record is already deleted 0ms
 ✓ test/tasks/exhibit_record_tasks.test.js > Exhibit_record_tasks > reorder_exhibits > should successfully reorder exhibit 0ms
 ✓ test/tasks/exhibit_record_tasks.test.js > Exhibit_record_tasks > reorder_exhibits > should work with order value of 0 0ms
 ✓ test/tasks/exhibit_record_tasks.test.js > Exhibit_record_tasks > reorder_exhibits > should return false for invalid UUID 0ms
 ✓ test/tasks/exhibit_record_tasks.test.js > Exhibit_record_tasks > update_exhibit_timestamp > should successfully update timestamp 1ms
 ✓ test/tasks/exhibit_record_tasks.test.js > Exhibit_record_tasks > update_exhibit_timestamp > should handle invalid UUID gracefully 0ms
 ✓ test/tasks/exhibit_record_tasks.test.js > Exhibit_record_tasks > update_exhibit_timestamp > should handle no rows affected 0ms
 ✓ test/tasks/exhibit_record_tasks.test.js > Exhibit_record_tasks > Error Handling > _handle_error should log and rethrow error 1ms
 ✓ test/tasks/exhibit_record_tasks.test.js > Exhibit_record_tasks > Error Handling > should handle database connection errors gracefully 0ms
 ✓ test/tasks/exhibit_record_tasks.test.js > Exhibit_record_tasks > Error Handling > should handle query timeout errors 11ms
 ✓ test/tasks/indexer_index_tasks.test.js > Indexer_index_tasks > Record Sanitization (_sanitize_record) > should create deep copy of record 0ms
 ✓ test/tasks/indexer_index_tasks.test.js > Indexer_index_tasks > index_record > should index record successfully with created result 2ms
 ✓ test/tasks/indexer_index_tasks.test.js > Indexer_index_tasks > index_record > should index record successfully with updated result 1ms
 ✓ test/tasks/indexer_index_tasks.test.js > Indexer_index_tasks > index_record > should handle noop result as failure 1ms
 ✓ test/tasks/indexer_index_tasks.test.js > Indexer_index_tasks > index_record > should handle empty response from Elasticsearch 1ms
 ✓ test/tasks/indexer_index_tasks.test.js > Indexer_index_tasks > index_record > should use default options 0ms
 ✓ test/tasks/indexer_index_tasks.test.js > Indexer_index_tasks > index_record > should accept custom options 0ms
 ✓ test/tasks/indexer_index_tasks.test.js > Indexer_index_tasks > index_record > should handle Elasticsearch error with meta 1ms
[33m[2026-08-14T11:31:09.013] [WARN] default - [39mInvalid fields ignored { fields: [ 'invalid_field' ] }
[33m[2026-08-14T11:31:09.016] [WARN] default - [39mInvalid fields ignored { fields: [ 'invalid_field' ] }
[91m[2026-08-14T11:31:09.024] [ERROR] default - [39mERROR: [/auth/sso_guard] neither SSO_GATEWAY_SECRET nor SSO_HOST_IP is configured; refusing SSO callback (fail closed).
[33m[2026-08-14T11:31:09.029] [WARN] default - [39mWARNING: [/auth/sso_guard] no SSO callback controls configured; allowing (non-production).
[32m[2026-08-14T11:31:09.029] [INFO] default - [39mGrid record count retrieved {
  is_member_of_exhibit: '550e8400-e29b-41d4-a716-446655440000',
  count: 5,
  timestamp: '2026-08-14T18:31:09.029Z'
}
[32m[2026-08-14T11:31:09.030] [INFO] default - [39mGrid record count retrieved {
  is_member_of_exhibit: '550e8400-e29b-41d4-a716-446655440000',
  count: 0,
  timestamp: '2026-08-14T18:31:09.030Z'
}
[32m[2026-08-14T11:31:09.030] [INFO] default - [39mGrid record count retrieved {
  is_member_of_exhibit: '550e8400-e29b-41d4-a716-446655440000',
  count: 0,
  timestamp: '2026-08-14T18:31:09.030Z'
}
[33m[2026-08-14T11:31:09.032] [WARN] default - [39mWARNING: [/auth/sso_guard] rejected SSO callback: missing or invalid gateway secret header.
[33m[2026-08-14T11:31:09.033] [WARN] default - [39mWARNING: [/auth/sso_guard] rejected SSO callback: missing or invalid gateway secret header.
[91m[2026-08-14T11:31:09.035] [ERROR] default - [39mFailed to get grid record count {
  method: 'get_grid_record_count',
  is_member_of_exhibit: 'invalid',
  timestamp: '2026-08-14T18:31:09.031Z',
  message: 'Invalid exhibit UUID format',
  stack: 'Error: Invalid exhibit UUID format\n' +
    '    at Exhibit_grid_record_tasks._validate_uuid (/Users/fcr/Dropbox/work/workspace/exhibits/exhibits-backend/exhibits/tasks/tasks_helper.js:77:19)\n' +
    '    at Exhibit_grid_record_tasks.get_record_count (/Users/fcr/Dropbox/work/workspace/exhibits/exhibits-backend/exhibits/tasks/exhibit_grid_record_tasks.js:480:39)\n' +
    '    at /Users/fcr/Dropbox/work/workspace/exhibits/exhibits-backend/test/tasks/exhibit_grid_record_tasks.test.js:423:36\n' +
    '    at file:///Users/fcr/Dropbox/work/workspace/exhibits/exhibits-backend/node_modules/@vitest/runner/dist/chunk-hooks.js:155:11\n' +
    '    at file:///Users/fcr/Dropbox/work/workspace/exhibits/exhibits-backend/node_modules/@vitest/runner/dist/chunk-hooks.js:752:26\n' +
    '    at file:///Users/fcr/Dropbox/work/workspace/exhibits/exhibits-backend/node_modules/@vitest/runner/dist/chunk-hooks.js:1897:20\n' +
    '    at new Promise (<anonymous>)\n' +
    '    at runWithTimeout (file:///Users/fcr/Dropbox/work/workspace/exhibits/exhibits-backend/node_modules/@vitest/runner/dist/chunk-hooks.js:1863:10)\n' +
    '    at runTest (file:///Users/fcr/Dropbox/work/workspace/exhibits/exhibits-backend/node_modules/@vitest/runner/dist/chunk-hooks.js:1574:12)\n' +
    '    at processTicksAndRejections (node:internal/process/task_queues:104:5)'
}
[32m[2026-08-14T11:31:09.037] [INFO] default - [39mGrid record updated successfully {
  uuid: '660e8400-e29b-41d4-a716-446655440000',
  timestamp: '2026-08-14T18:31:09.037Z'
}
[33m[2026-08-14T11:31:09.038] [WARN] default - [39mWARNING: [/auth/sso_guard] rejected SSO callback from unauthorized IP: 203.0.113.9
[33m[2026-08-14T11:31:09.038] [WARN] default - [39mNo grid record found or updated
[33m[2026-08-14T11:31:09.041] [WARN] default - [39mWARNING: [/auth/sso_guard] rejected SSO callback from unauthorized IP: 203.0.113.9
 ✓ test/tasks/sso_guard.test.js > sso_guard > unconfigured > fails closed (503) in production when neither control is set 40ms
 ✓ test/tasks/sso_guard.test.js > sso_guard > unconfigured > allows (permissive) in non-production when nothing is set 3ms
 ✓ test/tasks/sso_guard.test.js > sso_guard > shared-secret header > allows when the secret header matches 1ms
 ✓ test/tasks/sso_guard.test.js > sso_guard > shared-secret header > rejects (403) when the secret header is missing 2ms
 ✓ test/tasks/sso_guard.test.js > sso_guard > shared-secret header > rejects (403) when the secret header is wrong 1ms
 ✓ test/tasks/sso_guard.test.js > sso_guard > shared-secret header > honors a custom header name via SSO_GATEWAY_HEADER 3ms
 ✓ test/tasks/sso_guard.test.js > sso_guard > IP allowlist > allows when req.ip is in the allowlist 1ms
 ✓ test/tasks/sso_guard.test.js > sso_guard > IP allowlist > rejects (403) when req.ip is not in the allowlist 1ms
 ✓ test/tasks/sso_guard.test.js > sso_guard > IP allowlist > normalizes IPv4-mapped IPv6 (::ffff:) before comparing 1ms
 ✓ test/tasks/sso_guard.test.js > sso_guard > IP allowlist > reads the source from SSO_CLIENT_IP_HEADER when set 1ms
 ✓ test/tasks/sso_guard.test.js > sso_guard > both controls configured (AND) > allows only when secret AND ip both pass 1ms
 ✓ test/tasks/sso_guard.test.js > sso_guard > both controls configured (AND) > rejects when the secret passes but the ip fails 1ms
 ✓ test/tasks/sso_guard.test.js > sso_guard > helpers > normalize_ip folds ::1 to 127.0.0.1 and strips ::ffff: 0ms
 ✓ test/tasks/sso_guard.test.js > sso_guard > helpers > secrets_match is true only for exact equal-length matches 0ms
[33m[2026-08-14T11:31:09.042] [WARN] default - [39mInvalid fields ignored { fields: [ 'invalid_field' ] }
[91m[2026-08-14T11:31:09.045] [ERROR] default - [39mNo valid fields to update
[91m[2026-08-14T11:31:09.047] [ERROR] default - [39mFailed to update grid record {
  method: 'update_grid_record',
  uuid: 'invalid',
  timestamp: '2026-08-14T18:31:09.047Z',
  message: 'Invalid grid UUID format',
  stack: 'Error: Invalid grid UUID format\n' +
    '    at Exhibit_grid_record_tasks._validate_uuid (/Users/fcr/Dropbox/work/workspace/exhibits/exhibits-backend/exhibits/tasks/tasks_helper.js:77:19)\n' +
    '    at Exhibit_grid_record_tasks._validate_uuids (/Users/fcr/Dropbox/work/workspace/exhibits/exhibits-backend/exhibits/tasks/tasks_helper.js:92:36)\n' +
    '    at Exhibit_grid_record_tasks.update_grid_record (/Users/fcr/Dropbox/work/workspace/exhibits/exhibits-backend/exhibits/tasks/exhibit_grid_record_tasks.js:419:36)\n' +
    '    at /Users/fcr/Dropbox/work/workspace/exhibits/exhibits-backend/test/tasks/exhibit_grid_record_tasks.test.js:482:36\n' +
    '    at file:///Users/fcr/Dropbox/work/workspace/exhibits/exhibits-backend/node_modules/@vitest/runner/dist/chunk-hooks.js:155:11\n' +
    '    at file:///Users/fcr/Dropbox/work/workspace/exhibits/exhibits-backend/node_modules/@vitest/runner/dist/chunk-hooks.js:752:26\n' +
    '    at file:///Users/fcr/Dropbox/work/workspace/exhibits/exhibits-backend/node_modules/@vitest/runner/dist/chunk-hooks.js:1897:20\n' +
    '    at new Promise (<anonymous>)\n' +
    '    at runWithTimeout (file:///Users/fcr/Dropbox/work/workspace/exhibits/exhibits-backend/node_modules/@vitest/runner/dist/chunk-hooks.js:1863:10)\n' +
    '    at runTest (file:///Users/fcr/Dropbox/work/workspace/exhibits/exhibits-backend/node_modules/@vitest/runner/dist/chunk-hooks.js:1574:12)'
}
[32m[2026-08-14T11:31:09.048] [INFO] default - [39mGrid records published {
  exhibit_uuid: '550e8400-e29b-41d4-a716-446655440000',
  affected_rows: 2,
  timestamp: '2026-08-14T18:31:09.048Z'
}
[91m[2026-08-14T11:31:09.049] [ERROR] default - [39mFailed to set to publish {
  method: 'set_to_publish',
  uuid: 'invalid',
  timestamp: '2026-08-14T18:31:09.049Z',
  message: 'Invalid exhibit UUID format',
  stack: 'Error: Invalid exhibit UUID format\n' +
    '    at Exhibit_grid_record_tasks._validate_uuid (/Users/fcr/Dropbox/work/workspace/exhibits/exhibits-backend/exhibits/tasks/tasks_helper.js:77:19)\n' +
    '    at Exhibit_grid_record_tasks.set_to_publish (/Users/fcr/Dropbox/work/workspace/exhibits/exhibits-backend/exhibits/tasks/exhibit_grid_record_tasks.js:1156:39)\n' +
    '    at /Users/fcr/Dropbox/work/workspace/exhibits/exhibits-backend/test/tasks/exhibit_grid_record_tasks.test.js:515:40\n' +
    '    at file:///Users/fcr/Dropbox/work/workspace/exhibits/exhibits-backend/node_modules/@vitest/runner/dist/chunk-hooks.js:155:11\n' +
    '    at file:///Users/fcr/Dropbox/work/workspace/exhibits/exhibits-backend/node_modules/@vitest/runner/dist/chunk-hooks.js:752:26\n' +
    '    at file:///Users/fcr/Dropbox/work/workspace/exhibits/exhibits-backend/node_modules/@vitest/runner/dist/chunk-hooks.js:1897:20\n' +
    '    at new Promise (<anonymous>)\n' +
    '    at runWithTimeout (file:///Users/fcr/Dropbox/work/workspace/exhibits/exhibits-backend/node_modules/@vitest/runner/dist/chunk-hooks.js:1863:10)\n' +
    '    at runTest (file:///Users/fcr/Dropbox/work/workspace/exhibits/exhibits-backend/node_modules/@vitest/runner/dist/chunk-hooks.js:1574:12)\n' +
    '    at processTicksAndRejections (node:internal/process/task_queues:104:5)'
}
[32m[2026-08-14T11:31:09.051] [INFO] default - [39mGrid record published {
  uuid: '660e8400-e29b-41d4-a716-446655440000',
  affected_rows: 1,
  timestamp: '2026-08-14T18:31:09.051Z'
}
[91m[2026-08-14T11:31:09.052] [ERROR] default - [39mFailed to set grid to publish {
  method: 'set_grid_to_publish',
  uuid: '660e8400-e29b-41d4-a716-446655440000',
  timestamp: '2026-08-14T18:31:09.052Z',
  message: 'grid_records record not found',
  stack: 'Error: grid_records record not found\n' +
    '    at Exhibit_grid_record_tasks._update_single_publish_status (/Users/fcr/Dropbox/work/workspace/exhibits/exhibits-backend/exhibits/tasks/exhibit_grid_record_tasks.js:194:19)\n' +
    '    at processTicksAndRejections (node:internal/process/task_queues:104:5)\n' +
    '    at Exhibit_grid_record_tasks.set_grid_to_publish (/Users/fcr/Dropbox/work/workspace/exhibits/exhibits-backend/exhibits/tasks/exhibit_grid_record_tasks.js:1315:28)'
}
[32m[2026-08-14T11:31:09.053] [INFO] default - [39mGrid records suppressed {
  exhibit_uuid: '550e8400-e29b-41d4-a716-446655440000',
  affected_rows: 2,
  timestamp: '2026-08-14T18:31:09.053Z'
}
[91m[2026-08-14T11:31:09.054] [ERROR] default - [39mFailed to set to suppress {
  method: 'set_to_suppress',
  uuid: 'invalid',
  timestamp: '2026-08-14T18:31:09.054Z',
  message: 'Invalid exhibit UUID format',
  stack: 'Error: Invalid exhibit UUID format\n' +
    '    at Exhibit_grid_record_tasks._validate_uuid (/Users/fcr/Dropbox/work/workspace/exhibits/exhibits-backend/exhibits/tasks/tasks_helper.js:77:19)\n' +
    '    at Exhibit_grid_record_tasks.set_to_suppress (/Users/fcr/Dropbox/work/workspace/exhibits/exhibits-backend/exhibits/tasks/exhibit_grid_record_tasks.js:1344:39)\n' +
    '    at /Users/fcr/Dropbox/work/workspace/exhibits/exhibits-backend/test/tasks/exhibit_grid_record_tasks.test.js:586:40\n' +
    '    at file:///Users/fcr/Dropbox/work/workspace/exhibits/exhibits-backend/node_modules/@vitest/runner/dist/chunk-hooks.js:155:11\n' +
    '    at file:///Users/fcr/Dropbox/work/workspace/exhibits/exhibits-backend/node_modules/@vitest/runner/dist/chunk-hooks.js:752:26\n' +
    '    at file:///Users/fcr/Dropbox/work/workspace/exhibits/exhibits-backend/node_modules/@vitest/runner/dist/chunk-hooks.js:1897:20\n' +
    '    at new Promise (<anonymous>)\n' +
    '    at runWithTimeout (file:///Users/fcr/Dropbox/work/workspace/exhibits/exhibits-backend/node_modules/@vitest/runner/dist/chunk-hooks.js:1863:10)\n' +
    '    at runTest (file:///Users/fcr/Dropbox/work/workspace/exhibits/exhibits-backend/node_modules/@vitest/runner/dist/chunk-hooks.js:1574:12)\n' +
    '    at processTicksAndRejections (node:internal/process/task_queues:104:5)'
}
[32m[2026-08-14T11:31:09.055] [INFO] default - [39mGrid record suppressed {
  uuid: '660e8400-e29b-41d4-a716-446655440000',
  affected_rows: 1,
  timestamp: '2026-08-14T18:31:09.055Z'
}
[91m[2026-08-14T11:31:09.056] [ERROR] default - [39mFailed to set grid to suppress {
  method: 'set_grid_to_suppress',
  uuid: '660e8400-e29b-41d4-a716-446655440000',
  timestamp: '2026-08-14T18:31:09.055Z',
  message: 'grid_records record not found',
  stack: 'Error: grid_records record not found\n' +
    '    at Exhibit_grid_record_tasks._update_single_publish_status (/Users/fcr/Dropbox/work/workspace/exhibits/exhibits-backend/exhibits/tasks/exhibit_grid_record_tasks.js:194:19)\n' +
    '    at processTicksAndRejections (node:internal/process/task_queues:104:5)\n' +
    '    at Exhibit_grid_record_tasks.set_grid_to_suppress (/Users/fcr/Dropbox/work/workspace/exhibits/exhibits-backend/exhibits/tasks/exhibit_grid_record_tasks.js:1375:28)'
}
[32m[2026-08-14T11:31:09.056] [INFO] default - [39mGrid reordered {
  exhibit_uuid: '550e8400-e29b-41d4-a716-446655440000',
  uuid: '660e8400-e29b-41d4-a716-446655440000',
  order: 5,
  timestamp: '2026-08-14T18:31:09.056Z'
}
[32m[2026-08-14T11:31:09.057] [INFO] default - [39mGrid reordered {
  exhibit_uuid: '550e8400-e29b-41d4-a716-446655440000',
  uuid: '660e8400-e29b-41d4-a716-446655440000',
  order: 0,
  timestamp: '2026-08-14T18:31:09.057Z'
}
[91m[2026-08-14T11:31:09.057] [ERROR] default - [39mFailed to reorder grids {
  method: 'reorder_grids',
  is_member_of_exhibit: 'invalid',
  timestamp: '2026-08-14T18:31:09.057Z',
  message: 'Invalid exhibit UUID format',
  stack: 'Error: Invalid exhibit UUID format\n' +
    '    at Exhibit_grid_record_tasks._validate_uuid (/Users/fcr/Dropbox/work/workspace/exhibits/exhibits-backend/exhibits/tasks/tasks_helper.js:77:19)\n' +
    '    at Exhibit_grid_record_tasks.reorder_grids (/Users/fcr/Dropbox/work/workspace/exhibits/exhibits-backend/exhibits/tasks/exhibit_grid_record_tasks.js:1437:39)\n' +
    '    at /Users/fcr/Dropbox/work/workspace/exhibits/exhibits-backend/test/tasks/exhibit_grid_record_tasks.test.js:656:36\n' +
    '    at file:///Users/fcr/Dropbox/work/workspace/exhibits/exhibits-backend/node_modules/@vitest/runner/dist/chunk-hooks.js:155:11\n' +
    '    at file:///Users/fcr/Dropbox/work/workspace/exhibits/exhibits-backend/node_modules/@vitest/runner/dist/chunk-hooks.js:752:26\n' +
    '    at file:///Users/fcr/Dropbox/work/workspace/exhibits/exhibits-backend/node_modules/@vitest/runner/dist/chunk-hooks.js:1897:20\n' +
    '    at new Promise (<anonymous>)\n' +
    '    at runWithTimeout (file:///Users/fcr/Dropbox/work/workspace/exhibits/exhibits-backend/node_modules/@vitest/runner/dist/chunk-hooks.js:1863:10)\n' +
    '    at runTest (file:///Users/fcr/Dropbox/work/workspace/exhibits/exhibits-backend/node_modules/@vitest/runner/dist/chunk-hooks.js:1574:12)\n' +
    '    at processTicksAndRejections (node:internal/process/task_queues:104:5)'
}
[91m[2026-08-14T11:31:09.060] [ERROR] default - [39mFailed to reorder grids {
  method: 'reorder_grids',
  is_member_of_exhibit: '550e8400-e29b-41d4-a716-446655440000',
  timestamp: '2026-08-14T18:31:09.060Z',
  message: 'Valid item object is required',
  stack: 'Error: Valid item object is required\n' +
    '    at Exhibit_grid_record_tasks._reorder_items (/Users/fcr/Dropbox/work/workspace/exhibits/exhibits-backend/exhibits/tasks/tasks_helper.js:313:19)\n' +
    '    at Exhibit_grid_record_tasks.reorder_grids (/Users/fcr/Dropbox/work/workspace/exhibits/exhibits-backend/exhibits/tasks/exhibit_grid_record_tasks.js:1439:24)\n' +
    '    at /Users/fcr/Dropbox/work/workspace/exhibits/exhibits-backend/test/tasks/exhibit_grid_record_tasks.test.js:661:36\n' +
    '    at file:///Users/fcr/Dropbox/work/workspace/exhibits/exhibits-backend/node_modules/@vitest/runner/dist/chunk-hooks.js:155:11\n' +
    '    at file:///Users/fcr/Dropbox/work/workspace/exhibits/exhibits-backend/node_modules/@vitest/runner/dist/chunk-hooks.js:752:26\n' +
    '    at file:///Users/fcr/Dropbox/work/workspace/exhibits/exhibits-backend/node_modules/@vitest/runner/dist/chunk-hooks.js:1897:20\n' +
    '    at new Promise (<anonymous>)\n' +
    '    at runWithTimeout (file:///Users/fcr/Dropbox/work/workspace/exhibits/exhibits-backend/node_modules/@vitest/runner/dist/chunk-hooks.js:1863:10)\n' +
    '    at runTest (file:///Users/fcr/Dropbox/work/workspace/exhibits/exhibits-backend/node_modules/@vitest/runner/dist/chunk-hooks.js:1574:12)\n' +
    '    at processTicksAndRejections (node:internal/process/task_queues:104:5)'
}
[91m[2026-08-14T11:31:09.061] [ERROR] default - [39mFailed to reorder grids {
  method: 'reorder_grids',
  is_member_of_exhibit: '550e8400-e29b-41d4-a716-446655440000',
  timestamp: '2026-08-14T18:31:09.061Z',
  message: 'Item must have uuid and order properties',
  stack: 'Error: Item must have uuid and order properties\n' +
    '    at Exhibit_grid_record_tasks._reorder_items (/Users/fcr/Dropbox/work/workspace/exhibits/exhibits-backend/exhibits/tasks/tasks_helper.js:317:19)\n' +
    '    at Exhibit_grid_record_tasks.reorder_grids (/Users/fcr/Dropbox/work/workspace/exhibits/exhibits-backend/exhibits/tasks/exhibit_grid_record_tasks.js:1439:24)\n' +
    '    at /Users/fcr/Dropbox/work/workspace/exhibits/exhibits-backend/test/tasks/exhibit_grid_record_tasks.test.js:666:36\n' +
    '    at file:///Users/fcr/Dropbox/work/workspace/exhibits/exhibits-backend/node_modules/@vitest/runner/dist/chunk-hooks.js:155:11\n' +
    '    at file:///Users/fcr/Dropbox/work/workspace/exhibits/exhibits-backend/node_modules/@vitest/runner/dist/chunk-hooks.js:752:26\n' +
    '    at file:///Users/fcr/Dropbox/work/workspace/exhibits/exhibits-backend/node_modules/@vitest/runner/dist/chunk-hooks.js:1897:20\n' +
    '    at new Promise (<anonymous>)\n' +
    '    at runWithTimeout (file:///Users/fcr/Dropbox/work/workspace/exhibits/exhibits-backend/node_modules/@vitest/runner/dist/chunk-hooks.js:1863:10)\n' +
    '    at runTest (file:///Users/fcr/Dropbox/work/workspace/exhibits/exhibits-backend/node_modules/@vitest/runner/dist/chunk-hooks.js:1574:12)\n' +
    '    at processTicksAndRejections (node:internal/process/task_queues:104:5)'
}
[91m[2026-08-14T11:31:09.063] [ERROR] default - [39mFailed to test method {
  method: 'test_method',
  uuid: 'test',
  timestamp: '2026-08-14T18:31:09.063Z',
  message: 'Test error',
  stack: 'Error: Test error\n' +
    '    at /Users/fcr/Dropbox/work/workspace/exhibits/exhibits-backend/test/tasks/exhibit_grid_record_tasks.test.js:674:27\n' +
    '    at file:///Users/fcr/Dropbox/work/workspace/exhibits/exhibits-backend/node_modules/@vitest/runner/dist/chunk-hooks.js:155:11\n' +
    '    at file:///Users/fcr/Dropbox/work/workspace/exhibits/exhibits-backend/node_modules/@vitest/runner/dist/chunk-hooks.js:752:26\n' +
    '    at file:///Users/fcr/Dropbox/work/workspace/exhibits/exhibits-backend/node_modules/@vitest/runner/dist/chunk-hooks.js:1897:20\n' +
    '    at new Promise (<anonymous>)\n' +
    '    at runWithTimeout (file:///Users/fcr/Dropbox/work/workspace/exhibits/exhibits-backend/node_modules/@vitest/runner/dist/chunk-hooks.js:1863:10)\n' +
    '    at runTest (file:///Users/fcr/Dropbox/work/workspace/exhibits/exhibits-backend/node_modules/@vitest/runner/dist/chunk-hooks.js:1574:12)\n' +
    '    at processTicksAndRejections (node:internal/process/task_queues:104:5)\n' +
    '    at runSuite (file:///Users/fcr/Dropbox/work/workspace/exhibits/exhibits-backend/node_modules/@vitest/runner/dist/chunk-hooks.js:1729:8)\n' +
    '    at runSuite (file:///Users/fcr/Dropbox/work/workspace/exhibits/exhibits-backend/node_modules/@vitest/runner/dist/chunk-hooks.js:1729:8)'
}
[91m[2026-08-14T11:31:09.065] [ERROR] default - [39mFailed to get grid record count {
  method: 'get_grid_record_count',
  is_member_of_exhibit: '550e8400-e29b-41d4-a716-446655440000',
  timestamp: '2026-08-14T18:31:09.065Z',
  message: 'Database connection is not available',
  stack: 'Error: Database connection is not available\n' +
    '    at Exhibit_grid_record_tasks._validate_database (/Users/fcr/Dropbox/work/workspace/exhibits/exhibits-backend/exhibits/tasks/tasks_helper.js:47:19)\n' +
    '    at Exhibit_grid_record_tasks.get_record_count (/Users/fcr/Dropbox/work/workspace/exhibits/exhibits-backend/exhibits/tasks/exhibit_grid_record_tasks.js:477:18)\n' +
    '    at /Users/fcr/Dropbox/work/workspace/exhibits/exhibits-backend/test/tasks/exhibit_grid_record_tasks.test.js:682:36\n' +
    '    at file:///Users/fcr/Dropbox/work/workspace/exhibits/exhibits-backend/node_modules/@vitest/runner/dist/chunk-hooks.js:155:11\n' +
    '    at file:///Users/fcr/Dropbox/work/workspace/exhibits/exhibits-backend/node_modules/@vitest/runner/dist/chunk-hooks.js:752:26\n' +
    '    at file:///Users/fcr/Dropbox/work/workspace/exhibits/exhibits-backend/node_modules/@vitest/runner/dist/chunk-hooks.js:1897:20\n' +
    '    at new Promise (<anonymous>)\n' +
    '    at runWithTimeout (file:///Users/fcr/Dropbox/work/workspace/exhibits/exhibits-backend/node_modules/@vitest/runner/dist/chunk-hooks.js:1863:10)\n' +
    '    at runTest (file:///Users/fcr/Dropbox/work/workspace/exhibits/exhibits-backend/node_modules/@vitest/runner/dist/chunk-hooks.js:1574:12)\n' +
    '    at processTicksAndRejections (node:internal/process/task_queues:104:5)'
}
[91m[2026-08-14T11:31:09.066] [ERROR] default - [39mFailed to get grid record count {
  method: 'get_grid_record_count',
  is_member_of_exhibit: '550e8400-e29b-41d4-a716-446655440000',
  timestamp: '2026-08-14T18:31:09.066Z',
  message: 'Query failed',
  stack: 'Error: Query failed\n' +
    '    at /Users/fcr/Dropbox/work/workspace/exhibits/exhibits-backend/test/tasks/exhibit_grid_record_tasks.test.js:689:49\n' +
    '    at file:///Users/fcr/Dropbox/work/workspace/exhibits/exhibits-backend/node_modules/@vitest/runner/dist/chunk-hooks.js:155:11\n' +
    '    at file:///Users/fcr/Dropbox/work/workspace/exhibits/exhibits-backend/node_modules/@vitest/runner/dist/chunk-hooks.js:752:26\n' +
    '    at file:///Users/fcr/Dropbox/work/workspace/exhibits/exhibits-backend/node_modules/@vitest/runner/dist/chunk-hooks.js:1897:20\n' +
    '    at new Promise (<anonymous>)\n' +
    '    at runWithTimeout (file:///Users/fcr/Dropbox/work/workspace/exhibits/exhibits-backend/node_modules/@vitest/runner/dist/chunk-hooks.js:1863:10)\n' +
    '    at runTest (file:///Users/fcr/Dropbox/work/workspace/exhibits/exhibits-backend/node_modules/@vitest/runner/dist/chunk-hooks.js:1574:12)\n' +
    '    at processTicksAndRejections (node:internal/process/task_queues:104:5)\n' +
    '    at runSuite (file:///Users/fcr/Dropbox/work/workspace/exhibits/exhibits-backend/node_modules/@vitest/runner/dist/chunk-hooks.js:1729:8)\n' +
    '    at runSuite (file:///Users/fcr/Dropbox/work/workspace/exhibits/exhibits-backend/node_modules/@vitest/runner/dist/chunk-hooks.js:1729:8)'
}
[32m[2026-08-14T11:31:09.067] [INFO] default - [39mGrid record count retrieved {
  is_member_of_exhibit: '550e8400-e29b-41d4-a716-446655440000',
  count: 1,
  timestamp: '2026-08-14T18:31:09.067Z'
}
[32m[2026-08-14T11:31:09.067] [INFO] default - [39mGrid record updated successfully {
  uuid: '660e8400-e29b-41d4-a716-446655440000',
  timestamp: '2026-08-14T18:31:09.067Z'
}
 ✓ test/tasks/exhibit_grid_record_tasks.test.js > Exhibit_grid_record_tasks > Constructor > should initialize with correct properties 2ms
 ✓ test/tasks/exhibit_grid_record_tasks.test.js > Exhibit_grid_record_tasks > Constructor > should have valid UUID regex pattern 1ms
 ✓ test/tasks/exhibit_grid_record_tasks.test.js > Exhibit_grid_record_tasks > Validation Helpers > _validate_database > should not throw error for valid database connection 1ms
 ✓ test/tasks/exhibit_grid_record_tasks.test.js > Exhibit_grid_record_tasks > Validation Helpers > _validate_database > should throw error when DB is null 0ms
 ✓ test/tasks/exhibit_grid_record_tasks.test.js > Exhibit_grid_record_tasks > Validation Helpers > _validate_database > should throw error when DB is not a function 0ms
 ✓ test/tasks/exhibit_grid_record_tasks.test.js > Exhibit_grid_record_tasks > Validation Helpers > _validate_table > should not throw error for valid table name 0ms
 ✓ test/tasks/exhibit_grid_record_tasks.test.js > Exhibit_grid_record_tasks > Validation Helpers > _validate_table > should throw error for undefined table 0ms
 ✓ test/tasks/exhibit_grid_record_tasks.test.js > Exhibit_grid_record_tasks > Validation Helpers > _validate_uuid > should return trimmed UUID for valid input 2ms
 ✓ test/tasks/exhibit_grid_record_tasks.test.js > Exhibit_grid_record_tasks > Validation Helpers > _validate_uuid > should throw error for empty string 0ms
 ✓ test/tasks/exhibit_grid_record_tasks.test.js > Exhibit_grid_record_tasks > Validation Helpers > _validate_uuid > should throw error for invalid UUID format 0ms
 ✓ test/tasks/exhibit_grid_record_tasks.test.js > Exhibit_grid_record_tasks > Validation Helpers > _validate_uuid > should use custom field name in error message 0ms
 ✓ test/tasks/exhibit_grid_record_tasks.test.js > Exhibit_grid_record_tasks > Validation Helpers > _validate_uuids > should validate multiple UUIDs 0ms
 ✓ test/tasks/exhibit_grid_record_tasks.test.js > Exhibit_grid_record_tasks > Validation Helpers > _validate_uuids > should throw error if any UUID is invalid 0ms
 ✓ test/tasks/exhibit_grid_record_tasks.test.js > Exhibit_grid_record_tasks > Validation Helpers > _validate_string > should return trimmed string for valid input 2ms
 ✓ test/tasks/exhibit_grid_record_tasks.test.js > Exhibit_grid_record_tasks > Validation Helpers > _validate_string > should throw error for empty string 1ms
 ✓ test/tasks/exhibit_grid_record_tasks.test.js > Exhibit_grid_record_tasks > Validation Helpers > _validate_string > should throw error for null 1ms
 ✓ test/tasks/exhibit_grid_record_tasks.test.js > Exhibit_grid_record_tasks > Validation Helpers > _validate_data_object > should not throw for valid object 0ms
 ✓ test/tasks/exhibit_grid_record_tasks.test.js > Exhibit_grid_record_tasks > Validation Helpers > _validate_data_object > should throw error for null 1ms
 ✓ test/tasks/exhibit_grid_record_tasks.test.js > Exhibit_grid_record_tasks > Validation Helpers > _validate_data_object > should throw error for array 1ms
 ✓ test/tasks/exhibit_grid_record_tasks.test.js > Exhibit_grid_record_tasks > Validation Helpers > _validate_data_object > should throw error for empty object 1ms
 ✓ test/tasks/exhibit_grid_record_tasks.test.js > Exhibit_grid_record_tasks > Validation Helpers > _sanitize_data > should only include allowed fields 2ms
 ✓ test/tasks/exhibit_grid_record_tasks.test.js > Exhibit_grid_record_tasks > Validation Helpers > _sanitize_data > should skip specified fields 0ms
 ✓ test/tasks/exhibit_grid_record_tasks.test.js > Exhibit_grid_record_tasks > Validation Helpers > _sanitize_data > should prevent prototype pollution 0ms
 ✓ test/tasks/exhibit_grid_record_tasks.test.js > Exhibit_grid_record_tasks > Validation Helpers > _sanitize_data > should return invalid fields list 3ms
 ✓ test/tasks/exhibit_grid_record_tasks.test.js > Exhibit_grid_record_tasks > Validation Helpers > _set_grid_defaults > should set default values for missing fields 1ms
 ✓ test/tasks/exhibit_grid_record_tasks.test.js > Exhibit_grid_record_tasks > Validation Helpers > _set_grid_defaults > should not override existing values 0ms
 ✓ test/tasks/exhibit_grid_record_tasks.test.js > Exhibit_grid_record_tasks > Validation Helpers > _set_grid_defaults > should set all expected default fields 1ms
 ✓ test/tasks/exhibit_grid_record_tasks.test.js > Exhibit_grid_record_tasks > Validation Helpers > _set_grid_item_defaults > should set default values for grid item fields 0ms
 ✓ test/tasks/exhibit_grid_record_tasks.test.js > Exhibit_grid_record_tasks > Validation Helpers > _set_grid_item_defaults > does not default margins/text_alignment (grid item table does not carry them) 0ms
 ✓ test/tasks/exhibit_grid_record_tasks.test.js > Exhibit_grid_record_tasks > Validation Helpers > _set_grid_item_defaults > should not override existing grid item values 0ms
 ✓ test/tasks/exhibit_grid_record_tasks.test.js > Exhibit_grid_record_tasks > _update_publish_status > should publish records successfully 2ms
 ✓ test/tasks/exhibit_grid_record_tasks.test.js > Exhibit_grid_record_tasks > _update_publish_status > should suppress records successfully 2ms
 ✓ test/tasks/exhibit_grid_record_tasks.test.js > Exhibit_grid_record_tasks > _update_publish_status > should handle case with no records to update 2ms
 ✓ test/tasks/exhibit_grid_record_tasks.test.js > Exhibit_grid_record_tasks > _update_publish_status > should include updated_by when provided 1ms
 ✓ test/tasks/exhibit_grid_record_tasks.test.js > Exhibit_grid_record_tasks > get_record_count > should return correct count 1ms
 ✓ test/tasks/exhibit_grid_record_tasks.test.js > Exhibit_grid_record_tasks > get_record_count > should return 0 for no records 0ms
 ✓ test/tasks/exhibit_grid_record_tasks.test.js > Exhibit_grid_record_tasks > get_record_count > should return 0 for null result 0ms
 ✓ test/tasks/exhibit_grid_record_tasks.test.js > Exhibit_grid_record_tasks > get_record_count > should throw error for invalid UUID 5ms
 ✓ test/tasks/exhibit_grid_record_tasks.test.js > Exhibit_grid_record_tasks > update_grid_record > should successfully update grid record 1ms
 ✓ test/tasks/exhibit_grid_record_tasks.test.js > Exhibit_grid_record_tasks > update_grid_record > should return false when no rows affected 1ms
 ✓ test/tasks/exhibit_grid_record_tasks.test.js > Exhibit_grid_record_tasks > update_grid_record > should return false when no valid fields to update 7ms
 ✓ test/tasks/exhibit_grid_record_tasks.test.js > Exhibit_grid_record_tasks > update_grid_record > should throw error for invalid UUIDs 2ms
 ✓ test/tasks/exhibit_grid_record_tasks.test.js > Exhibit_grid_record_tasks > Publishing Methods > set_to_publish > should publish all grids for an exhibit 1ms
 ✓ test/tasks/exhibit_grid_record_tasks.test.js > Exhibit_grid_record_tasks > Publishing Methods > set_to_publish > should throw error for invalid UUID 2ms
 ✓ test/tasks/exhibit_grid_record_tasks.test.js > Exhibit_grid_record_tasks > Publishing Methods > set_grid_to_publish > should publish single grid 1ms
 ✓ test/tasks/exhibit_grid_record_tasks.test.js > Exhibit_grid_record_tasks > Publishing Methods > set_grid_to_publish > should throw error when record not found 1ms
 ✓ test/tasks/exhibit_grid_record_tasks.test.js > Exhibit_grid_record_tasks > Publishing Methods > set_to_suppress > should suppress all grids for an exhibit 1ms
 ✓ test/tasks/exhibit_grid_record_tasks.test.js > Exhibit_grid_record_tasks > Publishing Methods > set_to_suppress > should throw error for invalid UUID 1ms
 ✓ test/tasks/exhibit_grid_record_tasks.test.js > Exhibit_grid_record_tasks > Publishing Methods > set_grid_to_suppress > should suppress single grid 1ms
 ✓ test/tasks/exhibit_grid_record_tasks.test.js > Exhibit_grid_record_tasks > Publishing Methods > set_grid_to_suppress > should throw error when record not found 1ms
 ✓ test/tasks/exhibit_grid_record_tasks.test.js > Exhibit_grid_record_tasks > reorder_grids > should successfully reorder grid 1ms
 ✓ test/tasks/exhibit_grid_record_tasks.test.js > Exhibit_grid_record_tasks > reorder_grids > should handle order value of 0 1ms
 ✓ test/tasks/exhibit_grid_record_tasks.test.js > Exhibit_grid_record_tasks > reorder_grids > should throw error for invalid exhibit UUID 1ms
 ✓ test/tasks/exhibit_grid_record_tasks.test.js > Exhibit_grid_record_tasks > reorder_grids > should throw error for invalid item object 2ms
 ✓ test/tasks/exhibit_grid_record_tasks.test.js > Exhibit_grid_record_tasks > reorder_grids > should throw error when item missing uuid or order 2ms
 ✓ test/tasks/exhibit_grid_record_tasks.test.js > Exhibit_grid_record_tasks > Error Handling > _handle_error should log and rethrow error 2ms
 ✓ test/tasks/exhibit_grid_record_tasks.test.js > Exhibit_grid_record_tasks > Error Handling > should handle database connection errors gracefully 1ms
 ✓ test/tasks/exhibit_grid_record_tasks.test.js > Exhibit_grid_record_tasks > Error Handling > should handle query errors properly 1ms
 ✓ test/tasks/exhibit_grid_record_tasks.test.js > Exhibit_grid_record_tasks > Integration Tests > should handle complete grid workflow 1ms
[91m[2026-08-14T11:31:09.078] [ERROR] default - [39mERROR: [/auth/tasks (check_auth_user)] unable to check auth: Database connection failed
[33m[2026-08-14T11:31:09.079] [WARN] default - [39mInvalid user ID format: abc
[33m[2026-08-14T11:31:09.079] [WARN] default - [39mInvalid user ID format: 0
[33m[2026-08-14T11:31:09.079] [WARN] default - [39mInvalid user ID format: -5
[33m[2026-08-14T11:31:09.081] [WARN] default - [39mUnexpected number of records returned for user ID: 1
[91m[2026-08-14T11:31:09.081] [ERROR] default - [39mMissing critical fields in user record for ID: 1
[91m[2026-08-14T11:31:09.081] [ERROR] default - [39mERROR: [/auth/tasks (get_auth_user_data)] unable to get user data: Database error
[33m[2026-08-14T11:31:09.082] [WARN] default - [39mWARNING: [/auth/tasks (save_token)] missing user_id parameter
[33m[2026-08-14T11:31:09.082] [WARN] default - [39mWARNING: [/auth/tasks (save_token)] missing user_id parameter
[33m[2026-08-14T11:31:09.082] [WARN] default - [39mWARNING: [/auth/tasks (save_token)] missing or empty token parameter
[33m[2026-08-14T11:31:09.082] [WARN] default - [39mWARNING: [/auth/tasks (save_token)] missing or empty token parameter
[33m[2026-08-14T11:31:09.082] [WARN] default - [39mWARNING: [/auth/tasks (save_token)] missing or empty token parameter
[33m[2026-08-14T11:31:09.083] [WARN] default - [39mWARNING: [/auth/tasks (save_token)] invalid user_id: abc
[33m[2026-08-14T11:31:09.083] [WARN] default - [39mWARNING: [/auth/tasks (save_token)] invalid user_id: 0
[33m[2026-08-14T11:31:09.083] [WARN] default - [39mWARNING: [/auth/tasks (save_token)] invalid user_id: -1
[33m[2026-08-14T11:31:09.083] [WARN] default - [39mWARNING: [/auth/tasks (save_token)] token is not a string: number
[33m[2026-08-14T11:31:09.083] [WARN] default - [39mWARNING: [/auth/tasks (save_token)] invalid token length: 5
[33m[2026-08-14T11:31:09.083] [WARN] default - [39mWARNING: [/auth/tasks (save_token)] invalid token length: 2049
[32m[2026-08-14T11:31:09.084] [INFO] default - [39mINFO: [/auth/tasks (save_token)] token saved for user ID: 1
[33m[2026-08-14T11:31:09.084] [WARN] default - [39mWARNING: [/auth/tasks (save_token)] no user found with ID: 999
[91m[2026-08-14T11:31:09.084] [ERROR] default - [39mERROR: [/auth/tasks (save_token)] unable to save token: Database error
[33m[2026-08-14T11:31:09.085] [WARN] default - [39mWARNING: [/auth/tasks (get_user_id)] missing or empty token parameter
[33m[2026-08-14T11:31:09.085] [WARN] default - [39mWARNING: [/auth/tasks (get_user_id)] missing or empty token parameter
[33m[2026-08-14T11:31:09.085] [WARN] default - [39mWARNING: [/auth/tasks (get_user_id)] missing or empty token parameter
[33m[2026-08-14T11:31:09.085] [WARN] default - [39mWARNING: [/auth/tasks (get_user_id)] token is not a string: number
[33m[2026-08-14T11:31:09.085] [WARN] default - [39mWARNING: [/auth/tasks (get_user_id)] invalid token length: 5
[33m[2026-08-14T11:31:09.085] [WARN] default - [39mWARNING: [/auth/tasks (get_user_id)] invalid token length: 2049
[36m[2026-08-14T11:31:09.087] [DEBUG] default - [39mDEBUG: [/auth/tasks (get_user_id)] no user found with provided token
[91m[2026-08-14T11:31:09.087] [ERROR] default - [39mERROR: [/auth/tasks (get_user_id)] user record missing id field
[91m[2026-08-14T11:31:09.088] [ERROR] default - [39mERROR: [/auth/tasks (get_user_id)] unable to get user id: Database error
[33m[2026-08-14T11:31:09.088] [WARN] default - [39mWARNING: [/auth/tasks (get_user_permissions)] missing or empty token parameter
[33m[2026-08-14T11:31:09.088] [WARN] default - [39mWARNING: [/auth/tasks (get_user_permissions)] missing or empty token parameter
[33m[2026-08-14T11:31:09.088] [WARN] default - [39mWARNING: [/auth/tasks (get_user_permissions)] missing or empty token parameter
[33m[2026-08-14T11:31:09.089] [WARN] default - [39mWARNING: [/auth/tasks (get_user_permissions)] token is not a string: number
[33m[2026-08-14T11:31:09.089] [WARN] default - [39mWARNING: [/auth/tasks (get_user_permissions)] invalid token length: 5
[33m[2026-08-14T11:31:09.089] [WARN] default - [39mWARNING: [/auth/tasks (get_user_permissions)] invalid token length: 2049
[36m[2026-08-14T11:31:09.090] [DEBUG] default - [39mDEBUG: [/auth/tasks (get_user_permissions)] no user found with provided token or user inactive
[91m[2026-08-14T11:31:09.090] [ERROR] default - [39mERROR: [/auth/tasks (get_user_permissions)] unable to get user permissions: Database error
[33m[2026-08-14T11:31:09.091] [WARN] default - [39mWARNING: [/auth/tasks (get_permissions)] no permissions found in database
[33m[2026-08-14T11:31:09.092] [WARN] default - [39mWARNING: [/auth/tasks (get_permissions)] invalid permission object structure
[33m[2026-08-14T11:31:09.092] [WARN] default - [39mWARNING: [/auth/tasks (get_permissions)] permission missing required fields: {"id":null,"permission":"invalid"}
[33m[2026-08-14T11:31:09.092] [WARN] default - [39mWARNING: [/auth/tasks (get_permissions)] permission missing required fields: {"id":3,"permission":""}
[33m[2026-08-14T11:31:09.092] [WARN] default - [39mWARNING: [/auth/tasks (get_permissions)] filtered out 3 invalid permissions
[91m[2026-08-14T11:31:09.092] [ERROR] default - [39mERROR: [/auth/tasks (get_permissions)] unable to get permissions: Database error
[33m[2026-08-14T11:31:09.092] [WARN] default - [39mWARNING: [/auth/tasks (check_ownership)] missing user_id
[33m[2026-08-14T11:31:09.093] [WARN] default - [39mWARNING: [/auth/tasks (check_ownership)] missing user_id
[33m[2026-08-14T11:31:09.093] [WARN] default - [39mWARNING: [/auth/tasks (check_ownership)] invalid user_id: abc
[33m[2026-08-14T11:31:09.093] [WARN] default - [39mWARNING: [/auth/tasks (check_ownership)] invalid user_id: 0
[33m[2026-08-14T11:31:09.093] [WARN] default - [39mWARNING: [/auth/tasks (check_ownership)] invalid user_id: -1
[33m[2026-08-14T11:31:09.093] [WARN] default - [39mWARNING: [/auth/tasks (check_ownership)] missing or invalid parent_id
[33m[2026-08-14T11:31:09.094] [WARN] default - [39mWARNING: [/auth/tasks (check_ownership)] missing or invalid parent_id
[33m[2026-08-14T11:31:09.094] [WARN] default - [39mWARNING: [/auth/tasks (check_ownership)] invalid parent_id UUID: not-a-uuid
[33m[2026-08-14T11:31:09.094] [WARN] default - [39mWARNING: [/auth/tasks (check_ownership)] invalid child_id UUID: not-a-uuid
[91m[2026-08-14T11:31:09.094] [ERROR] default - [39mERROR: [/auth/tasks (check_ownership)] missing or invalid record_type
[91m[2026-08-14T11:31:09.094] [ERROR] default - [39mERROR: [/auth/tasks (check_ownership)] invalid record_type: invalid_type
[36m[2026-08-14T11:31:09.095] [DEBUG] default - [39mNo child_id provided, checking exhibit ownership only
[36m[2026-08-14T11:31:09.095] [DEBUG] default - [39mNo child_id provided, checking exhibit ownership only
[33m[2026-08-14T11:31:09.095] [WARN] default - [39mWARNING: [/auth/tasks (check_ownership)] exhibit not found: 12345678-1234-1234-1234-123456789012
[36m[2026-08-14T11:31:09.096] [DEBUG] default - [39mChild owned by exhibit owner: 5
[36m[2026-08-14T11:31:09.096] [DEBUG] default - [39mChild owned by current user: 5
[36m[2026-08-14T11:31:09.097] [DEBUG] default - [39mCurrent user is exhibit owner: 5
[36m[2026-08-14T11:31:09.097] [DEBUG] default - [39mChild record not found, returning exhibit owner: 5
[33m[2026-08-14T11:31:09.097] [WARN] default - [39mWARNING: [/auth/tasks (check_ownership)] no ownership match for user 5
[36m[2026-08-14T11:31:09.098] [DEBUG] default - [39mNo child_id provided, checking exhibit ownership only
[91m[2026-08-14T11:31:09.098] [ERROR] default - [39mERROR: [/auth/tasks (check_ownership)] unable to check ownership - Database error
[36m[2026-08-14T11:31:09.098] [DEBUG] default - [39mChild owned by exhibit owner: 5
[36m[2026-08-14T11:31:09.098] [DEBUG] default - [39mChild owned by exhibit owner: 5
[36m[2026-08-14T11:31:09.098] [DEBUG] default - [39mChild owned by exhibit owner: 5
[36m[2026-08-14T11:31:09.098] [DEBUG] default - [39mChild owned by exhibit owner: 5
[36m[2026-08-14T11:31:09.098] [DEBUG] default - [39mChild owned by exhibit owner: 5
[36m[2026-08-14T11:31:09.098] [DEBUG] default - [39mChild owned by exhibit owner: 5
[36m[2026-08-14T11:31:09.098] [DEBUG] default - [39mChild owned by exhibit owner: 5
 ✓ test/tasks/auth_tasks.test.js > Auth_tasks > constructor > should initialize with DB and TABLE 1ms
 ✓ test/tasks/auth_tasks.test.js > Auth_tasks > check_auth_user > should return auth false for null username 1ms
 ✓ test/tasks/auth_tasks.test.js > Auth_tasks > check_auth_user > should return auth false for undefined username 0ms
 ✓ test/tasks/auth_tasks.test.js > Auth_tasks > check_auth_user > should return auth false for non-string username 0ms
 ✓ test/tasks/auth_tasks.test.js > Auth_tasks > check_auth_user > should return auth true with user id for valid active user 1ms
 ✓ test/tasks/auth_tasks.test.js > Auth_tasks > check_auth_user > should return auth false when no user found 0ms
 ✓ test/tasks/auth_tasks.test.js > Auth_tasks > check_auth_user > should return auth false when multiple users found 0ms
 ✓ test/tasks/auth_tasks.test.js > Auth_tasks > check_auth_user > should return auth false on database error 1ms
 ✓ test/tasks/auth_tasks.test.js > Auth_tasks > get_auth_user_data > should return null for null id 0ms
 ✓ test/tasks/auth_tasks.test.js > Auth_tasks > get_auth_user_data > should return null for undefined id 0ms
 ✓ test/tasks/auth_tasks.test.js > Auth_tasks > get_auth_user_data > should return null for non-integer id 0ms
 ✓ test/tasks/auth_tasks.test.js > Auth_tasks > get_auth_user_data > should return null for zero id 0ms
 ✓ test/tasks/auth_tasks.test.js > Auth_tasks > get_auth_user_data > should return null for negative id 0ms
 ✓ test/tasks/auth_tasks.test.js > Auth_tasks > get_auth_user_data > should return user data for valid id 0ms
 ✓ test/tasks/auth_tasks.test.js > Auth_tasks > get_auth_user_data > should handle string id that converts to valid integer 0ms
 ✓ test/tasks/auth_tasks.test.js > Auth_tasks > get_auth_user_data > should return null when user not found 0ms
 ✓ test/tasks/auth_tasks.test.js > Auth_tasks > get_auth_user_data > should return null when multiple users found 0ms
 ✓ test/tasks/auth_tasks.test.js > Auth_tasks > get_auth_user_data > should return null when user record missing required fields 0ms
 ✓ test/tasks/auth_tasks.test.js > Auth_tasks > get_auth_user_data > should handle null optional fields 0ms
 ✓ test/tasks/auth_tasks.test.js > Auth_tasks > get_auth_user_data > should return null on database error 0ms
 ✓ test/tasks/auth_tasks.test.js > Auth_tasks > save_token > should return false for null user_id 0ms
 ✓ test/tasks/auth_tasks.test.js > Auth_tasks > save_token > should return false for undefined user_id 0ms
 ✓ test/tasks/auth_tasks.test.js > Auth_tasks > save_token > should return false for null token 0ms
 ✓ test/tasks/auth_tasks.test.js > Auth_tasks > save_token > should return false for undefined token 0ms
 ✓ test/tasks/auth_tasks.test.js > Auth_tasks > save_token > should return false for empty token 0ms
 ✓ test/tasks/auth_tasks.test.js > Auth_tasks > save_token > should return false for non-integer user_id 0ms
 ✓ test/tasks/auth_tasks.test.js > Auth_tasks > save_token > should return false for zero user_id 0ms
 ✓ test/tasks/auth_tasks.test.js > Auth_tasks > save_token > should return false for negative user_id 0ms
 ✓ test/tasks/auth_tasks.test.js > Auth_tasks > save_token > should return false for non-string token 0ms
 ✓ test/tasks/auth_tasks.test.js > Auth_tasks > save_token > should return false for token too short 0ms
 ✓ test/tasks/auth_tasks.test.js > Auth_tasks > save_token > should return false for token too long 0ms
 ✓ test/tasks/auth_tasks.test.js > Auth_tasks > save_token > should save token successfully 0ms
 ✓ test/tasks/auth_tasks.test.js > Auth_tasks > save_token > should return false when no user found to update 0ms
 ✓ test/tasks/auth_tasks.test.js > Auth_tasks > save_token > should return false on database error 0ms
 ✓ test/tasks/auth_tasks.test.js > Auth_tasks > get_user_id > should return null for null token 0ms
 ✓ test/tasks/auth_tasks.test.js > Auth_tasks > get_user_id > should return null for undefined token 0ms
 ✓ test/tasks/auth_tasks.test.js > Auth_tasks > get_user_id > should return null for empty token 0ms
 ✓ test/tasks/auth_tasks.test.js > Auth_tasks > get_user_id > should return null for non-string token 0ms
 ✓ test/tasks/auth_tasks.test.js > Auth_tasks > get_user_id > should return null for token too short 0ms
 ✓ test/tasks/auth_tasks.test.js > Auth_tasks > get_user_id > should return null for token too long 0ms
 ✓ test/tasks/auth_tasks.test.js > Auth_tasks > get_user_id > should return user_id for valid token 0ms
 ✓ test/tasks/auth_tasks.test.js > Auth_tasks > get_user_id > should return null when no user found with token 1ms
 ✓ test/tasks/auth_tasks.test.js > Auth_tasks > get_user_id > should return null when user record missing id 0ms
 ✓ test/tasks/auth_tasks.test.js > Auth_tasks > get_user_id > should return null on database error 0ms
 ✓ test/tasks/auth_tasks.test.js > Auth_tasks > get_user_permissions > should return null for null token 0ms
 ✓ test/tasks/auth_tasks.test.js > Auth_tasks > get_user_permissions > should return null for undefined token 0ms
 ✓ test/tasks/auth_tasks.test.js > Auth_tasks > get_user_permissions > should return null for empty token 0ms
 ✓ test/tasks/auth_tasks.test.js > Auth_tasks > get_user_permissions > should return null for non-string token 0ms
 ✓ test/tasks/auth_tasks.test.js > Auth_tasks > get_user_permissions > should return null for token too short 0ms
 ✓ test/tasks/auth_tasks.test.js > Auth_tasks > get_user_permissions > should return null for token too long 0ms
 ✓ test/tasks/auth_tasks.test.js > Auth_tasks > get_user_permissions > should return permissions for valid token 0ms
 ✓ test/tasks/auth_tasks.test.js > Auth_tasks > get_user_permissions > should return empty array when no user found 0ms
 ✓ test/tasks/auth_tasks.test.js > Auth_tasks > get_user_permissions > should filter out permissions without permission_id 0ms
 ✓ test/tasks/auth_tasks.test.js > Auth_tasks > get_user_permissions > should return null on database error 0ms
 ✓ test/tasks/auth_tasks.test.js > Auth_tasks > get_permissions > should return all permissions 0ms
 ✓ test/tasks/auth_tasks.test.js > Auth_tasks > get_permissions > should return empty array when no permissions exist 0ms
 ✓ test/tasks/auth_tasks.test.js > Auth_tasks > get_permissions > should filter out invalid permission objects 1ms
 ✓ test/tasks/auth_tasks.test.js > Auth_tasks > get_permissions > should return null on database error 0ms
 ✓ test/tasks/auth_tasks.test.js > Auth_tasks > check_ownership > should return 0 for null user_id 0ms
 ✓ test/tasks/auth_tasks.test.js > Auth_tasks > check_ownership > should return 0 for undefined user_id 0ms
 ✓ test/tasks/auth_tasks.test.js > Auth_tasks > check_ownership > should return 0 for non-integer user_id 0ms
 ✓ test/tasks/auth_tasks.test.js > Auth_tasks > check_ownership > should return 0 for zero user_id 0ms
 ✓ test/tasks/auth_tasks.test.js > Auth_tasks > check_ownership > should return 0 for negative user_id 0ms
 ✓ test/tasks/auth_tasks.test.js > Auth_tasks > check_ownership > should return 0 for missing parent_id 0ms
 ✓ test/tasks/auth_tasks.test.js > Auth_tasks > check_ownership > should return 0 for non-string parent_id 0ms
 ✓ test/tasks/auth_tasks.test.js > Auth_tasks > check_ownership > should return 0 for invalid parent_id UUID format 0ms
 ✓ test/tasks/auth_tasks.test.js > Auth_tasks > check_ownership > should return 0 for invalid child_id UUID format 0ms
 ✓ test/tasks/auth_tasks.test.js > Auth_tasks > check_ownership > should return 0 for missing record_type 0ms
 ✓ test/tasks/auth_tasks.test.js > Auth_tasks > check_ownership > should return 0 for invalid record_type 0ms
 ✓ test/tasks/auth_tasks.test.js > Auth_tasks > check_ownership > should return exhibit owner when no child_id provided 0ms
 ✓ test/tasks/auth_tasks.test.js > Auth_tasks > check_ownership > should return exhibit owner for exhibit record type 0ms
 ✓ test/tasks/auth_tasks.test.js > Auth_tasks > check_ownership > should return 0 when exhibit not found 0ms
 ✓ test/tasks/auth_tasks.test.js > Auth_tasks > check_ownership > should check child record ownership for valid record types 0ms
 ✓ test/tasks/auth_tasks.test.js > Auth_tasks > check_ownership > should return child owner when child owned by current user 1ms
 ✓ test/tasks/auth_tasks.test.js > Auth_tasks > check_ownership > should return exhibit owner when current user is exhibit owner 0ms
 ✓ test/tasks/auth_tasks.test.js > Auth_tasks > check_ownership > should return exhibit owner when child not found 0ms
 ✓ test/tasks/auth_tasks.test.js > Auth_tasks > check_ownership > should return 0 when no ownership match found 0ms
 ✓ test/tasks/auth_tasks.test.js > Auth_tasks > check_ownership > should return 0 on database error 0ms
 ✓ test/tasks/auth_tasks.test.js > Auth_tasks > check_ownership > should handle all valid record types 1ms
 ✓ test/tasks/auth_tasks.test.js > Auth_tasks > check_ownership > should normalize record type case 0ms
[33m[2026-08-14T11:31:09.209] [WARN] default - [39mConfig value is null/undefined for: host
[33m[2026-08-14T11:31:09.210] [WARN] default - [39mConfig value is null/undefined for: user
[33m[2026-08-14T11:31:09.210] [WARN] default - [39mConfig value is null/undefined for: password
[33m[2026-08-14T11:31:09.210] [WARN] default - [39mConfig value is null/undefined for: database
[33m[2026-08-14T11:31:09.209] [WARN] default - [39mConfig value is null/undefined for: host
[33m[2026-08-14T11:31:09.210] [WARN] default - [39mConfig value is null/undefined for: user
[33m[2026-08-14T11:31:09.210] [WARN] default - [39mConfig value is null/undefined for: password
[33m[2026-08-14T11:31:09.210] [WARN] default - [39mConfig value is null/undefined for: database
[33m[2026-08-14T11:31:09.211] [WARN] default - [39mConfig has null/undefined values { fields: [ 'host', 'user', 'password', 'database' ] }
[33m[2026-08-14T11:31:09.212] [WARN] default - [39mConfig has null/undefined values { fields: [ 'host', 'user', 'password', 'database' ] }
[32m[2026-08-14T11:31:09.212] [INFO] default - [39mConfig validated successfully { fields_count: 1 }
[32m[2026-08-14T11:31:09.212] [INFO] default - [39mConfig validated successfully { fields_count: 1 }
[91m[2026-08-14T11:31:09.213] [ERROR] default - [39mERROR: [/users/tasks (get_users)] unable to get users Database connection failed
[91m[2026-08-14T11:31:09.217] [ERROR] default - [39mERROR: [/users/tasks (get_user)] unable to get user Query failed
[91m[2026-08-14T11:31:09.223] [ERROR] default - [39mERROR: [/users/tasks (save_user)] unable to save user data Duplicate entry
[91m[2026-08-14T11:31:09.224] [ERROR] default - [39mERROR: [/users/tasks (save_user)] unable to save user data Duplicate entry
[91m[2026-08-14T11:31:09.224] [ERROR] default - [39mERROR: [/users/tasks (save_user)] unable to save user data Duplicate entry
[91m[2026-08-14T11:31:09.225] [ERROR] default - [39mERROR: [/users/tasks (save_user)] unable to save user data Generic database error
[91m[2026-08-14T11:31:09.229] [ERROR] default - [39mERROR: [/users/tasks (check_username)] unable to check username Query failed
[91m[2026-08-14T11:31:09.230] [ERROR] default - [39mERROR: [/users/tasks (save_user)] unable to delete user record Delete failed
[91m[2026-08-14T11:31:09.232] [ERROR] default - [39mERROR: [/users/tasks (update_status)] unable to update user status Update failed
[91m[2026-08-14T11:31:09.232] [ERROR] default - [39mERROR: [/users/tasks (get_users)] unable to get users this.DB is not a function
 ✓ test/tasks/user_tasks.test.js > User_tasks > Constructor > should initialize with correct properties 2ms
 ✓ test/tasks/user_tasks.test.js > User_tasks > Constructor > should use tbl_users as default table 0ms
 ✓ test/tasks/user_tasks.test.js > User_tasks > get_users > should return all users with all schema fields 1ms
 ✓ test/tasks/user_tasks.test.js > User_tasks > get_users > should return empty array when no users exist 0ms
 ✓ test/tasks/user_tasks.test.js > User_tasks > get_users > should handle database errors gracefully 2ms
 ✓ test/tasks/user_tasks.test.js > User_tasks > get_users > should return users with correct is_active values 0ms
 ✓ test/tasks/user_tasks.test.js > User_tasks > get_user > should return user by id with all schema fields 1ms
 ✓ test/tasks/user_tasks.test.js > User_tasks > get_user > should return undefined when user not found 0ms
 ✓ test/tasks/user_tasks.test.js > User_tasks > get_user > should handle unsigned int id (schema: int(11) unsigned) 1ms
 ✓ test/tasks/user_tasks.test.js > User_tasks > get_user > should handle database errors gracefully 1ms
 ✓ test/tasks/user_tasks.test.js > User_tasks > update_user > should update user successfully 1ms
 ✓ test/tasks/user_tasks.test.js > User_tasks > update_user > should return 0 when user not found 0ms
 ✓ test/tasks/user_tasks.test.js > User_tasks > update_user > should only update first_name, last_name, and email (not du_id, token, etc) 1ms
 ✓ test/tasks/user_tasks.test.js > User_tasks > update_user > should handle first_name at max length (varchar 255) 1ms
 ✓ test/tasks/user_tasks.test.js > User_tasks > update_user > should handle email at max length (varchar 100) 1ms
 ✓ test/tasks/user_tasks.test.js > User_tasks > update_user > should handle database errors 1ms
 ✓ test/tasks/user_tasks.test.js > User_tasks > update_user > should handle duplicate email error (unique constraint) 1ms
 ✓ test/tasks/user_tasks.test.js > User_tasks > save_user > inserts only whitelisted columns (drops smuggled is_active/token) 0ms
 ✓ test/tasks/user_tasks.test.js > User_tasks > save_user > should lowercase email before saving 0ms
 ✓ test/tasks/user_tasks.test.js > User_tasks > save_user > should return SQL error message on duplicate du_id (unique constraint) 0ms
 ✓ test/tasks/user_tasks.test.js > User_tasks > save_user > should return SQL error message on duplicate email (unique constraint) 0ms
 ✓ test/tasks/user_tasks.test.js > User_tasks > save_user > should return SQL error message on duplicate token (unique constraint) 0ms
 ✓ test/tasks/user_tasks.test.js > User_tasks > save_user > should return undefined when error has no sqlMessage 1ms
 ✓ test/tasks/user_tasks.test.js > User_tasks > save_user > should handle du_id at max length (varchar 50) 1ms
 ✓ test/tasks/user_tasks.test.js > User_tasks > save_user > does NOT insert client-supplied privileged fields (mass-assignment guard) 1ms
 ✓ test/tasks/user_tasks.test.js > User_tasks > check_username > should return true when du_id exists (count equals 1) 1ms
 ✓ test/tasks/user_tasks.test.js > User_tasks > check_username > should return false when du_id does not exist (count equals 0) 0ms
 ✓ test/tasks/user_tasks.test.js > User_tasks > check_username > should return false when count is greater than 1 (edge case) 0ms
 ✓ test/tasks/user_tasks.test.js > User_tasks > check_username > should handle du_id at max length (varchar 50) 0ms
 ✓ test/tasks/user_tasks.test.js > User_tasks > check_username > should handle empty username 1ms
 ✓ test/tasks/user_tasks.test.js > User_tasks > check_username > should handle database errors gracefully 0ms
 ✓ test/tasks/user_tasks.test.js > User_tasks > delete_user > should delete user successfully 0ms
 ✓ test/tasks/user_tasks.test.js > User_tasks > delete_user > should return 0 when user not found 0ms
 ✓ test/tasks/user_tasks.test.js > User_tasks > delete_user > should handle string user_id 0ms
 ✓ test/tasks/user_tasks.test.js > User_tasks > delete_user > should handle database errors gracefully 0ms
 ✓ test/tasks/user_tasks.test.js > User_tasks > update_status > should activate user (is_active = 1) 0ms
 ✓ test/tasks/user_tasks.test.js > User_tasks > update_status > should deactivate user (is_active = 0) 0ms
 ✓ test/tasks/user_tasks.test.js > User_tasks > update_status > should return 0 when user not found 0ms
 ✓ test/tasks/user_tasks.test.js > User_tasks > update_status > should handle tinyint(1) values as schema defines 0ms
 ✓ test/tasks/user_tasks.test.js > User_tasks > update_status > should handle database errors gracefully 0ms
 ✓ test/tasks/user_tasks.test.js > User_tasks > Error Handling > should handle null DB in get_users gracefully 1ms
 ✓ test/tasks/user_tasks.test.js > User_tasks > Error Handling > should handle undefined TABLE 1ms
 ✓ test/tasks/user_tasks.test.js > User_tasks > Integration Tests > should handle complete user lifecycle 2ms
 ✓ test/tasks/user_tasks.test.js > User_tasks > Integration Tests > should handle multiple users retrieval with all schema fields 1ms
 ✓ test/tasks/user_tasks.test.js > User_tasks > Schema Constraints > should handle email with special characters 1ms
 ✓ test/tasks/user_tasks.test.js > User_tasks > Schema Constraints > should handle unicode characters in names (utf8 charset) 0ms
 ✓ test/tasks/user_tasks.test.js > User_tasks > Schema Constraints > should handle zero as user id 0ms
 ✓ test/tasks/user_tasks.test.js > User_tasks > Schema Constraints > should handle user with null token 0ms
 ✓ test/tasks/user_tasks.test.js > User_tasks > Schema Constraints > should handle default is_active value (schema default is 1) 1ms
 ✓ test/tasks/user_tasks.test.js > User_tasks > Schema Constraints > should handle timestamps (created and last_login) 0ms
[32m[2026-08-14T11:31:09.266] [INFO] default - [39mIndexer initialized { index: 'exhibits_index' }
[32m[2026-08-14T11:31:09.268] [INFO] default - [39mIndexer initialized { index: 'exhibits_index' }
[32m[2026-08-14T11:31:09.269] [INFO] default - [39mBulk indexing complete {
  index: 'exhibits_index',
  success: 2,
  failed: 0,
  total: 2,
  timestamp: '2026-08-14T18:31:09.269Z'
}
[32m[2026-08-14T11:31:09.270] [INFO] default - [39mIndexer initialized { index: 'exhibits_index' }
[32m[2026-08-14T11:31:09.270] [INFO] default - [39mBulk indexing complete {
  index: 'exhibits_index',
  success: 1,
  failed: 0,
  total: 1,
  timestamp: '2026-08-14T18:31:09.270Z'
}
[32m[2026-08-14T11:31:09.271] [INFO] default - [39mIndexer initialized { index: 'exhibits_index' }
[32m[2026-08-14T11:31:09.271] [INFO] default - [39mBulk indexing complete {
  index: 'exhibits_index',
  success: 1,
  failed: 1,
  total: 2,
  timestamp: '2026-08-14T18:31:09.271Z'
}
[32m[2026-08-14T11:31:09.271] [INFO] default - [39mIndexer initialized { index: 'exhibits_index' }
[91m[2026-08-14T11:31:09.274] [ERROR] default - [39mERROR: [/indexer/indexer_index_tasks (bulk_index_records)] Failed to bulk index records {
  method: 'bulk_index_records',
  index: 'exhibits_index',
  uuid: 'not-a-uuid',
  timestamp: '2026-08-14T18:31:09.271Z',
  message: 'Invalid record UUID format: not-a-uuid',
  error_type: 'Error',
  stack: 'Error: Invalid record UUID format: not-a-uuid\n' +
    '    at Indexer_index_tasks._validate_uuid (/Users/fcr/Dropbox/work/workspace/exhibits/exhibits-backend/indexer/tasks/indexer_index_tasks.js:84:19)\n' +
    '    at Indexer_index_tasks.bulk_index_records (/Users/fcr/Dropbox/work/workspace/exhibits/exhibits-backend/indexer/tasks/indexer_index_tasks.js:339:47)\n' +
    '    at /Users/fcr/Dropbox/work/workspace/exhibits/exhibits-backend/test/tasks/indexer_bulk_index_records.test.js:103:36\n' +
    '    at file:///Users/fcr/Dropbox/work/workspace/exhibits/exhibits-backend/node_modules/@vitest/runner/dist/chunk-hooks.js:155:11\n' +
    '    at file:///Users/fcr/Dropbox/work/workspace/exhibits/exhibits-backend/node_modules/@vitest/runner/dist/chunk-hooks.js:752:26\n' +
    '    at file:///Users/fcr/Dropbox/work/workspace/exhibits/exhibits-backend/node_modules/@vitest/runner/dist/chunk-hooks.js:1897:20\n' +
    '    at new Promise (<anonymous>)\n' +
    '    at runWithTimeout (file:///Users/fcr/Dropbox/work/workspace/exhibits/exhibits-backend/node_modules/@vitest/runner/dist/chunk-hooks.js:1863:10)\n' +
    '    at runTest (file:///Users/fcr/Dropbox/work/workspace/exhibits/exhibits-backend/node_modules/@vitest/runner/dist/chunk-hooks.js:1574:12)\n' +
    '    at processTicksAndRejections (node:internal/process/task_queues:104:5)'
}
[32m[2026-08-14T11:31:09.274] [INFO] default - [39mBulk indexing complete {
  index: 'exhibits_index',
  success: 1,
  failed: 1,
  total: 2,
  timestamp: '2026-08-14T18:31:09.274Z'
}
[32m[2026-08-14T11:31:09.274] [INFO] default - [39mIndexer initialized { index: 'exhibits_index' }
[32m[2026-08-14T11:31:09.274] [INFO] default - [39mBulk indexing complete {
  index: 'exhibits_index',
  success: 3,
  failed: 0,
  total: 3,
  timestamp: '2026-08-14T18:31:09.274Z'
}
[32m[2026-08-14T11:31:09.274] [INFO] default - [39mIndexer initialized { index: 'exhibits_index' }
[91m[2026-08-14T11:31:09.275] [ERROR] default - [39mERROR: [/indexer/indexer_index_tasks (bulk_index_records)] Failed to bulk index records {
  method: 'bulk_index_records',
  index: 'exhibits_index',
  chunk_start: 0,
  chunk_size: 2,
  timestamp: '2026-08-14T18:31:09.275Z',
  message: 'connection refused',
  error_type: 'Error',
  stack: 'Error: connection refused\n' +
    '    at /Users/fcr/Dropbox/work/workspace/exhibits/exhibits-backend/test/tasks/indexer_bulk_index_records.test.js:127:39\n' +
    '    at file:///Users/fcr/Dropbox/work/workspace/exhibits/exhibits-backend/node_modules/@vitest/runner/dist/chunk-hooks.js:155:11\n' +
    '    at file:///Users/fcr/Dropbox/work/workspace/exhibits/exhibits-backend/node_modules/@vitest/runner/dist/chunk-hooks.js:752:26\n' +
    '    at file:///Users/fcr/Dropbox/work/workspace/exhibits/exhibits-backend/node_modules/@vitest/runner/dist/chunk-hooks.js:1897:20\n' +
    '    at new Promise (<anonymous>)\n' +
    '    at runWithTimeout (file:///Users/fcr/Dropbox/work/workspace/exhibits/exhibits-backend/node_modules/@vitest/runner/dist/chunk-hooks.js:1863:10)\n' +
    '    at runTest (file:///Users/fcr/Dropbox/work/workspace/exhibits/exhibits-backend/node_modules/@vitest/runner/dist/chunk-hooks.js:1574:12)\n' +
    '    at processTicksAndRejections (node:internal/process/task_queues:104:5)\n' +
    '    at runSuite (file:///Users/fcr/Dropbox/work/workspace/exhibits/exhibits-backend/node_modules/@vitest/runner/dist/chunk-hooks.js:1729:8)\n' +
    '    at runSuite (file:///Users/fcr/Dropbox/work/workspace/exhibits/exhibits-backend/node_modules/@vitest/runner/dist/chunk-hooks.js:1729:8)'
}
[32m[2026-08-14T11:31:09.275] [INFO] default - [39mBulk indexing complete {
  index: 'exhibits_index',
  success: 0,
  failed: 2,
  total: 2,
  timestamp: '2026-08-14T18:31:09.275Z'
}
[32m[2026-08-14T11:31:09.275] [INFO] default - [39mIndexer initialized { index: 'exhibits_index' }
[32m[2026-08-14T11:31:09.275] [INFO] default - [39mBulk indexing complete {
  index: 'exhibits_index',
  success: 1,
  failed: 0,
  total: 1,
  timestamp: '2026-08-14T18:31:09.275Z'
}
 ✓ test/tasks/indexer_bulk_index_records.test.js > Indexer_index_tasks.bulk_index_records > empty / non-array input returns a zero result and never calls client.bulk 3ms
 ✓ test/tasks/indexer_bulk_index_records.test.js > Indexer_index_tasks.bulk_index_records > all-success: one bulk call with correct action/doc operation pairs 2ms
 ✓ test/tasks/indexer_bulk_index_records.test.js > Indexer_index_tasks.bulk_index_records > upsert semantics: the index action keys on _id = the record uuid (trimmed) 1ms
 ✓ test/tasks/indexer_bulk_index_records.test.js > Indexer_index_tasks.bulk_index_records > a per-item ES error is counted as failed (with reason); its siblings still succeed 1ms
 ✓ test/tasks/indexer_bulk_index_records.test.js > Indexer_index_tasks.bulk_index_records > an invalid record is failed and omitted from the request; valid ones are still indexed 3ms
 ✓ test/tasks/indexer_bulk_index_records.test.js > Indexer_index_tasks.bulk_index_records > chunking: chunk_size splits into multiple bulk calls and aggregates the totals 0ms
 ✓ test/tasks/indexer_bulk_index_records.test.js > Indexer_index_tasks.bulk_index_records > a whole-chunk transport failure marks every doc in the chunk as failed 1ms
 ✓ test/tasks/indexer_bulk_index_records.test.js > Indexer_index_tasks.bulk_index_records > refresh:true is forwarded to client.bulk 0ms
[33m[2026-08-14T11:31:09.292] [WARN] default - [39mConfig value is null/undefined for: exhibit_records
[33m[2026-08-14T11:31:09.294] [WARN] default - [39mConfig value is null/undefined for: exhibit_records
[33m[2026-08-14T11:31:09.294] [WARN] default - [39mConfig value is null/undefined for: item_records
[33m[2026-08-14T11:31:09.294] [WARN] default - [39mConfig value is null/undefined for: heading_records
[33m[2026-08-14T11:31:09.294] [WARN] default - [39mConfig value is null/undefined for: grid_item_records
[33m[2026-08-14T11:31:09.294] [WARN] default - [39mConfig value is null/undefined for: grid_records
[33m[2026-08-14T11:31:09.294] [WARN] default - [39mConfig value is null/undefined for: timeline_records
[33m[2026-08-14T11:31:09.294] [WARN] default - [39mConfig value is null/undefined for: timeline_item_records
[33m[2026-08-14T11:31:09.294] [WARN] default - [39mConfig value is null/undefined for: user_records
[33m[2026-08-14T11:31:09.294] [WARN] default - [39mConfig value is null/undefined for: roles_records
[33m[2026-08-14T11:31:09.294] [WARN] default - [39mConfig value is null/undefined for: users_roles
[33m[2026-08-14T11:31:09.294] [WARN] default - [39mConfig value is null/undefined for: media_library_records
[33m[2026-08-14T11:31:09.294] [WARN] default - [39mConfig value is null/undefined for: item_records
[33m[2026-08-14T11:31:09.294] [WARN] default - [39mConfig value is null/undefined for: heading_records
[33m[2026-08-14T11:31:09.295] [WARN] default - [39mConfig value is null/undefined for: grid_item_records
[33m[2026-08-14T11:31:09.295] [WARN] default - [39mConfig value is null/undefined for: grid_records
[33m[2026-08-14T11:31:09.295] [WARN] default - [39mConfig value is null/undefined for: timeline_records
[33m[2026-08-14T11:31:09.295] [WARN] default - [39mConfig value is null/undefined for: timeline_item_records
[33m[2026-08-14T11:31:09.295] [WARN] default - [39mConfig value is null/undefined for: user_records
[33m[2026-08-14T11:31:09.295] [WARN] default - [39mConfig value is null/undefined for: roles_records
[33m[2026-08-14T11:31:09.295] [WARN] default - [39mConfig value is null/undefined for: users_roles
[33m[2026-08-14T11:31:09.295] [WARN] default - [39mConfig value is null/undefined for: media_library_records
[33m[2026-08-14T11:31:09.295] [WARN] default - [39mConfig value is null/undefined for: exhibit_media_records
[33m[2026-08-14T11:31:09.295] [WARN] default - [39mConfig has null/undefined values {
  fields: [
    'exhibit_records',
    'item_records',
    'heading_records',
    'grid_item_records',
    'grid_records',
    'timeline_records',
    'timeline_item_records',
    'user_records',
    'roles_records',
    'users_roles',
    'media_library_records',
    'exhibit_media_records'
  ]
}
[32m[2026-08-14T11:31:09.295] [INFO] default - [39mConfig validated successfully { fields_count: 0 }
[33m[2026-08-14T11:31:09.294] [WARN] default - [39mConfig value is null/undefined for: exhibit_media_records
[33m[2026-08-14T11:31:09.294] [WARN] default - [39mConfig has null/undefined values {
  fields: [
    'exhibit_records',
    'item_records',
    'heading_records',
    'grid_item_records',
    'grid_records',
    'timeline_records',
    'timeline_item_records',
    'user_records',
    'roles_records',
    'users_roles',
    'media_library_records',
    'exhibit_media_records'
  ]
}
[32m[2026-08-14T11:31:09.294] [INFO] default - [39mConfig validated successfully { fields_count: 0 }
[33m[2026-08-14T11:31:09.393] [WARN] default - [39mConfig value is null/undefined for: token_secret
[33m[2026-08-14T11:31:09.393] [WARN] default - [39mConfig value is null/undefined for: token_algo
[33m[2026-08-14T11:31:09.393] [WARN] default - [39mConfig value is null/undefined for: token_expires
[33m[2026-08-14T11:31:09.393] [WARN] default - [39mConfig value is null/undefined for: token_issuer
[33m[2026-08-14T11:31:09.393] [WARN] default - [39mConfig value is null/undefined for: token_secret
[33m[2026-08-14T11:31:09.393] [WARN] default - [39mConfig has null/undefined values {
  fields: [ 'token_secret', 'token_algo', 'token_expires', 'token_issuer' ]
}
[33m[2026-08-14T11:31:09.393] [WARN] default - [39mConfig value is null/undefined for: token_algo
[33m[2026-08-14T11:31:09.393] [WARN] default - [39mConfig value is null/undefined for: token_expires
[33m[2026-08-14T11:31:09.393] [WARN] default - [39mConfig value is null/undefined for: token_issuer
[33m[2026-08-14T11:31:09.393] [WARN] default - [39mConfig has null/undefined values {
  fields: [ 'token_secret', 'token_algo', 'token_expires', 'token_issuer' ]
}
[32m[2026-08-14T11:31:09.393] [INFO] default - [39mConfig validated successfully { fields_count: 0 }
[32m[2026-08-14T11:31:09.393] [INFO] default - [39mConfig validated successfully { fields_count: 0 }
[33m[2026-08-14T11:31:09.394] [WARN] default - [39mConfig value is null/undefined for: sso_host
[33m[2026-08-14T11:31:09.394] [WARN] default - [39mConfig value is null/undefined for: sso_url
[33m[2026-08-14T11:31:09.394] [WARN] default - [39mConfig value is null/undefined for: sso_response_url
[33m[2026-08-14T11:31:09.394] [WARN] default - [39mConfig value is null/undefined for: sso_logout_url
[33m[2026-08-14T11:31:09.394] [WARN] default - [39mConfig value is null/undefined for: exhibit_preview_url
[33m[2026-08-14T11:31:09.394] [WARN] default - [39mConfig value is null/undefined for: exhibit_preview_api_key
[33m[2026-08-14T11:31:09.394] [WARN] default - [39mConfig value is null/undefined for: repo_iiif_endpoint
[33m[2026-08-14T11:31:09.394] [WARN] default - [39mConfig value is null/undefined for: repo_iiif_image_endpoint
[33m[2026-08-14T11:31:09.394] [WARN] default - [39mConfig value is null/undefined for: repo_item_api_url
[33m[2026-08-14T11:31:09.394] [WARN] default - [39mConfig value is null/undefined for: repo_item_api_key
[33m[2026-08-14T11:31:09.394] [WARN] default - [39mConfig value is null/undefined for: tn_service
[33m[2026-08-14T11:31:09.394] [WARN] default - [39mConfig value is null/undefined for: tn_service_api_key
[33m[2026-08-14T11:31:09.394] [WARN] default - [39mConfig value is null/undefined for: item_subjects_api_url
[33m[2026-08-14T11:31:09.394] [WARN] default - [39mConfig value is null/undefined for: item_subjects_api_key
[33m[2026-08-14T11:31:09.394] [WARN] default - [39mConfig has null/undefined values {
  fields: [
    'sso_host',
    'sso_url',
    'sso_response_url',
    'sso_logout_url',
    'exhibit_preview_url',
    'exhibit_preview_api_key',
    'repo_iiif_endpoint',
    'repo_iiif_image_endpoint',
    'repo_item_api_url',
    'repo_item_api_key',
    'tn_service',
    'tn_service_api_key',
    'item_subjects_api_url',
    'item_subjects_api_key'
  ]
}
[32m[2026-08-14T11:31:09.394] [INFO] default - [39mConfig validated successfully { fields_count: 0 }
[33m[2026-08-14T11:31:09.394] [WARN] default - [39mConfig value is null/undefined for: sso_host
[33m[2026-08-14T11:31:09.394] [WARN] default - [39mConfig value is null/undefined for: sso_url
[33m[2026-08-14T11:31:09.394] [WARN] default - [39mConfig value is null/undefined for: sso_response_url
[33m[2026-08-14T11:31:09.394] [WARN] default - [39mConfig value is null/undefined for: sso_logout_url
[33m[2026-08-14T11:31:09.394] [WARN] default - [39mConfig value is null/undefined for: exhibit_preview_url
[33m[2026-08-14T11:31:09.394] [WARN] default - [39mConfig value is null/undefined for: exhibit_preview_api_key
[33m[2026-08-14T11:31:09.394] [WARN] default - [39mConfig value is null/undefined for: repo_iiif_endpoint
[33m[2026-08-14T11:31:09.394] [WARN] default - [39mConfig value is null/undefined for: repo_iiif_image_endpoint
[33m[2026-08-14T11:31:09.394] [WARN] default - [39mConfig value is null/undefined for: repo_item_api_url
[33m[2026-08-14T11:31:09.394] [WARN] default - [39mConfig value is null/undefined for: repo_item_api_key
[33m[2026-08-14T11:31:09.394] [WARN] default - [39mConfig value is null/undefined for: tn_service
[33m[2026-08-14T11:31:09.394] [WARN] default - [39mConfig value is null/undefined for: tn_service_api_key
[33m[2026-08-14T11:31:09.394] [WARN] default - [39mConfig value is null/undefined for: item_subjects_api_url
[33m[2026-08-14T11:31:09.394] [WARN] default - [39mConfig value is null/undefined for: item_subjects_api_key
[33m[2026-08-14T11:31:09.394] [WARN] default - [39mConfig has null/undefined values {
  fields: [
    'sso_host',
    'sso_url',
    'sso_response_url',
    'sso_logout_url',
    'exhibit_preview_url',
    'exhibit_preview_api_key',
    'repo_iiif_endpoint',
    'repo_iiif_image_endpoint',
    'repo_item_api_url',
    'repo_item_api_key',
    'tn_service',
    'tn_service_api_key',
    'item_subjects_api_url',
    'item_subjects_api_key'
  ]
}
[32m[2026-08-14T11:31:09.394] [INFO] default - [39mConfig validated successfully { fields_count: 0 }
 ✓ test/tasks/reindex_coalescer.test.js > reindex_coalescer.schedule_reindex > runs the task once after the default debounce window (not immediately) 2ms
 ✓ test/tasks/reindex_coalescer.test.js > reindex_coalescer.schedule_reindex > coalesces a burst on the same key into ONE run of the latest task 1ms
 ✓ test/tasks/reindex_coalescer.test.js > reindex_coalescer.schedule_reindex > different keys are debounced independently 0ms
 ✓ test/tasks/reindex_coalescer.test.js > reindex_coalescer.schedule_reindex > respects a custom delay 1ms
 ✓ test/tasks/reindex_coalescer.test.js > reindex_coalescer.schedule_reindex > clears the key after running, so a later edit schedules a fresh re-index 1ms
 ✓ test/tasks/reindex_coalescer.test.js > reindex_coalescer.schedule_reindex > an error thrown by the task is caught and logged, never propagated 3ms
[33m[2026-08-14T11:31:09.431] [WARN] default - [39mConfig value is null/undefined for: host
[33m[2026-08-14T11:31:09.431] [WARN] default - [39mConfig value is null/undefined for: host
[33m[2026-08-14T11:31:09.431] [WARN] default - [39mConfig value is null/undefined for: app_name
[33m[2026-08-14T11:31:09.431] [WARN] default - [39mConfig value is null/undefined for: app_version
[33m[2026-08-14T11:31:09.431] [WARN] default - [39mConfig value is null/undefined for: organization
[33m[2026-08-14T11:31:09.431] [WARN] default - [39mConfig value is null/undefined for: app_host
[33m[2026-08-14T11:31:09.431] [WARN] default - [39mConfig value is null/undefined for: app_port
[33m[2026-08-14T11:31:09.431] [WARN] default - [39mConfig value is null/undefined for: app_path
[33m[2026-08-14T11:31:09.431] [WARN] default - [39mConfig value is null/undefined for: api_url
[33m[2026-08-14T11:31:09.431] [WARN] default - [39mConfig value is null/undefined for: build_version
[33m[2026-08-14T11:31:09.431] [WARN] default - [39mConfig value is null/undefined for: app_name
[33m[2026-08-14T11:31:09.431] [WARN] default - [39mConfig value is null/undefined for: app_version
[33m[2026-08-14T11:31:09.431] [WARN] default - [39mConfig value is null/undefined for: organization
[33m[2026-08-14T11:31:09.431] [WARN] default - [39mConfig value is null/undefined for: app_host
[33m[2026-08-14T11:31:09.431] [WARN] default - [39mConfig value is null/undefined for: app_port
[33m[2026-08-14T11:31:09.431] [WARN] default - [39mConfig value is null/undefined for: app_path
[33m[2026-08-14T11:31:09.431] [WARN] default - [39mConfig value is null/undefined for: api_url
[33m[2026-08-14T11:31:09.431] [WARN] default - [39mConfig value is null/undefined for: build_version
[33m[2026-08-14T11:31:09.431] [WARN] default - [39mConfig has null/undefined values {
  fields: [
    'host',
    'app_name',
    'app_version',
    'organization',
    'app_host',
    'app_port',
    'app_path',
    'api_url',
    'build_version'
  ]
}
[33m[2026-08-14T11:31:09.431] [WARN] default - [39mConfig has null/undefined values {
  fields: [
    'host',
    'app_name',
    'app_version',
    'organization',
    'app_host',
    'app_port',
    'app_path',
    'api_url',
    'build_version'
  ]
}
[32m[2026-08-14T11:31:09.431] [INFO] default - [39mConfig validated successfully { fields_count: 0 }
[32m[2026-08-14T11:31:09.431] [INFO] default - [39mConfig validated successfully { fields_count: 0 }
[32m[2026-08-14T11:31:09.511] [INFO] default - [39mINFO: [/media-library/tasks/media_record_tasks] Media record created successfully { id: 1, uuid: 'abc' }
 ✓ test/tasks/media_create_record.test.js > media create — schema + insert whitelist > media_create_record_schema (ajv) > accepts a record with the required fields 25ms
 ✓ test/tasks/media_create_record.test.js > media create — schema + insert whitelist > media_create_record_schema (ajv) > requires name, media_type and ingest_method 1ms
 ✓ test/tasks/media_create_record.test.js > media create — schema + insert whitelist > create_media_record inserts only whitelisted columns (drops id/is_deleted/updated_by) 2ms
 ✓ test/tasks/rte_vocabulary.test.js > libs/rte_vocabulary — full profile > keeps the editor vocabulary intact 10ms
 ✓ test/tasks/rte_vocabulary.test.js > libs/rte_vocabulary — full profile > keeps ql-indent classes and drops other classes 2ms
 ✓ test/tasks/rte_vocabulary.test.js > libs/rte_vocabulary — full profile > keeps DU-palette colors and normalizes rgb; strips off-palette colors 23ms
 ✓ test/tasks/rte_vocabulary.test.js > libs/rte_vocabulary — full profile > strips non-color style declarations 2ms
 ✓ test/tasks/rte_vocabulary.test.js > libs/rte_vocabulary — full profile > link hygiene: safe schemes only, rel forced on target=_blank 2ms
 ✓ test/tasks/rte_vocabulary.test.js > libs/rte_vocabulary — full profile > strips out-of-vocabulary structure but keeps content 2ms
 ✓ test/tasks/rte_vocabulary.test.js > libs/rte_vocabulary — full profile > removes script/style entirely 1ms
 ✓ test/tasks/rte_vocabulary.test.js > libs/rte_vocabulary — full profile > typed angle brackets display literally 0ms
 ✓ test/tasks/rte_vocabulary.test.js > libs/rte_vocabulary — reduced profile > keeps inline formats only 2ms
 ✓ test/tasks/rte_vocabulary.test.js > libs/rte_vocabulary — plain profile > strips all markup, keeps text 0ms
 ✓ test/tasks/rte_vocabulary.test.js > libs/rte_vocabulary — apply() > applies the profile map per field and leaves others untouched 2ms
 ✓ test/tasks/rte_vocabulary.test.js > libs/rte_vocabulary — apply() > tolerates null/undefined records and missing fields 0ms
[32m[2026-08-14T11:31:09.603] [INFO] default - [39mItem record updated successfully {
  uuid: 'b042f609-b680-4ca9-be40-aaf194dcfced',
  fields_updated: [ 'caption', 'text' ],
  updated_by: null,
  timestamp: '2026-08-14T18:31:09.603Z'
}
[32m[2026-08-14T11:31:09.605] [INFO] default - [39mItem record created successfully {
  uuid: 'b042f609-b680-4ca9-be40-aaf194dcfced',
  item_type: 'image',
  created_by: null,
  timestamp: '2026-08-14T18:31:09.605Z'
}
[32m[2026-08-14T11:31:09.606] [INFO] default - [39mGrid record created successfully {
  id: 1,
  uuid: 'b042f609-b680-4ca9-be40-aaf194dcfced',
  created_by: null,
  timestamp: '2026-08-14T18:31:09.606Z'
}
[32m[2026-08-14T11:31:09.606] [INFO] default - [39mTimeline record created successfully {
  id: 1,
  uuid: 'b042f609-b680-4ca9-be40-aaf194dcfced',
  created_by: null,
  timestamp: '2026-08-14T18:31:09.606Z'
}
 ✓ test/tasks/dropped_title_column_regression.test.js > dropped `title` column — container task paths never reference it > item: update_item_record succeeds without selecting/updating `title` 4ms
 ✓ test/tasks/dropped_title_column_regression.test.js > dropped `title` column — container task paths never reference it > item: create_item_record succeeds without inserting `title` 1ms
 ✓ test/tasks/dropped_title_column_regression.test.js > dropped `title` column — container task paths never reference it > grid: publishing a grid container does not select `title` 0ms
 ✓ test/tasks/dropped_title_column_regression.test.js > dropped `title` column — container task paths never reference it > grid: create_grid_record does not insert `title` 0ms
 ✓ test/tasks/dropped_title_column_regression.test.js > dropped `title` column — container task paths never reference it > timeline: create_timeline_record does not insert `title` 0ms
 ✓ test/tasks/dom_sanitizer.test.js > libs/dom request sanitizers — recursion > recurses into nested objects (body) 6ms
 ✓ test/tasks/dom_sanitizer.test.js > libs/dom request sanitizers — recursion > recurses into arrays and arrays of objects (body) 5ms
 ✓ test/tasks/dom_sanitizer.test.js > libs/dom request sanitizers — recursion > still sanitizes top-level strings 6ms
 ✓ test/tasks/dom_sanitizer.test.js > libs/dom request sanitizers — recursion > leaves the top-level is_active key untouched (preserved exception) 0ms
 ✓ test/tasks/dom_sanitizer.test.js > libs/dom request sanitizers — recursion > the is_active skip is top-level only — a nested is_active IS sanitized 1ms
 ✓ test/tasks/dom_sanitizer.test.js > libs/dom request sanitizers — recursion > leaves non-string values intact 0ms
 ✓ test/tasks/dom_sanitizer.test.js > libs/dom request sanitizers — recursion > recurses nested query params (qs bracket notation) 1ms
 ✓ test/tasks/dom_sanitizer.test.js > libs/dom request sanitizers — recursion > sanitizes route params 1ms
 ✓ test/tasks/dom_sanitizer.test.js > libs/dom request sanitizers — recursion > is a no-op that still calls next() when the container is undefined 0ms
 ✓ test/tasks/dom_sanitizer.test.js > libs/dom request sanitizers — recursion > handles very deep nesting without overflowing the call stack 2ms
 ✓ test/tasks/iiif_cache.test.js > iiif-cache key helpers > normalize_version maps a date to a stable epoch string and absent to "0" 1ms
 ✓ test/tasks/iiif_cache.test.js > iiif-cache key helpers > variant_digest is deterministic, 16-hex, and param-sensitive 0ms
 ✓ test/tasks/iiif_cache.test.js > iiif-cache key helpers > derivative_path nests by buckets/uuid/version/variant with the right extension 0ms
 ✓ test/tasks/iiif_cache.test.js > iiif-cache key helpers > compute_etag is quoted and changes with version and with params 0ms
 ✓ test/tasks/iiif_cache.test.js > iiif-cache put/get/purge > round-trips a derivative: put then get returns identical bytes and writes the file 6ms
 ✓ test/tasks/iiif_cache.test.js > iiif-cache put/get/purge > get returns null for an uncached variant (miss) 0ms
 ✓ test/tasks/iiif_cache.test.js > iiif-cache put/get/purge > a new version is a cache miss — the prior version is never served for it 1ms
 ✓ test/tasks/iiif_cache.test.js > iiif-cache put/get/purge > purge removes every version and variant for a uuid 3ms
 ✓ test/tasks/iiif_cache.test.js > iiif-cache put/get/purge > purge of an unknown uuid is a no-op success 0ms
 ✓ test/tasks/iiif_cache.test.js > iiif-cache put/get/purge > refuses to cache a non-buffer or empty payload 0ms
[32m[2026-08-14T11:31:09.740] [INFO] default - [39mIndex exists { index: 'exhibits_test', timestamp: '2026-08-14T18:31:09.740Z' }
[32m[2026-08-14T11:31:09.743] [INFO] default - [39mIndex does not exist { index: 'exhibits_test' }
[91m[2026-08-14T11:31:09.744] [ERROR] default - [39mERROR: [/indexer/indexer_index_utils_tasks (check_index)] Failed to check index {
  method: 'check_index',
  index: 'exhibits_test',
  timestamp: '2026-08-14T18:31:09.744Z',
  message: 'service unavailable',
  error_type: 'Error',
  status_code: 503,
  elasticsearch_error: undefined,
  reason: undefined,
  stack: 'Error: service unavailable\n' +
    '    at Object.<anonymous> (/Users/fcr/Dropbox/work/workspace/exhibits/exhibits-backend/test/tasks/indexer_index_utils_check_index.test.js:72:25)\n' +
    '    at Object.mockCall (file:///Users/fcr/Dropbox/work/workspace/exhibits/exhibits-backend/node_modules/@vitest/spy/dist/index.js:96:15)\n' +
    '    at Object.spy [as exists] (file:///Users/fcr/Dropbox/work/workspace/exhibits/exhibits-backend/node_modules/tinyspy/dist/index.js:47:80)\n' +
    '    at Indexer_index_utils_tasks.check_index (/Users/fcr/Dropbox/work/workspace/exhibits/exhibits-backend/indexer/tasks/indexer_index_utils_tasks.js:277:37)\n' +
    '    at /Users/fcr/Dropbox/work/workspace/exhibits/exhibits-backend/test/tasks/indexer_index_utils_check_index.test.js:77:36\n' +
    '    at file:///Users/fcr/Dropbox/work/workspace/exhibits/exhibits-backend/node_modules/@vitest/runner/dist/chunk-hooks.js:155:11\n' +
    '    at file:///Users/fcr/Dropbox/work/workspace/exhibits/exhibits-backend/node_modules/@vitest/runner/dist/chunk-hooks.js:752:26\n' +
    '    at file:///Users/fcr/Dropbox/work/workspace/exhibits/exhibits-backend/node_modules/@vitest/runner/dist/chunk-hooks.js:1897:20\n' +
    '    at new Promise (<anonymous>)\n' +
    '    at runWithTimeout (file:///Users/fcr/Dropbox/work/workspace/exhibits/exhibits-backend/node_modules/@vitest/runner/dist/chunk-hooks.js:1863:10)'
}
 ✓ test/tasks/indexer_index_utils_check_index.test.js > Indexer_index_utils_tasks.check_index > reports exists:true and sends NO `timeout` param (regression: HEAD exists 400s on it) 3ms
 ✓ test/tasks/indexer_index_utils_check_index.test.js > Indexer_index_utils_tasks.check_index > reports exists:false when the index is absent 0ms
 ✓ test/tasks/indexer_index_utils_check_index.test.js > Indexer_index_utils_tasks.check_index > treats a 404 from Elasticsearch as exists:false (not an error) 0ms
 ✓ test/tasks/indexer_index_utils_check_index.test.js > Indexer_index_utils_tasks.check_index > reports success:false on a non-404 Elasticsearch error 2ms
[33m[2026-08-14T11:31:09.773] [WARN] default - [39mWARNING: [/config/csrf_guard] blocked cross-origin POST to /exhibits-dashboard/api/v1/exhibits — Origin/Referer host: evil.example
[33m[2026-08-14T11:31:09.774] [WARN] default - [39mWARNING: [/config/csrf_guard] blocked cross-origin POST to /exhibits-dashboard/api/v1/exhibits — Origin/Referer host: evil.example
[91m[2026-08-14T11:31:09.774] [ERROR] default - [39mERROR: [/auth/tasks (get_auth_user_data)] unable to get user data Database connection failed
[33m[2026-08-14T11:31:09.775] [WARN] default - [39mWARNING: [/config/csrf_guard] blocked cross-origin DELETE to /exhibits-dashboard/api/v1/exhibits — Origin/Referer host: evil.example
 ✓ test/tasks/csrf_guard.test.js > csrf_guard > allows safe methods (GET) regardless of origin 1ms
 ✓ test/tasks/csrf_guard.test.js > csrf_guard > allows a same-origin POST (Origin host === Host) 0ms
 ✓ test/tasks/csrf_guard.test.js > csrf_guard > blocks a cross-origin POST with 403 1ms
 ✓ test/tasks/csrf_guard.test.js > csrf_guard > blocks a cross-origin request stated via Referer 0ms
 ✓ test/tasks/csrf_guard.test.js > csrf_guard > allows a POST with no Origin and no Referer (non-browser / server-to-server) 0ms
 ✓ test/tasks/csrf_guard.test.js > csrf_guard > exempts the SSO callback even when cross-origin 0ms
 ✓ test/tasks/csrf_guard.test.js > csrf_guard > skips the check under the e2e/test bypass 0ms
 ✓ test/tasks/csrf_guard.test.js > csrf_guard > matches the Origin against req.hostname (X-Forwarded-Host behind a proxy) 0ms
 ✓ test/tasks/csrf_guard.test.js > csrf_guard > honors CSRF_TRUSTED_ORIGINS for an additional first-party origin 0ms
 ✓ test/tasks/csrf_guard.test.js > csrf_guard > honors CSRF_EXEMPT_PATHS 0ms
 ✓ test/tasks/csrf_guard.test.js > csrf_guard > blocks a cross-origin DELETE (unsafe method other than POST) 0ms
 ✓ test/tasks/permissions_tasks.test.js > Permissions_tasks > constructor > should initialize with DB and TABLE 1ms
 ✓ test/tasks/permissions_tasks.test.js > Permissions_tasks > get_role_permissions > should not log the role parameter to the console 0ms
 ✓ test/tasks/permissions_tasks.test.js > Permissions_tasks > get_role_permissions > should handle null role without throwing 0ms
 ✓ test/tasks/permissions_tasks.test.js > Permissions_tasks > get_role_permissions > should handle undefined role without throwing 0ms
 ✓ test/tasks/permissions_tasks.test.js > Permissions_tasks > get_role_permissions > should handle numeric role without throwing 0ms
 ✓ test/tasks/permissions_tasks.test.js > Permissions_tasks > get_role_permissions > should handle object role without throwing 0ms
 ✓ test/tasks/permissions_tasks.test.js > Permissions_tasks > get_auth_user_data > should return user data for valid id 1ms
 ✓ test/tasks/permissions_tasks.test.js > Permissions_tasks > get_auth_user_data > should return false when no user found 0ms
 ✓ test/tasks/permissions_tasks.test.js > Permissions_tasks > get_auth_user_data > should return false when multiple users found 0ms
 ✓ test/tasks/permissions_tasks.test.js > Permissions_tasks > get_auth_user_data > should handle database error gracefully 1ms
 ✓ test/tasks/permissions_tasks.test.js > Permissions_tasks > get_auth_user_data > should query with correct parameters 0ms
 ✓ test/tasks/permissions_tasks.test.js > Permissions_tasks > get_auth_user_data > should handle string id parameter 0ms
 ✓ test/tasks/permissions_tasks.test.js > Permissions_tasks > get_auth_user_data > should return user data with all fields populated 1ms
 ✓ test/tasks/permissions_tasks.test.js > Permissions_tasks > get_auth_user_data > should return user data with null optional fields 0ms
 ✓ test/tasks/permissions_tasks.test.js > Permissions_tasks > get_auth_user_data > should handle zero id 3ms
 ✓ test/tasks/permissions_tasks.test.js > Permissions_tasks > get_auth_user_data > should handle negative id 0ms
 ✓ test/tasks/permissions_tasks.test.js > Permissions_tasks Edge Cases > concurrent access > should handle multiple simultaneous get_auth_user_data calls 0ms
 ✓ test/tasks/permissions_tasks.test.js > Permissions_tasks Edge Cases > data integrity > should preserve original data structure 0ms
 ✓ test/tasks/permissions_tasks.test.js > Permissions_tasks Edge Cases > different table configurations > should work with different table names 0ms
 ✓ test/tasks/permissions_tasks.test.js > Permissions_tasks Edge Cases > different table configurations > should handle table object configuration 0ms
[33m[2026-08-14T11:31:09.829] [WARN] default - [39mConfig value is null/undefined for: host
[33m[2026-08-14T11:31:09.829] [WARN] default - [39mConfig value is null/undefined for: app_name
[33m[2026-08-14T11:31:09.829] [WARN] default - [39mConfig value is null/undefined for: app_version
[33m[2026-08-14T11:31:09.829] [WARN] default - [39mConfig value is null/undefined for: organization
[33m[2026-08-14T11:31:09.829] [WARN] default - [39mConfig value is null/undefined for: app_host
[33m[2026-08-14T11:31:09.829] [WARN] default - [39mConfig value is null/undefined for: app_port
[33m[2026-08-14T11:31:09.829] [WARN] default - [39mConfig value is null/undefined for: app_path
[33m[2026-08-14T11:31:09.829] [WARN] default - [39mConfig value is null/undefined for: api_url
[33m[2026-08-14T11:31:09.829] [WARN] default - [39mConfig value is null/undefined for: build_version
[33m[2026-08-14T11:31:09.829] [WARN] default - [39mConfig has null/undefined values {
  fields: [
    'host',
    'app_name',
    'app_version',
    'organization',
    'app_host',
    'app_port',
    'app_path',
    'api_url',
    'build_version'
  ]
}
[32m[2026-08-14T11:31:09.829] [INFO] default - [39mConfig validated successfully { fields_count: 0 }
[33m[2026-08-14T11:31:09.829] [WARN] default - [39mConfig value is null/undefined for: kaltura_secret_key
[33m[2026-08-14T11:31:09.829] [WARN] default - [39mConfig value is null/undefined for: kaltura_partner_id
[33m[2026-08-14T11:31:09.829] [WARN] default - [39mConfig value is null/undefined for: kaltura_user_id
[33m[2026-08-14T11:31:09.829] [WARN] default - [39mConfig value is null/undefined for: kaltura_conf_ui_id
[33m[2026-08-14T11:31:09.829] [WARN] default - [39mConfig value is null/undefined for: kaltura_exhibit_category_id
[33m[2026-08-14T11:31:09.829] [WARN] default - [39mConfig value is null/undefined for: kaltura_metadata_profile_id
[33m[2026-08-14T11:31:09.829] [WARN] default - [39mConfig value is null/undefined for: kaltura_cdn
[33m[2026-08-14T11:31:09.829] [WARN] default - [39mConfig has null/undefined values {
  fields: [
    'kaltura_secret_key',
    'kaltura_partner_id',
    'kaltura_user_id',
    'kaltura_conf_ui_id',
    'kaltura_exhibit_category_id',
    'kaltura_metadata_profile_id',
    'kaltura_cdn'
  ]
}
[32m[2026-08-14T11:31:09.829] [INFO] default - [39mConfig validated successfully { fields_count: 0 }
 ✓ test/tasks/api-stubs.test.js > stubExhibitsApi > GET /api/v1/exhibits → fulfills 200 with records array 2ms
 ✓ test/tasks/api-stubs.test.js > stubExhibitsApi > POST /api/v1/exhibits → fulfills 201 with new uuid 0ms
 ✓ test/tasks/api-stubs.test.js > stubExhibitsApi > PUT or DELETE → falls back (handler does not own these methods) 0ms
 ✓ test/tasks/api-stubs.test.js > stubExhibitRecordApi > GET /api/v1/exhibits/<uuid> → fulfills with record 0ms
 ✓ test/tasks/api-stubs.test.js > stubExhibitRecordApi > PUT /api/v1/exhibits/<uuid> → captures payload, returns 201 0ms
 ✓ test/tasks/api-stubs.test.js > stubHeadingRecordsApi (path-tail logic) > POST /…/headings (no trailing /<id>) → claim (create) — modified-26 regression 0ms
 ✓ test/tasks/api-stubs.test.js > stubHeadingRecordsApi (path-tail logic) > GET /…/headings/<id>?type=edit → claim 0ms
 ✓ test/tasks/api-stubs.test.js > stubHeadingRecordsApi (path-tail logic) > PUT /…/headings/<id> → claim, capture payload 0ms
 ✓ test/tasks/api-stubs.test.js > stubHeadingRecordsApi (path-tail logic) > POST /…/headings/<id>/unlock → fallback (nested resource we don't own) 0ms
 ✓ test/tasks/api-stubs.test.js > stubGridItemRecordApi (path-tail + method matrix) > POST on /items (no id) → claim (create) 0ms
 ✓ test/tasks/api-stubs.test.js > stubGridItemRecordApi (path-tail + method matrix) > GET on /items/<id> → claim (read) 0ms
 ✓ test/tasks/api-stubs.test.js > stubGridItemRecordApi (path-tail + method matrix) > GET on /items (list) → fallback (owned by stubGridItemsApi) 0ms
 ✓ test/tasks/api-stubs.test.js > stubGridItemRecordApi (path-tail + method matrix) > POST on /items/<id>/<sub> → fallback 0ms
 ✓ test/tasks/api-stubs.test.js > stubStandardItemApi (reorder defense) > POST on /items (create) → claim 0ms
 ✓ test/tasks/api-stubs.test.js > stubStandardItemApi (reorder defense) > POST on /items/reorder → fallback (owned by reorder stub) 0ms
 ✓ test/tasks/api-stubs.test.js > stubTimelineItemApi (response-shape) > GET /…/items/<id> → response is plain {data: <record>} 0ms
 ✓ test/tasks/api-stubs.test.js > stubTimelineItemApi (response-shape) > PUT /…/items/<id> → response is plain {data: {uuid}} 0ms
 ✓ test/tasks/api-stubs.test.js > Method-only stubs > stubVerifyTokenApi: POST → 200 0ms
 ✓ test/tasks/api-stubs.test.js > Method-only stubs > stubVerifyTokenApi: GET → fallback 0ms
 ✓ test/tasks/api-stubs.test.js > Method-only stubs > stubAuthPermissionsApi with status:403 → 403 + authorized:false 0ms
[33m[2026-08-14T11:31:09.835] [WARN] default - [39mConfig value is null/undefined for: host
[33m[2026-08-14T11:31:09.835] [WARN] default - [39mConfig value is null/undefined for: app_name
[33m[2026-08-14T11:31:09.835] [WARN] default - [39mConfig value is null/undefined for: app_version
[33m[2026-08-14T11:31:09.835] [WARN] default - [39mConfig value is null/undefined for: organization
[33m[2026-08-14T11:31:09.835] [WARN] default - [39mConfig value is null/undefined for: app_host
[33m[2026-08-14T11:31:09.835] [WARN] default - [39mConfig value is null/undefined for: app_port
[33m[2026-08-14T11:31:09.835] [WARN] default - [39mConfig value is null/undefined for: app_path
[33m[2026-08-14T11:31:09.835] [WARN] default - [39mConfig value is null/undefined for: api_url
[33m[2026-08-14T11:31:09.835] [WARN] default - [39mConfig value is null/undefined for: build_version
[33m[2026-08-14T11:31:09.835] [WARN] default - [39mConfig has null/undefined values {
  fields: [
    'host',
    'app_name',
    'app_version',
    'organization',
    'app_host',
    'app_port',
    'app_path',
    'api_url',
    'build_version'
  ]
}
[32m[2026-08-14T11:31:09.835] [INFO] default - [39mConfig validated successfully { fields_count: 0 }
[33m[2026-08-14T11:31:09.835] [WARN] default - [39mConfig value is null/undefined for: kaltura_secret_key
[33m[2026-08-14T11:31:09.835] [WARN] default - [39mConfig value is null/undefined for: kaltura_partner_id
[33m[2026-08-14T11:31:09.835] [WARN] default - [39mConfig value is null/undefined for: kaltura_user_id
[33m[2026-08-14T11:31:09.835] [WARN] default - [39mConfig value is null/undefined for: kaltura_conf_ui_id
[33m[2026-08-14T11:31:09.835] [WARN] default - [39mConfig value is null/undefined for: kaltura_exhibit_category_id
[33m[2026-08-14T11:31:09.835] [WARN] default - [39mConfig value is null/undefined for: kaltura_metadata_profile_id
[33m[2026-08-14T11:31:09.835] [WARN] default - [39mConfig value is null/undefined for: kaltura_cdn
[33m[2026-08-14T11:31:09.835] [WARN] default - [39mConfig has null/undefined values {
  fields: [
    'kaltura_secret_key',
    'kaltura_partner_id',
    'kaltura_user_id',
    'kaltura_conf_ui_id',
    'kaltura_exhibit_category_id',
    'kaltura_metadata_profile_id',
    'kaltura_cdn'
  ]
}
[32m[2026-08-14T11:31:09.835] [INFO] default - [39mConfig validated successfully { fields_count: 0 }
[32m[2026-08-14T11:31:09.838] [INFO] default - [39mINFO: [/media-library/iiif-service (get_image)] Cache miss — processing IIIF image request: a3f7b2c1-89d4-4e2a-b5c6-1234abcd5678/full/!100,100/0/default.jpg
[32m[2026-08-14T11:31:09.841] [INFO] default - [39mINFO: [/media-library/iiif-service (get_image)] Image processed successfully for: a3f7b2c1-89d4-4e2a-b5c6-1234abcd5678 (322 bytes)
[32m[2026-08-14T11:31:09.843] [INFO] default - [39mINFO: [/media-library/iiif-service (get_image)] Cache miss — processing IIIF image request: a3f7b2c1-89d4-4e2a-b5c6-1234abcd5678/full/max/0/default.jpg
[32m[2026-08-14T11:31:09.843] [INFO] default - [39mINFO: [/media-library/iiif-service (get_image)] Cache miss — processing IIIF image request: a3f7b2c1-89d4-4e2a-b5c6-1234abcd5678/full/max/0/default.jpg
[91m[2026-08-14T11:31:09.843] [ERROR] default - [39mERROR: [/media-library/iiif-service (resolve_image_source)] Failed to resolve image source for a3f7b2c1-89d4-4e2a-b5c6-1234abcd5678: ENOENT
[32m[2026-08-14T11:31:09.844] [INFO] default - [39mINFO: [/media-library/iiif-service (get_image)] Cache miss — processing IIIF image request: a3f7b2c1-89d4-4e2a-b5c6-1234abcd5678/full/max/0/default.jpg
[32m[2026-08-14T11:31:09.846] [INFO] default - [39mINFO: [/media-library/iiif-service (get_image)] Image processed successfully for: a3f7b2c1-89d4-4e2a-b5c6-1234abcd5678 (640 bytes)
[32m[2026-08-14T11:31:09.847] [INFO] default - [39mINFO: [/media-library/iiif-service (get_image)] Cache miss — processing IIIF image request: a3f7b2c1-89d4-4e2a-b5c6-1234abcd5678/full/!50,50/0/default.jpg
[91m[2026-08-14T11:31:09.847] [ERROR] default - [39mERROR: [/media-library/iiif-service (get_image)] Input buffer contains unsupported image format {
  uuid: 'a3f7b2c1-89d4-4e2a-b5c6-1234abcd5678',
  region: 'full',
  size: 'max',
  rotation: '0',
  quality_format: 'default.jpg',
  stack: 'Error: Input buffer contains unsupported image format\n' +
    '    at Sharp.toBuffer (/Users/fcr/Dropbox/work/workspace/exhibits/exhibits-backend/node_modules/sharp/lib/output.js:163:17)\n' +
    '    at Object.exports.get_image (/Users/fcr/Dropbox/work/workspace/exhibits/exhibits-backend/media-library/iiif-service.js:1179:46)\n' +
    '    at /Users/fcr/Dropbox/work/workspace/exhibits/exhibits-backend/test/tasks/iiif_service_status.test.js:103:19\n' +
    '    at file:///Users/fcr/Dropbox/work/workspace/exhibits/exhibits-backend/node_modules/@vitest/runner/dist/chunk-hooks.js:752:20'
}
[32m[2026-08-14T11:31:09.848] [INFO] default - [39mINFO: [/media-library/iiif-service (get_image)] Cache miss — processing IIIF image request: a3f7b2c1-89d4-4e2a-b5c6-1234abcd5678/full/!32,32/0/default.jpg
[32m[2026-08-14T11:31:09.849] [INFO] default - [39mINFO: [/media-library/iiif-service (get_image)] Image processed successfully for: a3f7b2c1-89d4-4e2a-b5c6-1234abcd5678 (287 bytes)
[32m[2026-08-14T11:31:09.850] [INFO] default - [39mINFO: [/media-library/iiif-service (get_image)] Cache miss — processing IIIF image request: a3f7b2c1-89d4-4e2a-b5c6-1234abcd5678/full/!120,120/0/default.jpg
[32m[2026-08-14T11:31:09.852] [INFO] default - [39mINFO: [/media-library/iiif-service (get_image)] Image processed successfully for: a3f7b2c1-89d4-4e2a-b5c6-1234abcd5678 (275 bytes)
[32m[2026-08-14T11:31:09.853] [INFO] default - [39mINFO: [/media-library/iiif-service (get_image)] Image processed successfully for: a3f7b2c1-89d4-4e2a-b5c6-1234abcd5678 (329 bytes)
[32m[2026-08-14T11:31:09.853] [INFO] default - [39mINFO: [/media-library/iiif-service (get_image)] Cache miss — processing IIIF image request: a3f7b2c1-89d4-4e2a-b5c6-1234abcd5678/full/!120,120/0/default.jpg
[32m[2026-08-14T11:31:09.853] [INFO] default - [39mINFO: [/media-library/iiif-service (get_image)] Cache miss — processing IIIF image request: a3f7b2c1-89d4-4e2a-b5c6-1234abcd5678/full/2000,2000/0/default.jpg
[32m[2026-08-14T11:31:09.855] [INFO] default - [39mINFO: [/media-library/iiif-service (get_image)] Image processed successfully for: a3f7b2c1-89d4-4e2a-b5c6-1234abcd5678 (293 bytes)
[32m[2026-08-14T11:31:09.856] [INFO] default - [39mINFO: [/media-library/iiif-service (get_image)] Image processed successfully for: a3f7b2c1-89d4-4e2a-b5c6-1234abcd5678 (329 bytes)
[32m[2026-08-14T11:31:09.856] [INFO] default - [39mINFO: [/media-library/iiif-service (get_image)] Cache miss — processing IIIF image request: a3f7b2c1-89d4-4e2a-b5c6-1234abcd5678/full/max/0/default.jpg
[32m[2026-08-14T11:31:09.856] [INFO] default - [39mINFO: [/media-library/iiif-service (get_image)] Cache miss — processing IIIF image request: a3f7b2c1-89d4-4e2a-b5c6-1234abcd5678/full/!80,80/0/gray.png
[32m[2026-08-14T11:31:09.881] [INFO] default - [39mINFO: [/media-library/iiif-service (get_image)] Image processed successfully for: a3f7b2c1-89d4-4e2a-b5c6-1234abcd5678 (293 bytes)
[32m[2026-08-14T11:31:09.881] [INFO] default - [39mINFO: [/media-library/iiif-service (get_image)] Image processed successfully for: a3f7b2c1-89d4-4e2a-b5c6-1234abcd5678 (184 bytes)
[32m[2026-08-14T11:31:09.883] [INFO] default - [39mINFO: [/media-library/iiif-service (get_info)] Fetching info.json for: a3f7b2c1-89d4-4e2a-b5c6-1234abcd5678
[32m[2026-08-14T11:31:09.883] [INFO] default - [39mINFO: [/media-library/iiif-service (get_info)] Fetching info.json for: a3f7b2c1-89d4-4e2a-b5c6-1234abcd5678
 ✓ test/tasks/iiif_service_status.test.js > get_image — failure statuses > invalid uuid -> 400 1ms
 ✓ test/tasks/iiif_service_status.test.js > get_image — failure statuses > unsupported quality/format -> 400 0ms
 ✓ test/tasks/iiif_service_status.test.js > get_image — failure statuses > unsupported rotation -> 400 0ms
 ✓ test/tasks/iiif_service_status.test.js > get_image — failure statuses > record not found -> 404 0ms
 ✓ test/tasks/iiif_service_status.test.js > get_image — failure statuses > image source not available -> 404 1ms
 ✓ test/tasks/iiif_service_status.test.js > get_image — failure statuses > processing failure (corrupt source) -> 500 4ms
 ✓ test/tasks/iiif_service_status.test.js > get_image — failure statuses > success carries no error status 5ms
 ✓ test/tasks/iiif_service_status.test.js > get_image — failure statuses > oversized best-fit size (!50000,50000) -> 400 0ms
 ✓ test/tasks/iiif_service_status.test.js > get_image — failure statuses > oversized exact size (5000,5000) -> 400 0ms
 ✓ test/tasks/iiif_service_status.test.js > get_image — failure statuses > oversized width-only size (9999,) -> 400 0ms
 ✓ test/tasks/iiif_service_status.test.js > get_image — failure statuses > oversized height-only size (,9999) -> 400 0ms
 ✓ test/tasks/iiif_service_status.test.js > get_image — failure statuses > the cap is enforced before the record lookup 0ms
 ✓ test/tasks/iiif_service_status.test.js > get_image — failure statuses > size at the cap (2000,2000) is allowed 2ms
 ✓ test/tasks/iiif_service_status.test.js > get_image — failure statuses > max size is not dimension-capped (serves source-bounded original) 26ms
 ✓ test/tasks/iiif_service_status.test.js > build_manifest_for_uuid — failure statuses > invalid uuid -> 400 0ms
 ✓ test/tasks/iiif_service_status.test.js > build_manifest_for_uuid — failure statuses > record not found -> 404 0ms
 ✓ test/tasks/iiif_service_status.test.js > build_manifest_for_uuid — failure statuses > unsupported ingest method -> 404 0ms
 ✓ test/tasks/iiif_service_status.test.js > build_manifest_for_uuid — failure statuses > unsupported media type -> 404 0ms
 ✓ test/tasks/iiif_service_status.test.js > build_manifest_for_uuid — failure statuses > supported record -> success, no status 1ms
 ✓ test/tasks/iiif_service_status.test.js > get_info — failure statuses > invalid uuid -> 400 0ms
 ✓ test/tasks/iiif_service_status.test.js > get_info — failure statuses > record not found -> 404 0ms
 ✓ test/tasks/iiif_service_status.test.js > get_info — failure statuses > success -> info, no status 0ms
 ✓ test/tasks/iiif_service_cache.test.js > get_image — derivative cache > transcodes on miss, then serves an identical request from cache without re-reading the source 6ms
 ✓ test/tasks/iiif_service_cache.test.js > get_image — derivative cache > answers a matching If-None-Match with not_modified and no body 4ms
 ✓ test/tasks/iiif_service_cache.test.js > get_image — derivative cache > a non-matching If-None-Match still returns the image 4ms
 ✓ test/tasks/iiif_service_cache.test.js > get_image — derivative cache > a new record version invalidates the cache (re-reads and re-transcodes) 6ms
 ✓ test/tasks/iiif_service_cache.test.js > get_image — derivative cache > honors quality/format — grayscale PNG round-trips through the cache 28ms
 ✓ test/tasks/iiif_service_cache.test.js > get_image — derivative cache > preserves the validation contract 0ms
 ✓ test/tasks/dashboard_view_targets.test.js > dashboard controller view targets > the controller renders a meaningful number of views (parse sanity) 2ms
 ✓ test/tasks/dashboard_view_targets.test.js > dashboard controller view targets > every res.render() target resolves to a source view on disk 1ms
 ✓ test/tasks/dashboard_view_targets.test.js > dashboard controller view targets > the timeline-items delete form specifically exists (regression) 0ms
 ✓ test/tasks/common_helper_validators.test.js > common_helper validators > is_valid_uuid (regression: was a length-only no-op) > accepts well-formed UUIDs (case-insensitive) 1ms
 ✓ test/tasks/common_helper_validators.test.js > common_helper validators > is_valid_uuid (regression: was a length-only no-op) > rejects non-UUID strings — these used to pass 0ms
 ✓ test/tasks/common_helper_validators.test.js > common_helper validators > is_valid_user_id (numeric tbl_users.id — the lock owner) > accepts positive integers (string or number) 0ms
 ✓ test/tasks/common_helper_validators.test.js > common_helper validators > is_valid_user_id (numeric tbl_users.id — the lock owner) > rejects non-positive-integers — including a UUID (uid is NOT a UUID) 0ms
[33m[2026-08-14T11:31:10.081] [WARN] default - [39mConfig value is null/undefined for: kaltura_secret_key
[33m[2026-08-14T11:31:10.082] [WARN] default - [39mConfig value is null/undefined for: kaltura_user_id
[33m[2026-08-14T11:31:10.082] [WARN] default - [39mConfig value is null/undefined for: kaltura_conf_ui_id
[33m[2026-08-14T11:31:10.082] [WARN] default - [39mConfig value is null/undefined for: kaltura_exhibit_category_id
[33m[2026-08-14T11:31:10.083] [WARN] default - [39mConfig value is null/undefined for: kaltura_metadata_profile_id
[33m[2026-08-14T11:31:10.083] [WARN] default - [39mConfig has null/undefined values {
  fields: [
    'kaltura_secret_key',
    'kaltura_user_id',
    'kaltura_conf_ui_id',
    'kaltura_exhibit_category_id',
    'kaltura_metadata_profile_id'
  ]
}
[32m[2026-08-14T11:31:10.083] [INFO] default - [39mConfig validated successfully { fields_count: 2 }
 ✓ test/tasks/kaltura_thumbnail_url.test.js > build_kaltura_thumbnail_url > constructs the Kaltura thumbnail URL deterministically from the entry id 1ms
 ✓ test/tasks/kaltura_thumbnail_url.test.js > build_kaltura_thumbnail_url > returns an empty string when the entry id is missing 0ms
 ✓ test/tasks/kaltura_thumbnail_url.test.js > kaltura_thumbnail_url_sql > derives the URL at query time from the alias entry id, aliased as out_alias 1ms
 ✓ test/tasks/kaltura_thumbnail_url.test.js > kaltura_thumbnail_url_sql > uses the supplied alias and output alias verbatim 0ms
[33m[2026-08-14T11:31:10.149] [WARN] default - [39mConfig value is null/undefined for: elasticsearch_host
[33m[2026-08-14T11:31:10.149] [WARN] default - [39mConfig value is null/undefined for: elasticsearch_host
[33m[2026-08-14T11:31:10.149] [WARN] default - [39mConfig value is null/undefined for: elasticsearch_index
[33m[2026-08-14T11:31:10.149] [WARN] default - [39mConfig value is null/undefined for: elasticsearch_shards
[33m[2026-08-14T11:31:10.150] [WARN] default - [39mConfig value is null/undefined for: elasticsearch_replicas
[33m[2026-08-14T11:31:10.150] [WARN] default - [39mConfig value is null/undefined for: repo_elasticsearch_index
[33m[2026-08-14T11:31:10.149] [WARN] default - [39mConfig value is null/undefined for: elasticsearch_host
[33m[2026-08-14T11:31:10.150] [WARN] default - [39mConfig value is null/undefined for: elasticsearch_index
[33m[2026-08-14T11:31:10.150] [WARN] default - [39mConfig value is null/undefined for: elasticsearch_shards
[33m[2026-08-14T11:31:10.150] [WARN] default - [39mConfig value is null/undefined for: elasticsearch_replicas
[33m[2026-08-14T11:31:10.150] [WARN] default - [39mConfig value is null/undefined for: repo_elasticsearch_index
[33m[2026-08-14T11:31:10.150] [WARN] default - [39mConfig has null/undefined values {
  fields: [
    'elasticsearch_host',
    'elasticsearch_index',
    'elasticsearch_shards',
    'elasticsearch_replicas',
    'repo_elasticsearch_index'
  ]
}
[32m[2026-08-14T11:31:10.150] [INFO] default - [39mConfig validated successfully { fields_count: 0 }
[33m[2026-08-14T11:31:10.150] [WARN] default - [39mConfig has null/undefined values {
  fields: [
    'elasticsearch_host',
    'elasticsearch_index',
    'elasticsearch_shards',
    'elasticsearch_replicas',
    'repo_elasticsearch_index'
  ]
}
[32m[2026-08-14T11:31:10.150] [INFO] default - [39mConfig validated successfully { fields_count: 0 }
[33m[2026-08-14T11:31:10.150] [WARN] default - [39mConfig value is null/undefined for: elasticsearch_index
[33m[2026-08-14T11:31:10.150] [WARN] default - [39mConfig value is null/undefined for: elasticsearch_shards
[33m[2026-08-14T11:31:10.150] [WARN] default - [39mConfig value is null/undefined for: elasticsearch_replicas
[33m[2026-08-14T11:31:10.150] [WARN] default - [39mConfig value is null/undefined for: repo_elasticsearch_index
[33m[2026-08-14T11:31:10.150] [WARN] default - [39mConfig has null/undefined values {
  fields: [
    'elasticsearch_host',
    'elasticsearch_index',
    'elasticsearch_shards',
    'elasticsearch_replicas',
    'repo_elasticsearch_index'
  ]
}
[33m[2026-08-14T11:31:10.150] [WARN] default - [39mConfig value is null/undefined for: sso_host
[33m[2026-08-14T11:31:10.150] [WARN] default - [39mConfig value is null/undefined for: sso_url
[33m[2026-08-14T11:31:10.150] [WARN] default - [39mConfig value is null/undefined for: sso_response_url
[33m[2026-08-14T11:31:10.150] [WARN] default - [39mConfig value is null/undefined for: sso_logout_url
[33m[2026-08-14T11:31:10.150] [WARN] default - [39mConfig value is null/undefined for: exhibit_preview_url
[33m[2026-08-14T11:31:10.150] [WARN] default - [39mConfig value is null/undefined for: exhibit_preview_api_key
[33m[2026-08-14T11:31:10.150] [WARN] default - [39mConfig value is null/undefined for: sso_host
[33m[2026-08-14T11:31:10.150] [WARN] default - [39mConfig value is null/undefined for: sso_url
[33m[2026-08-14T11:31:10.150] [WARN] default - [39mConfig value is null/undefined for: sso_response_url
[33m[2026-08-14T11:31:10.150] [WARN] default - [39mConfig value is null/undefined for: sso_logout_url
[33m[2026-08-14T11:31:10.150] [WARN] default - [39mConfig value is null/undefined for: exhibit_preview_url
[33m[2026-08-14T11:31:10.150] [WARN] default - [39mConfig value is null/undefined for: exhibit_preview_api_key
[33m[2026-08-14T11:31:10.150] [WARN] default - [39mConfig value is null/undefined for: repo_iiif_endpoint
[33m[2026-08-14T11:31:10.150] [WARN] default - [39mConfig value is null/undefined for: repo_iiif_image_endpoint
[33m[2026-08-14T11:31:10.150] [WARN] default - [39mConfig value is null/undefined for: repo_item_api_url
[33m[2026-08-14T11:31:10.150] [WARN] default - [39mConfig value is null/undefined for: repo_item_api_key
[33m[2026-08-14T11:31:10.150] [WARN] default - [39mConfig value is null/undefined for: tn_service
[33m[2026-08-14T11:31:10.150] [WARN] default - [39mConfig value is null/undefined for: tn_service_api_key
[33m[2026-08-14T11:31:10.150] [WARN] default - [39mConfig value is null/undefined for: item_subjects_api_url
[33m[2026-08-14T11:31:10.150] [WARN] default - [39mConfig value is null/undefined for: item_subjects_api_key
[33m[2026-08-14T11:31:10.150] [WARN] default - [39mConfig has null/undefined values {
  fields: [
    'sso_host',
    'sso_url',
    'sso_response_url',
    'sso_logout_url',
    'exhibit_preview_url',
    'exhibit_preview_api_key',
    'repo_iiif_endpoint',
    'repo_iiif_image_endpoint',
    'repo_item_api_url',
    'repo_item_api_key',
    'tn_service',
    'tn_service_api_key',
    'item_subjects_api_url',
    'item_subjects_api_key'
  ]
}
[32m[2026-08-14T11:31:10.150] [INFO] default - [39mConfig validated successfully { fields_count: 0 }
[33m[2026-08-14T11:31:10.150] [WARN] default - [39mConfig value is null/undefined for: host
[33m[2026-08-14T11:31:10.150] [WARN] default - [39mConfig value is null/undefined for: app_name
[33m[2026-08-14T11:31:10.150] [WARN] default - [39mConfig value is null/undefined for: app_version
[33m[2026-08-14T11:31:10.150] [WARN] default - [39mConfig value is null/undefined for: organization
[33m[2026-08-14T11:31:10.150] [WARN] default - [39mConfig value is null/undefined for: app_host
[33m[2026-08-14T11:31:10.150] [WARN] default - [39mConfig value is null/undefined for: app_port
[33m[2026-08-14T11:31:10.150] [WARN] default - [39mConfig value is null/undefined for: app_path
[33m[2026-08-14T11:31:10.151] [WARN] default - [39mConfig value is null/undefined for: api_url
[33m[2026-08-14T11:31:10.151] [WARN] default - [39mConfig value is null/undefined for: build_version
[33m[2026-08-14T11:31:10.151] [WARN] default - [39mConfig has null/undefined values {
  fields: [
    'host',
    'app_name',
    'app_version',
    'organization',
    'app_host',
    'app_port',
    'app_path',
    'api_url',
    'build_version'
  ]
}
[32m[2026-08-14T11:31:10.151] [INFO] default - [39mConfig validated successfully { fields_count: 0 }
[32m[2026-08-14T11:31:10.150] [INFO] default - [39mConfig validated successfully { fields_count: 0 }
[33m[2026-08-14T11:31:10.150] [WARN] default - [39mConfig value is null/undefined for: sso_host
[33m[2026-08-14T11:31:10.150] [WARN] default - [39mConfig value is null/undefined for: sso_url
[33m[2026-08-14T11:31:10.150] [WARN] default - [39mConfig value is null/undefined for: sso_response_url
[33m[2026-08-14T11:31:10.151] [WARN] default - [39mConfig value is null/undefined for: sso_logout_url
[33m[2026-08-14T11:31:10.151] [WARN] default - [39mConfig value is null/undefined for: exhibit_preview_url
[33m[2026-08-14T11:31:10.151] [WARN] default - [39mConfig value is null/undefined for: exhibit_preview_api_key
[33m[2026-08-14T11:31:10.151] [WARN] default - [39mConfig value is null/undefined for: repo_iiif_endpoint
[33m[2026-08-14T11:31:10.151] [WARN] default - [39mConfig value is null/undefined for: repo_iiif_image_endpoint
[33m[2026-08-14T11:31:10.151] [WARN] default - [39mConfig value is null/undefined for: repo_item_api_url
[33m[2026-08-14T11:31:10.151] [WARN] default - [39mConfig value is null/undefined for: repo_item_api_key
[33m[2026-08-14T11:31:10.151] [WARN] default - [39mConfig value is null/undefined for: tn_service
[33m[2026-08-14T11:31:10.151] [WARN] default - [39mConfig value is null/undefined for: tn_service_api_key
[33m[2026-08-14T11:31:10.151] [WARN] default - [39mConfig value is null/undefined for: item_subjects_api_url
[33m[2026-08-14T11:31:10.151] [WARN] default - [39mConfig value is null/undefined for: item_subjects_api_key
[33m[2026-08-14T11:31:10.151] [WARN] default - [39mConfig has null/undefined values {
  fields: [
    'sso_host',
    'sso_url',
    'sso_response_url',
    'sso_logout_url',
    'exhibit_preview_url',
    'exhibit_preview_api_key',
    'repo_iiif_endpoint',
    'repo_iiif_image_endpoint',
    'repo_item_api_url',
    'repo_item_api_key',
    'tn_service',
    'tn_service_api_key',
    'item_subjects_api_url',
    'item_subjects_api_key'
  ]
}
[32m[2026-08-14T11:31:10.151] [INFO] default - [39mConfig validated successfully { fields_count: 0 }
[33m[2026-08-14T11:31:10.151] [WARN] default - [39mConfig value is null/undefined for: host
[33m[2026-08-14T11:31:10.151] [WARN] default - [39mConfig value is null/undefined for: app_name
[33m[2026-08-14T11:31:10.151] [WARN] default - [39mConfig value is null/undefined for: app_version
[33m[2026-08-14T11:31:10.151] [WARN] default - [39mConfig value is null/undefined for: organization
[33m[2026-08-14T11:31:10.151] [WARN] default - [39mConfig value is null/undefined for: app_host
[33m[2026-08-14T11:31:10.151] [WARN] default - [39mConfig value is null/undefined for: app_port
[33m[2026-08-14T11:31:10.151] [WARN] default - [39mConfig value is null/undefined for: repo_item_api_url
[33m[2026-08-14T11:31:10.151] [WARN] default - [39mConfig value is null/undefined for: repo_item_api_key
[33m[2026-08-14T11:31:10.151] [WARN] default - [39mConfig value is null/undefined for: tn_service
[33m[2026-08-14T11:31:10.152] [WARN] default - [39mConfig value is null/undefined for: tn_service_api_key
[33m[2026-08-14T11:31:10.152] [WARN] default - [39mConfig value is null/undefined for: item_subjects_api_url
[33m[2026-08-14T11:31:10.152] [WARN] default - [39mConfig value is null/undefined for: item_subjects_api_key
[33m[2026-08-14T11:31:10.150] [WARN] default - [39mConfig value is null/undefined for: elasticsearch_host
[33m[2026-08-14T11:31:10.152] [WARN] default - [39mConfig has null/undefined values {
  fields: [
    'sso_host',
    'sso_url',
    'sso_response_url',
    'sso_logout_url',
    'exhibit_preview_url',
    'exhibit_preview_api_key',
    'repo_item_api_url',
    'repo_item_api_key',
    'tn_service',
    'tn_service_api_key',
    'item_subjects_api_url',
    'item_subjects_api_key'
  ]
}
[32m[2026-08-14T11:31:10.152] [INFO] default - [39mConfig validated successfully { fields_count: 2 }
[33m[2026-08-14T11:31:10.152] [WARN] default - [39mConfig value is null/undefined for: elasticsearch_index
[33m[2026-08-14T11:31:10.152] [WARN] default - [39mConfig value is null/undefined for: elasticsearch_shards
[33m[2026-08-14T11:31:10.152] [WARN] default - [39mConfig value is null/undefined for: elasticsearch_replicas
[33m[2026-08-14T11:31:10.152] [WARN] default - [39mConfig value is null/undefined for: repo_elasticsearch_index
[33m[2026-08-14T11:31:10.152] [WARN] default - [39mConfig value is null/undefined for: host
[33m[2026-08-14T11:31:10.152] [WARN] default - [39mConfig value is null/undefined for: app_name
[33m[2026-08-14T11:31:10.152] [WARN] default - [39mConfig value is null/undefined for: app_version
[33m[2026-08-14T11:31:10.152] [WARN] default - [39mConfig value is null/undefined for: organization
[33m[2026-08-14T11:31:10.152] [WARN] default - [39mConfig value is null/undefined for: app_host
[33m[2026-08-14T11:31:10.152] [WARN] default - [39mConfig value is null/undefined for: app_port
[33m[2026-08-14T11:31:10.152] [WARN] default - [39mConfig value is null/undefined for: build_version
[33m[2026-08-14T11:31:10.152] [WARN] default - [39mConfig has null/undefined values {
  fields: [
    'host',
    'app_name',
    'app_version',
    'organization',
    'app_host',
    'app_port',
    'build_version'
  ]
}
[32m[2026-08-14T11:31:10.152] [INFO] default - [39mConfig validated successfully { fields_count: 2 }
[33m[2026-08-14T11:31:10.152] [WARN] default - [39mConfig has null/undefined values {
  fields: [
    'elasticsearch_host',
    'elasticsearch_index',
    'elasticsearch_shards',
    'elasticsearch_replicas',
    'repo_elasticsearch_index'
  ]
}
[32m[2026-08-14T11:31:10.152] [INFO] default - [39mConfig validated successfully { fields_count: 0 }
[33m[2026-08-14T11:31:10.152] [WARN] default - [39mConfig value is null/undefined for: sso_host
[33m[2026-08-14T11:31:10.152] [WARN] default - [39mConfig value is null/undefined for: sso_url
[33m[2026-08-14T11:31:10.152] [WARN] default - [39mConfig value is null/undefined for: sso_response_url
[33m[2026-08-14T11:31:10.152] [WARN] default - [39mConfig value is null/undefined for: sso_logout_url
[33m[2026-08-14T11:31:10.152] [WARN] default - [39mConfig value is null/undefined for: build_version
[33m[2026-08-14T11:31:10.152] [WARN] default - [39mConfig value is null/undefined for: exhibit_preview_url
[33m[2026-08-14T11:31:10.152] [WARN] default - [39mConfig value is null/undefined for: exhibit_preview_api_key
[33m[2026-08-14T11:31:10.152] [WARN] default - [39mConfig value is null/undefined for: repo_iiif_endpoint
[33m[2026-08-14T11:31:10.152] [WARN] default - [39mConfig value is null/undefined for: repo_iiif_image_endpoint
[33m[2026-08-14T11:31:10.152] [WARN] default - [39mConfig value is null/undefined for: repo_item_api_url
[33m[2026-08-14T11:31:10.152] [WARN] default - [39mConfig value is null/undefined for: repo_item_api_key
[33m[2026-08-14T11:31:10.152] [WARN] default - [39mConfig has null/undefined values {
  fields: [
    'host',
    'app_name',
    'app_version',
    'organization',
    'app_host',
    'app_port',
    'build_version'
  ]
}
[32m[2026-08-14T11:31:10.152] [INFO] default - [39mConfig validated successfully { fields_count: 2 }
[33m[2026-08-14T11:31:10.152] [WARN] default - [39mConfig value is null/undefined for: tn_service
[33m[2026-08-14T11:31:10.152] [WARN] default - [39mConfig value is null/undefined for: tn_service_api_key
[33m[2026-08-14T11:31:10.152] [WARN] default - [39mConfig value is null/undefined for: item_subjects_api_url
[33m[2026-08-14T11:31:10.152] [WARN] default - [39mConfig value is null/undefined for: item_subjects_api_key
[33m[2026-08-14T11:31:10.152] [WARN] default - [39mConfig has null/undefined values {
  fields: [
    'sso_host',
    'sso_url',
    'sso_response_url',
    'sso_logout_url',
    'exhibit_preview_url',
    'exhibit_preview_api_key',
    'repo_iiif_endpoint',
    'repo_iiif_image_endpoint',
    'repo_item_api_url',
    'repo_item_api_key',
    'tn_service',
    'tn_service_api_key',
    'item_subjects_api_url',
    'item_subjects_api_key'
  ]
}
[32m[2026-08-14T11:31:10.153] [INFO] default - [39mConfig validated successfully { fields_count: 0 }
[33m[2026-08-14T11:31:10.153] [WARN] default - [39mConfig value is null/undefined for: host
[33m[2026-08-14T11:31:10.153] [WARN] default - [39mConfig value is null/undefined for: app_name
[33m[2026-08-14T11:31:10.153] [WARN] default - [39mConfig value is null/undefined for: app_version
[33m[2026-08-14T11:31:10.153] [WARN] default - [39mConfig value is null/undefined for: organization
[33m[2026-08-14T11:31:10.153] [WARN] default - [39mConfig value is null/undefined for: app_host
[33m[2026-08-14T11:31:10.153] [WARN] default - [39mConfig value is null/undefined for: app_port
[32m[2026-08-14T11:31:10.154] [INFO] default - [39mINFO: [/indexer/indexer_helper (index_container_child_record)] Grid item 6ba7b810-9dad-11d1-80b4-00c04fd430c8 indexed in Grid 550e8400-e29b-41d4-a716-446655440000.
[33m[2026-08-14T11:31:10.154] [WARN] default - [39mConfig value is null/undefined for: build_version
[33m[2026-08-14T11:31:10.154] [WARN] default - [39mConfig has null/undefined values {
  fields: [
    'host',
    'app_name',
    'app_version',
    'organization',
    'app_host',
    'app_port',
    'build_version'
  ]
}
[32m[2026-08-14T11:31:10.154] [INFO] default - [39mConfig validated successfully { fields_count: 2 }
[32m[2026-08-14T11:31:10.155] [INFO] default - [39mINFO: [/indexer/indexer_helper (index_container_child_record)] Grid item 6ba7b810-9dad-11d1-80b4-00c04fd430c8 indexed in Grid 550e8400-e29b-41d4-a716-446655440000.
[32m[2026-08-14T11:31:10.155] [INFO] default - [39mINFO: [/indexer/indexer_helper (index_container_child_record)] Grid item 6ba7b810-9dad-11d1-80b4-00c04fd430c8 indexed in Grid 550e8400-e29b-41d4-a716-446655440000.
[32m[2026-08-14T11:31:10.155] [INFO] default - [39mINFO: [/indexer/indexer_helper (index_container_child_record)] Grid item 6ba7b810-9dad-11d1-80b4-00c04fd430c8 indexed in Grid 550e8400-e29b-41d4-a716-446655440000.
[32m[2026-08-14T11:31:10.155] [INFO] default - [39mINFO: [/indexer/indexer_helper (index_container_child_record)] Grid item 6ba7b810-9dad-11d1-80b4-00c04fd430c8 indexed in Grid 550e8400-e29b-41d4-a716-446655440000.
[32m[2026-08-14T11:31:10.155] [INFO] default - [39mINFO: [/indexer/indexer_helper (index_container_child_record)] Grid item 6ba7b810-9dad-11d1-80b4-00c04fd430c8 indexed in Grid 550e8400-e29b-41d4-a716-446655440000.
[32m[2026-08-14T11:31:10.155] [INFO] default - [39mINFO: [/indexer/indexer_helper (index_container_child_record)] Grid item 6ba7b810-9dad-11d1-80b4-00c04fd430c8 indexed in Grid 550e8400-e29b-41d4-a716-446655440000.
[32m[2026-08-14T11:31:10.155] [INFO] default - [39mINFO: [/indexer/indexer_helper (index_container_child_record)] Grid item 6ba7b810-9dad-11d1-80b4-00c04fd430c8 indexed in Grid 550e8400-e29b-41d4-a716-446655440000.
[91m[2026-08-14T11:31:10.156] [ERROR] default - [39mERROR: [/indexer/indexer_helper (index_container_child_record)] Grid 550e8400-e29b-41d4-a716-446655440000 not found in index
 ✓ test/tasks/indexer_internal_name_exclusion.test.js > container index constructors exclude internal_name > grid: internal_name is not projected into the index doc 1ms
 ✓ test/tasks/indexer_internal_name_exclusion.test.js > container index constructors exclude internal_name > grid: no key of the doc leaks the internal name value 0ms
 ✓ test/tasks/indexer_internal_name_exclusion.test.js > container index constructors exclude internal_name > timeline: internal_name is not projected into the index doc 0ms
 ✓ test/tasks/indexer_internal_name_exclusion.test.js > container index constructors exclude internal_name > timeline: no key of the doc leaks the internal name value 0ms
 ✓ test/tasks/indexer_container_child_record.test.js > index_container_child_record (nested grid/timeline child upsert) > re-indexing an existing child replaces it in place (no duplicate) 2ms
 ✓ test/tasks/indexer_container_child_record.test.js > index_container_child_record (nested grid/timeline child upsert) > indexing a brand-new child appends it 0ms
 ✓ test/tasks/indexer_container_child_record.test.js > index_container_child_record (nested grid/timeline child upsert) > repeated re-index of the same child never accumulates duplicates 0ms
 ✓ test/tasks/indexer_container_child_record.test.js > index_container_child_record (nested grid/timeline child upsert) > items are re-sorted by order after upsert 0ms
 ✓ test/tasks/indexer_container_child_record.test.js > index_container_child_record (nested grid/timeline child upsert) > returns false when the parent doc is not in the index 0ms
 ✓ test/tasks/indexer_repo_iiif.test.js > build_repo_iiif_urls > builds manifest (no /manifest suffix), image, service and thumbnail URLs 1ms
 ✓ test/tasks/indexer_repo_iiif.test.js > build_repo_iiif_urls > returns null without a repo uuid 0ms
 ✓ test/tasks/indexer_repo_iiif.test.js > resolve_repo_media_uuid > media library join is the source of truth (v2 items, stale flag = 0) 0ms
 ✓ test/tasks/indexer_repo_iiif.test.js > resolve_repo_media_uuid > legacy v1 rows without a library record fall back to flag + media column 0ms
 ✓ test/tasks/indexer_repo_iiif.test.js > resolve_repo_media_uuid > upload media never resolves as repo, even with a stale flag 0ms
 ✓ test/tasks/indexer_repo_iiif.test.js > construct_item_index_record — repository imports > v2 repo item gets repo IIIF URLs and a derived is_repo_item = 1 0ms
 ✓ test/tasks/indexer_repo_iiif.test.js > construct_item_index_record — repository imports > v1-migrated repo item (flag + media column, no library record) also resolves 0ms
 ✓ test/tasks/indexer_repo_iiif.test.js > construct_item_index_record — repository imports > v2 repo item gets the repo uuid derived into media (exhibits-api contract) 0ms
 ✓ test/tasks/indexer_repo_iiif.test.js > construct_item_index_record — repository imports > v1-migrated repo item keeps the repo uuid already stored in media 0ms
 ✓ test/tasks/indexer_repo_iiif.test.js > construct_item_index_record — repository imports > upload item keeps its legacy media filename in media 0ms
 ✓ test/tasks/indexer_repo_iiif.test.js > construct_item_index_record — repository imports > upload item keeps local IIIF URLs and is_repo_item = 0 0ms
 ✓ test/tasks/indexer_repo_iiif.test.js > construct_item_index_record — repository imports > repo-imported thumbnail media resolves to the repo image server 0ms
 ✓ test/tasks/indexer_repo_iiif.test.js > resolve_kaltura_entry_id > media library join is the source of truth (v2 items, stale flag = 0) 0ms
 ✓ test/tasks/indexer_repo_iiif.test.js > resolve_kaltura_entry_id > legacy v1 rows without a library record fall back to flag + media column 0ms
 ✓ test/tasks/indexer_repo_iiif.test.js > resolve_kaltura_entry_id > upload media never resolves as kaltura, even with a stale flag 0ms
 ✓ test/tasks/indexer_repo_iiif.test.js > construct_item_index_record — kaltura items > v2 kaltura item gets a derived is_kaltura_item = 1 alongside kaltura data 0ms
 ✓ test/tasks/indexer_repo_iiif.test.js > construct_item_index_record — kaltura items > v1-migrated kaltura item (flag + media column, no library record) keeps flag and data 0ms
 ✓ test/tasks/indexer_repo_iiif.test.js > construct_item_index_record — kaltura items > non-kaltura item gets is_kaltura_item = 0 and null kaltura 0ms
 ✓ test/tasks/indexer_repo_iiif.test.js > construct_item_index_record — kaltura items > repo item with a stale kaltura flag does not resolve as kaltura 0ms
 ✓ test/tasks/indexer_repo_iiif.test.js > construct_exhibit_index_record — repository imports > repo-imported hero image resolves to the repo IIIF endpoints 0ms
 ✓ test/tasks/indexer_repo_iiif.test.js > construct_exhibit_index_record — repository imports > repo-imported exhibit thumbnail resolves to the repo image server 0ms
 ✓ test/tasks/indexer_margins_projection.test.js > index constructors project per-record margins / text_alignment > heading constructor carries margins and text_alignment 1ms
 ✓ test/tasks/indexer_margins_projection.test.js > index constructors project per-record margins / text_alignment > item constructor carries margins and text_alignment 0ms
 ✓ test/tasks/indexer_margins_projection.test.js > index constructors project per-record margins / text_alignment > grid constructor carries margins and text_alignment 0ms
 ✓ test/tasks/indexer_margins_projection.test.js > index constructors project per-record margins / text_alignment > timeline constructor carries margins and text_alignment 0ms
 ✓ test/tasks/indexer_margins_projection.test.js > index constructors project per-record margins / text_alignment > values pass through unchanged (small vs left) 0ms
 ✓ test/tasks/indexer_margins_projection.test.js > item index constructor projects per-record title (grid/timeline items, standard items) > construct_item_index_record carries title 0ms
 ✓ test/tasks/indexer_margins_projection.test.js > item index constructor projects per-record title (grid/timeline items, standard items) > grid and timeline CONTAINER constructors do not carry a title field 0ms
[33m[2026-08-14T11:31:10.285] [WARN] default - [39mConfig value is null/undefined for: elasticsearch_host
[33m[2026-08-14T11:31:10.286] [WARN] default - [39mConfig value is null/undefined for: elasticsearch_index
[33m[2026-08-14T11:31:10.286] [WARN] default - [39mConfig value is null/undefined for: elasticsearch_shards
[33m[2026-08-14T11:31:10.286] [WARN] default - [39mConfig value is null/undefined for: elasticsearch_replicas
[33m[2026-08-14T11:31:10.286] [WARN] default - [39mConfig value is null/undefined for: repo_elasticsearch_index
[33m[2026-08-14T11:31:10.286] [WARN] default - [39mConfig has null/undefined values {
  fields: [
    'elasticsearch_host',
    'elasticsearch_index',
    'elasticsearch_shards',
    'elasticsearch_replicas',
    'repo_elasticsearch_index'
  ]
}
[32m[2026-08-14T11:31:10.287] [INFO] default - [39mConfig validated successfully { fields_count: 0 }
[33m[2026-08-14T11:31:10.287] [WARN] default - [39mConfig value is null/undefined for: sso_host
[33m[2026-08-14T11:31:10.287] [WARN] default - [39mConfig value is null/undefined for: sso_url
[33m[2026-08-14T11:31:10.287] [WARN] default - [39mConfig value is null/undefined for: sso_response_url
[33m[2026-08-14T11:31:10.287] [WARN] default - [39mConfig value is null/undefined for: sso_logout_url
[33m[2026-08-14T11:31:10.287] [WARN] default - [39mConfig value is null/undefined for: exhibit_preview_url
[33m[2026-08-14T11:31:10.287] [WARN] default - [39mConfig value is null/undefined for: exhibit_preview_api_key
[33m[2026-08-14T11:31:10.287] [WARN] default - [39mConfig value is null/undefined for: repo_iiif_endpoint
[33m[2026-08-14T11:31:10.287] [WARN] default - [39mConfig value is null/undefined for: repo_iiif_image_endpoint
[33m[2026-08-14T11:31:10.287] [WARN] default - [39mConfig value is null/undefined for: repo_item_api_url
[33m[2026-08-14T11:31:10.287] [WARN] default - [39mConfig value is null/undefined for: repo_item_api_key
[33m[2026-08-14T11:31:10.287] [WARN] default - [39mConfig value is null/undefined for: tn_service
[33m[2026-08-14T11:31:10.287] [WARN] default - [39mConfig value is null/undefined for: tn_service_api_key
[33m[2026-08-14T11:31:10.287] [WARN] default - [39mConfig value is null/undefined for: item_subjects_api_url
[33m[2026-08-14T11:31:10.287] [WARN] default - [39mConfig value is null/undefined for: item_subjects_api_key
[33m[2026-08-14T11:31:10.287] [WARN] default - [39mConfig has null/undefined values {
  fields: [
    'sso_host',
    'sso_url',
    'sso_response_url',
    'sso_logout_url',
    'exhibit_preview_url',
    'exhibit_preview_api_key',
    'repo_iiif_endpoint',
    'repo_iiif_image_endpoint',
    'repo_item_api_url',
    'repo_item_api_key',
    'tn_service',
    'tn_service_api_key',
    'item_subjects_api_url',
    'item_subjects_api_key'
  ]
}
[32m[2026-08-14T11:31:10.287] [INFO] default - [39mConfig validated successfully { fields_count: 0 }
[33m[2026-08-14T11:31:10.288] [WARN] default - [39mConfig value is null/undefined for: host
[33m[2026-08-14T11:31:10.288] [WARN] default - [39mConfig value is null/undefined for: app_name
[33m[2026-08-14T11:31:10.288] [WARN] default - [39mConfig value is null/undefined for: app_version
[33m[2026-08-14T11:31:10.288] [WARN] default - [39mConfig value is null/undefined for: organization
[33m[2026-08-14T11:31:10.288] [WARN] default - [39mConfig value is null/undefined for: app_host
[33m[2026-08-14T11:31:10.288] [WARN] default - [39mConfig value is null/undefined for: app_port
[33m[2026-08-14T11:31:10.288] [WARN] default - [39mConfig value is null/undefined for: app_path
[33m[2026-08-14T11:31:10.288] [WARN] default - [39mConfig value is null/undefined for: api_url
[33m[2026-08-14T11:31:10.288] [WARN] default - [39mConfig value is null/undefined for: build_version
[33m[2026-08-14T11:31:10.288] [WARN] default - [39mConfig has null/undefined values {
  fields: [
    'host',
    'app_name',
    'app_version',
    'organization',
    'app_host',
    'app_port',
    'app_path',
    'api_url',
    'build_version'
  ]
}
[32m[2026-08-14T11:31:10.289] [INFO] default - [39mConfig validated successfully { fields_count: 0 }
 ✓ test/tasks/indexer_item_title.test.js > construct_item_index_record — item title indexing > carries the grid/timeline item title into the index record 1ms
 ✓ test/tasks/indexer_item_title.test.js > construct_item_index_record — item title indexing > normalizes a missing/empty title to null (standard items have no title column) 0ms
[33m[2026-08-14T11:31:10.357] [WARN] default - [39mConfig value is null/undefined for: elasticsearch_host
[33m[2026-08-14T11:31:10.358] [WARN] default - [39mConfig value is null/undefined for: elasticsearch_index
[33m[2026-08-14T11:31:10.358] [WARN] default - [39mConfig value is null/undefined for: elasticsearch_shards
[33m[2026-08-14T11:31:10.358] [WARN] default - [39mConfig value is null/undefined for: elasticsearch_replicas
[33m[2026-08-14T11:31:10.358] [WARN] default - [39mConfig value is null/undefined for: repo_elasticsearch_index
[33m[2026-08-14T11:31:10.358] [WARN] default - [39mConfig has null/undefined values {
  fields: [
    'elasticsearch_host',
    'elasticsearch_index',
    'elasticsearch_shards',
    'elasticsearch_replicas',
    'repo_elasticsearch_index'
  ]
}
[32m[2026-08-14T11:31:10.358] [INFO] default - [39mConfig validated successfully { fields_count: 0 }
[33m[2026-08-14T11:31:10.358] [WARN] default - [39mConfig value is null/undefined for: sso_host
[33m[2026-08-14T11:31:10.358] [WARN] default - [39mConfig value is null/undefined for: sso_url
[33m[2026-08-14T11:31:10.358] [WARN] default - [39mConfig value is null/undefined for: sso_response_url
[33m[2026-08-14T11:31:10.358] [WARN] default - [39mConfig value is null/undefined for: sso_logout_url
[33m[2026-08-14T11:31:10.358] [WARN] default - [39mConfig value is null/undefined for: exhibit_preview_url
[33m[2026-08-14T11:31:10.358] [WARN] default - [39mConfig value is null/undefined for: exhibit_preview_api_key
[33m[2026-08-14T11:31:10.358] [WARN] default - [39mConfig value is null/undefined for: repo_iiif_endpoint
[33m[2026-08-14T11:31:10.358] [WARN] default - [39mConfig value is null/undefined for: repo_iiif_image_endpoint
[33m[2026-08-14T11:31:10.358] [WARN] default - [39mConfig value is null/undefined for: repo_item_api_url
[33m[2026-08-14T11:31:10.358] [WARN] default - [39mConfig value is null/undefined for: repo_item_api_key
[33m[2026-08-14T11:31:10.358] [WARN] default - [39mConfig value is null/undefined for: tn_service
[33m[2026-08-14T11:31:10.358] [WARN] default - [39mConfig value is null/undefined for: tn_service_api_key
[33m[2026-08-14T11:31:10.358] [WARN] default - [39mConfig value is null/undefined for: item_subjects_api_url
[33m[2026-08-14T11:31:10.358] [WARN] default - [39mConfig value is null/undefined for: item_subjects_api_key
[33m[2026-08-14T11:31:10.358] [WARN] default - [39mConfig has null/undefined values {
  fields: [
    'sso_host',
    'sso_url',
    'sso_response_url',
    'sso_logout_url',
    'exhibit_preview_url',
    'exhibit_preview_api_key',
    'repo_iiif_endpoint',
    'repo_iiif_image_endpoint',
    'repo_item_api_url',
    'repo_item_api_key',
    'tn_service',
    'tn_service_api_key',
    'item_subjects_api_url',
    'item_subjects_api_key'
  ]
}
[32m[2026-08-14T11:31:10.359] [INFO] default - [39mConfig validated successfully { fields_count: 0 }
[33m[2026-08-14T11:31:10.359] [WARN] default - [39mConfig value is null/undefined for: host
[33m[2026-08-14T11:31:10.359] [WARN] default - [39mConfig value is null/undefined for: app_name
[33m[2026-08-14T11:31:10.359] [WARN] default - [39mConfig value is null/undefined for: app_version
[33m[2026-08-14T11:31:10.359] [WARN] default - [39mConfig value is null/undefined for: organization
[33m[2026-08-14T11:31:10.359] [WARN] default - [39mConfig value is null/undefined for: app_host
[33m[2026-08-14T11:31:10.359] [WARN] default - [39mConfig value is null/undefined for: app_port
[33m[2026-08-14T11:31:10.359] [WARN] default - [39mConfig value is null/undefined for: app_path
[33m[2026-08-14T11:31:10.359] [WARN] default - [39mConfig value is null/undefined for: api_url
[33m[2026-08-14T11:31:10.359] [WARN] default - [39mConfig value is null/undefined for: build_version
[33m[2026-08-14T11:31:10.359] [WARN] default - [39mConfig has null/undefined values {
  fields: [
    'host',
    'app_name',
    'app_version',
    'organization',
    'app_host',
    'app_port',
    'app_path',
    'api_url',
    'build_version'
  ]
}
[32m[2026-08-14T11:31:10.359] [INFO] default - [39mConfig validated successfully { fields_count: 0 }
 ✓ test/tasks/indexer_is_valid_uuid.test.js > indexer is_valid_uuid > accepts a well-formed UUID (case-insensitive) 1ms
 ✓ test/tasks/indexer_is_valid_uuid.test.js > indexer is_valid_uuid > rejects non-UUID strings (the regression — these used to pass) 0ms
 ✓ test/tasks/indexer_is_valid_uuid.test.js > indexer is_valid_uuid > rejects empty and non-string inputs 0ms
 ✓ test/unit-app/helper.media.library.module.test.js > helperMediaLibraryModule > HTTP_STATUS constants > exposes the expected codes and is frozen 2ms
 ✓ test/unit-app/helper.media.library.module.test.js > helperMediaLibraryModule > escape_html > returns empty string for falsy input 0ms
 ✓ test/unit-app/helper.media.library.module.test.js > helperMediaLibraryModule > escape_html > encodes <, >, & in injected markup 1ms
 ✓ test/unit-app/helper.media.library.module.test.js > helperMediaLibraryModule > escape_html > encodes double and single quotes for attribute-context safety 1ms
 ✓ test/unit-app/helper.media.library.module.test.js > helperMediaLibraryModule > escape_html > passes plain text through unchanged 0ms
 ✓ test/unit-app/helper.media.library.module.test.js > helperMediaLibraryModule > decode_html_entities > decodes named and numeric entities 2ms
 ✓ test/unit-app/helper.media.library.module.test.js > helperMediaLibraryModule > decode_html_entities > returns empty string for falsy input 0ms
 ✓ test/unit-app/helper.media.library.module.test.js > helperMediaLibraryModule > strip_html > removes tags but keeps text content 2ms
 ✓ test/unit-app/helper.media.library.module.test.js > helperMediaLibraryModule > strip_html > returns empty string for falsy input 1ms
 ✓ test/unit-app/helper.media.library.module.test.js > helperMediaLibraryModule > format_file_size > returns "0 Bytes" for 0/null/undefined 0ms
 ✓ test/unit-app/helper.media.library.module.test.js > helperMediaLibraryModule > format_file_size > formats bytes-scale values 0ms
 ✓ test/unit-app/helper.media.library.module.test.js > helperMediaLibraryModule > format_file_size > formats KB / MB scale with two-decimal precision 0ms
 ✓ test/unit-app/helper.media.library.module.test.js > helperMediaLibraryModule > format_file_size > formats TB-scale values (sizes table extended past GB) 0ms
 ✓ test/unit-app/helper.media.library.module.test.js > helperMediaLibraryModule > format_file_size > clamps oversized inputs to PB instead of producing "undefined" 0ms
 ✓ test/unit-app/helper.media.library.module.test.js > helperMediaLibraryModule > format_file_size > returns "0 Bytes" for negative, NaN, Infinity, and non-number inputs 0ms
 ✓ test/unit-app/helper.media.library.module.test.js > helperMediaLibraryModule > clean_filename_for_title > strips the extension 0ms
 ✓ test/unit-app/helper.media.library.module.test.js > helperMediaLibraryModule > clean_filename_for_title > replaces underscores and hyphens with spaces and collapses whitespace 0ms
 ✓ test/unit-app/helper.media.library.module.test.js > helperMediaLibraryModule > clean_filename_for_title > returns empty string for falsy input 0ms
 ✓ test/unit-app/helper.media.library.module.test.js > helperMediaLibraryModule > get_app_path > returns the value seeded in localStorage 0ms
 ✓ test/unit-app/helper.media.library.module.test.js > helperMediaLibraryModule > get_app_path > falls back to /exhibits-dashboard when not seeded 0ms
 ✓ test/unit-app/helper.media.library.module.test.js > helperMediaLibraryModule > get_app_path > falls back to /exhibits-dashboard when localStorage throws 0ms
 ✓ test/unit-app/helper.media.library.module.test.js > helperMediaLibraryModule > get_media_type_icon > returns the type-specific Font Awesome icon 0ms
 ✓ test/unit-app/helper.media.library.module.test.js > helperMediaLibraryModule > get_media_type_icon > falls back to the generic file icon for unknown types 0ms
 ✓ test/unit-app/helper.media.library.module.test.js > helperMediaLibraryModule > get_media_type_label > returns the human-readable label 0ms
 ✓ test/unit-app/helper.media.library.module.test.js > helperMediaLibraryModule > get_media_type_label > falls back to "Unknown" for unmapped types 0ms
 ✓ test/unit-app/helper.media.library.module.test.js > helperMediaLibraryModule > build_thumbnail_url > substitutes :media_id and URL-encodes it 0ms
 ✓ test/unit-app/helper.media.library.module.test.js > helperMediaLibraryModule > build_thumbnail_url > returns null when media_id is missing 1ms
 ✓ test/unit-app/helper.media.library.module.test.js > helperMediaLibraryModule > build_thumbnail_url > returns null and warns when the endpoint is not configured 1ms
 ✓ test/unit-app/helper.media.library.module.test.js > helperMediaLibraryModule > build_media_url > substitutes :media_id and URL-encodes it 0ms
 ✓ test/unit-app/helper.media.library.module.test.js > helperMediaLibraryModule > build_media_url > returns null when media_id is missing 0ms
 ✓ test/unit-app/helper.media.library.module.test.js > helperMediaLibraryModule > build_media_url > returns null and warns when the endpoint is not configured 0ms
 ✓ test/unit-app/helper.media.library.module.test.js > helperMediaLibraryModule > get_repo_thumbnail_url > delegates to repoServiceModule.get_repo_tn_url when present 1ms
 ✓ test/unit-app/helper.media.library.module.test.js > helperMediaLibraryModule > get_repo_thumbnail_url > falls back to a direct URL build using endpoint + token 0ms
 ✓ test/unit-app/helper.media.library.module.test.js > helperMediaLibraryModule > get_repo_thumbnail_url > returns empty string when uuid or token is missing 0ms
 ✓ test/unit-app/helper.media.library.module.test.js > helperMediaLibraryModule > get_thumbnail_url_for_media > uses the server-generated thumbnail endpoint for image/pdf with uuid 1ms
 ✓ test/unit-app/helper.media.library.module.test.js > helperMediaLibraryModule > get_thumbnail_url_for_media > falls back to static placeholders by media type 1ms
 ✓ test/unit-app/helper.media.library.module.test.js > helperMediaLibraryModule > get_thumbnail_url_for_media > falls back to the default placeholder for unknown types 1ms
 ✓ test/unit-app/helper.media.library.module.test.js > helperMediaLibraryModule > display_message / clear_message > renders a Bootstrap alert with the type-specific icon 13ms
 ✓ test/unit-app/helper.media.library.module.test.js > helperMediaLibraryModule > display_message / clear_message > clear_message empties the container 2ms
 ✓ test/unit-app/helper.media.library.module.test.js > helperMediaLibraryModule > display_message / clear_message > display_message and clear_message are no-ops when the container is missing 1ms
 ✓ test/unit-app/helper.media.library.module.test.js > helperMediaLibraryModule > create_message_helper > returns helpers bound to the chosen container 34ms
 ✓ test/unit-app/helper.media.library.module.test.js > helperMediaLibraryModule > create_message_helper > exposes escape_html on the bound helper 2ms
 ✓ test/unit-app/helper.media.library.module.test.js > helperMediaLibraryModule > show_bootstrap_modal / hide_bootstrap_modal — manual fallback > show_bootstrap_modal adds .show, sets display:block, and appends a backdrop 7ms
 ✓ test/unit-app/exhibits.styles.module.test.js > exhibitsStylesModule > get_styles > returns the nested { exhibit: {...} } shape with one entry per section 47ms
 ✓ test/unit-app/exhibits.styles.module.test.js > exhibitsStylesModule > get_styles > appends "px" to fontSize values when present 20ms
 ✓ test/unit-app/exhibits.styles.module.test.js > exhibitsStylesModule > get_styles > returns empty string for fontSize when the input is blank 10ms
 ✓ test/unit-app/exhibits.styles.module.test.js > exhibitsStylesModule > get_styles > passes through trimmed values for non-fontSize properties 6ms
 ✓ test/unit-app/exhibits.styles.module.test.js > exhibitsStylesModule > get_styles > returns empty strings for untouched text fields; margins/textAlign carry the select defaults 7ms
 ✓ test/unit-app/items.list.displays.module.test.js > itemsListDisplayModule > display_standard_items > renders a text item with title, type label, and details URL 65ms
 ✓ test/unit-app/items.list.displays.module.test.js > itemsListDisplayModule > display_standard_items > routes media item type to the standard/media details URL 10ms
 ✓ test/unit-app/items.list.displays.module.test.js > itemsListDisplayModule > display_standard_items > renders a published item with the suppress button and Details edit link 4ms
 ✓ test/unit-app/items.list.displays.module.test.js > itemsListDisplayModule > display_standard_items > returns an empty string and writes an alert when item is invalid 4ms
 ✓ test/unit-app/items.list.displays.module.test.js > itemsListDisplayModule > display_heading_items > renders a heading using item.text as the title with the heading icon 5ms
 ✓ test/unit-app/items.list.displays.module.test.js > itemsListDisplayModule > display_heading_items > renders a published heading with suppress button and details edit link 5ms
 ✓ test/unit-app/items.list.displays.module.test.js > itemsListDisplayModule > display_grids > renders a grid with a child-items link and type=grid in the delete URL 18ms
 ✓ test/unit-app/exhibits.add.form.module.test.js > exhibitsAddFormModule.reset_form > clears all textareas back to empty strings 54ms
 ✓ test/unit-app/exhibits.add.form.module.test.js > exhibitsAddFormModule.reset_form > unchecks all toggle checkboxes 20ms
 ✓ test/unit-app/exhibits.add.form.module.test.js > exhibitsAddFormModule.reset_form > selects banner_1 as the default banner radio 13ms
 ✓ test/unit-app/items.list.displays.module.test.js > itemsListDisplayModule > display_grids > uses internal_name (not title) for the row title 2ms
 ✓ test/unit-app/items.list.displays.module.test.js > itemsListDisplayModule > display_grids > renders without a title for legacy grids that predate internal_name 2ms
 ✓ test/unit-app/items.list.displays.module.test.js > itemsListDisplayModule > display_grid_items > renders a text grid member with the grid/item routing and griditem type id 3ms
 ✓ test/unit-app/items.list.displays.module.test.js > itemsListDisplayModule > display_grid_items > returns an empty string and writes an alert when grid item is invalid 0ms
 ✓ test/unit-app/items.list.displays.module.test.js > itemsListDisplayModule > display_timelines > renders a timeline with a timeline-items link and type=vertical_timeline in delete 4ms
 ✓ test/unit-app/items.list.displays.module.test.js > itemsListDisplayModule > display_timelines > uses internal_name (not title) for the row title 2ms
 ✓ test/unit-app/items.list.displays.module.test.js > itemsListDisplayModule > display_timelines > renders without a title for legacy timelines that predate internal_name 3ms
 ✓ test/unit-app/items.list.displays.module.test.js > itemsListDisplayModule > display_timeline_items > renders a text timeline event with the deep timeline routing and a sortable date cell 2ms
 ✓ test/unit-app/items.list.displays.module.test.js > itemsListDisplayModule > display_timeline_items > returns an empty string and writes an alert when timeline item is invalid 1ms
 ✓ test/unit-app/items.list.displays.module.test.js > itemsListDisplayModule > init > returns true and is safe to call repeatedly 0ms
 ✓ test/unit-app/exhibits.styles.module.test.js > exhibitsStylesModule > set_styles > populates inputs, pickers, and swatches for a section 33ms
 ✓ test/unit-app/exhibits.styles.module.test.js > exhibitsStylesModule > set_styles > rejects a JSON string payload (current behavior — see note) 11ms
 ✓ test/unit-app/exhibits.styles.module.test.js > exhibitsStylesModule > set_styles > is a no-op when styles is null or undefined 7ms
 ✓ test/unit-app/exhibits.styles.module.test.js > exhibitsStylesModule > set_styles > is a no-op when the exhibit key is missing 13ms
 ✓ test/unit-app/exhibits.styles.module.test.js > exhibitsStylesModule > set_styles > skips sections whose data is missing or non-object 11ms
 ✓ test/unit-app/exhibits.styles.module.test.js > exhibitsStylesModule > set_styles > only populates fields whose values are present in the payload 5ms
 ✓ test/unit-app/exhibits.styles.module.test.js > exhibitsStylesModule > validate_required > returns { valid: true } when every required field is filled 14ms
 ✓ test/unit-app/exhibits.styles.module.test.js > exhibitsStylesModule > validate_required > flags blank fields with is-invalid and returns labeled error messages 11ms
 ✓ test/unit-app/exhibits.add.form.module.test.js > exhibitsAddFormModule.reset_form > clears all hidden image and media-uuid inputs 16ms
 ✓ test/unit-app/exhibits.add.form.module.test.js > exhibitsAddFormModule.reset_form > replaces media-display content with a "No image selected" placeholder 13ms
 ✓ test/unit-app/exhibits.add.form.module.test.js > exhibitsAddFormModule.reset_form > empties the filename text spans 15ms
 ✓ test/unit-app/exhibits.add.form.module.test.js > exhibitsAddFormModule.reset_form > hides the trash links via inline display:none 8ms
 ✓ test/unit-app/exhibits.add.form.module.test.js > exhibitsAddFormModule.reset_form > clears every style section field 11ms
 ✓ test/unit-app/exhibits.add.form.module.test.js > exhibitsAddFormModule.reset_form > collapses any open accordion panels via jQuery 7ms
 ✓ test/unit-app/exhibits.add.form.module.test.js > exhibitsAddFormModule.reset_form > clears the message area inside the modal 7ms
 ✓ test/unit-app/exhibits.add.form.module.test.js > exhibitsAddFormModule.reset_form > does not throw when the modal DOM is missing — failures are logged 6ms
 ✓ test/unit-app/exhibits.styles.module.test.js > exhibitsStylesModule > validate_required > injects an inline feedback div next to each invalid field 11ms
 ✓ test/unit-app/exhibits.styles.module.test.js > exhibitsStylesModule > validate_required > expands the accordion panel containing the first error 5ms
 ✓ test/unit-app/exhibits.styles.module.test.js > exhibitsStylesModule > validate_required > ignores blank fields in optional sections 4ms
 ✓ test/unit-app/exhibits.styles.module.test.js > exhibitsStylesModule > validate_required > clears prior validation state when called twice 8ms
 ✓ test/unit-app/exhibits.styles.module.test.js > exhibitsStylesModule > validate_required > skips fields whose DOM elements are missing without throwing 6ms
 ✓ test/unit-app/exhibits.styles.module.test.js > exhibitsStylesModule > clear_validation > removes is-invalid classes and injected feedback divs 6ms
 ✓ test/unit-app/exhibits.styles.module.test.js > exhibitsStylesModule > clear_validation > is a no-op when nothing is invalid 5ms
 ✓ test/unit-app/exhibits.styles.module.test.js > exhibitsStylesModule > init > returns true on success 4ms
 ✓ test/unit-app/exhibits.styles.module.test.js > exhibitsStylesModule > init > syncs picker → text input + swatch on color picker change 7ms
 ✓ test/unit-app/exhibits.styles.module.test.js > exhibitsStylesModule > init > syncs text input → picker + swatch when value is a valid hex 6ms
 ✓ test/unit-app/exhibits.styles.module.test.js > exhibitsStylesModule > init > updates only the swatch (not the picker) when input is invalid hex 4ms
 ✓ test/unit-app/items.common.grid.form.module.test.js > itemsCommonStandardGridFormModule > get_common_grid_form_fields > defaults to 4 columns when the form is untouched 18ms
 ✓ test/unit-app/items.common.grid.form.module.test.js > itemsCommonStandardGridFormModule > get_common_grid_form_fields > returns false and shows an alert when a legacy record left no option selected 9ms
 ✓ test/unit-app/items.common.grid.form.module.test.js > itemsCommonStandardGridFormModule > get_common_grid_form_fields > returns false when columns is outside the allowed set (2-4) 16ms
 ✓ test/unit-app/items.common.grid.form.module.test.js > itemsCommonStandardGridFormModule > get_common_grid_form_fields > accepts every value the dropdown offers (2, 3, 4) 6ms
 ✓ test/unit-app/items.common.grid.form.module.test.js > itemsCommonStandardGridFormModule > get_common_grid_form_fields > returns the assembled grid object on a fully valid form 5ms
 ✓ test/unit-app/items.common.grid.form.module.test.js > itemsCommonStandardGridFormModule > get_common_grid_form_fields > returns false and flags the field when internal name is empty 9ms
 ✓ test/unit-app/items.common.grid.form.module.test.js > itemsCommonStandardGridFormModule > get_common_grid_form_fields > trims surrounding whitespace from internal name 1ms
 ✓ test/unit-app/items.common.grid.form.module.test.js > itemsCommonStandardGridFormModule > get_common_grid_form_fields > serializes columns as a string (server coerces to number) 1ms
 ✓ test/unit-app/items.common.grid.form.module.test.js > itemsCommonStandardGridFormModule > get_common_grid_form_fields > sets styles to null when no preset is selected (empty option) 1ms
 ✓ test/unit-app/items.common.grid.form.module.test.js > itemsCommonStandardGridFormModule > get_common_grid_form_fields > trims surrounding whitespace from text 1ms
 ✓ test/unit-app/items.common.grid.form.module.test.js > itemsCommonStandardGridFormModule > get_common_grid_form_fields > returns false and renders an alert when an unexpected error is thrown 1ms
 ✓ test/unit-app/items.common.grid.form.module.test.js > itemsCommonStandardGridFormModule > set_item_style > checks the radio that matches the saved key 1ms
 ✓ test/unit-app/items.common.grid.form.module.test.js > itemsCommonStandardGridFormModule > set_item_style > falls back to "None" when the saved key has no matching option 1ms
 ✓ test/unit-app/items.common.grid.form.module.test.js > itemsCommonStandardGridFormModule > set_item_style > is a no-op when the style options are missing 1ms
 ✓ test/unit-app/items.common.grid.form.module.test.js > itemsCommonStandardGridFormModule > set_item_style > selects "None" when styles_value is falsy 1ms
 ✓ test/unit-app/items.common.grid.form.module.test.js > itemsCommonStandardGridFormModule > set_grid_columns > selects the saved value when it is one of the allowed options 1ms
 ✓ test/unit-app/items.common.grid.form.module.test.js > itemsCommonStandardGridFormModule > set_grid_columns > accepts string values (record.columns may arrive either way) 1ms
 ✓ test/unit-app/items.common.grid.form.module.test.js > itemsCommonStandardGridFormModule > set_grid_columns > inserts a disabled placeholder and explains via the hint for legacy values 1ms
 ✓ test/unit-app/items.common.grid.form.module.test.js > itemsCommonStandardGridFormModule > set_grid_columns > does not duplicate the placeholder when called twice for legacy values 2ms
 ✓ test/unit-app/items.common.grid.form.module.test.js > itemsCommonStandardGridFormModule > set_grid_columns > keeps the default selection and hint when columns is null 6ms
 ✓ test/unit-app/items.common.grid.form.module.test.js > itemsCommonStandardGridFormModule > set_grid_columns > is a no-op when the select is missing from the DOM 4ms
 ✓ test/unit-app/items.common.grid.form.module.test.js > itemsCommonStandardGridFormModule > wait_for_styles > resolves immediately when no fetch is in flight 3ms
 ✓ test/unit-app/items.common.grid.form.module.test.js > itemsCommonStandardGridFormModule > wait_for_styles > returns a thenable each time it is called 1ms
 ✓ test/unit-app/helper.media.library.module.test.js > helperMediaLibraryModule > show_bootstrap_modal / hide_bootstrap_modal — manual fallback > hide_bootstrap_modal cleans up after the 150ms timeout and runs the callback 203ms
 ✓ test/unit-app/helper.media.library.module.test.js > helperMediaLibraryModule > show_bootstrap_modal / hide_bootstrap_modal — manual fallback > hide_bootstrap_modal is a no-op when modal_element is null 2ms
 ✓ test/unit-app/items.common.grid.item.form.module.test.js > itemsCommonGridItemFormModule > populate_media_previews > is a no-op when record is null or undefined 24ms
 ✓ test/unit-app/items.common.grid.item.form.module.test.js > itemsCommonGridItemFormModule > populate_media_previews > is a no-op when neither media_uuid nor thumbnail_media_uuid is present 5ms
 ✓ test/unit-app/items.common.grid.item.form.module.test.js > itemsCommonGridItemFormModule > populate_media_previews > writes media metadata into hidden inputs when media_uuid is present 9ms
 ✓ test/unit-app/items.common.grid.item.form.module.test.js > itemsCommonGridItemFormModule > populate_media_previews > renders an <img> + filename + visible trash for an uploaded asset 4ms
 ✓ test/unit-app/items.common.grid.item.form.module.test.js > itemsCommonGridItemFormModule > populate_media_previews > uses the kaltura thumbnail URL (and upgrades http→https) for kaltura assets 4ms
 ✓ test/unit-app/items.common.grid.item.form.module.test.js > itemsCommonGridItemFormModule > populate_media_previews > uses the repo thumbnail endpoint for repository assets 2ms
 ✓ test/unit-app/items.common.grid.item.form.module.test.js > itemsCommonGridItemFormModule > populate_media_previews > falls back to a placeholder icon when no thumbnail URL can be built 7ms
 ✓ test/unit-app/items.common.grid.item.form.module.test.js > itemsCommonGridItemFormModule > populate_media_previews > populates the thumbnail preview when thumbnail_media_uuid is present 2ms
 ✓ test/unit-app/items.common.grid.item.form.module.test.js > itemsCommonGridItemFormModule > get_common_grid_item_form_fields > returns false on a text path with empty text 4ms
 ✓ test/unit-app/items.common.grid.item.form.module.test.js > itemsCommonGridItemFormModule > get_common_grid_item_form_fields > returns false on a media path with no media_uuid 4ms
 ✓ test/unit-app/items.common.grid.item.form.module.test.js > itemsCommonGridItemFormModule > get_common_grid_item_form_fields > returns the assembled item on a valid text path 9ms
 ✓ test/unit-app/items.common.grid.item.form.module.test.js > itemsCommonGridItemFormModule > get_common_grid_item_form_fields > returns the assembled item on a valid media path 2ms
 ✓ test/unit-app/items.common.grid.item.form.module.test.js > itemsCommonGridItemFormModule > get_common_grid_item_form_fields > defaults item_type/mime_type to text/plain on non-text non-media paths 3ms
 ✓ test/unit-app/items.common.grid.item.form.module.test.js > itemsCommonGridItemFormModule > get_common_grid_item_form_fields > serializes is_embedded as 0 when the checkbox is unchecked 4ms
 ✓ test/unit-app/items.common.grid.item.form.module.test.js > itemsCommonGridItemFormModule > get_common_grid_item_form_fields > routes layout/media_width through helperModule.get_checked_radio_button 1ms
 ✓ test/unit-app/items.common.grid.item.form.module.test.js > itemsCommonGridItemFormModule > get_common_grid_item_form_fields > omits is_published when #is-published is missing from the DOM 2ms
 ✓ test/unit-app/items.common.grid.item.form.module.test.js > itemsCommonGridItemFormModule > get_common_grid_item_form_fields > returns false and renders an alert on an unexpected error 1ms
 ✓ test/unit-app/modals.upload.itemtype.test.js > mediaModalsModule — Item Type auto-population > image → data-selected="still image" 22ms
 ✓ test/unit-app/modals.upload.itemtype.test.js > mediaModalsModule — Item Type auto-population > pdf → data-selected="text" 7ms
 ✓ test/unit-app/modals.upload.itemtype.test.js > mediaModalsModule — Item Type auto-population > other media types get no data-selected (left for the user to choose) 18ms
 ✓ test/unit-app/modals.upload.itemtype.test.js > mediaModalsModule — Item Type auto-population > the Item Type select is still required and present 12ms
 ✓ test/unit-app/exhibits.module.test.js > exhibitsModule > get_exhibit_title > returns the title from a 200 response, after strip_html(unescape(...)) 5ms
 ✓ test/unit-app/exhibits.module.test.js > exhibitsModule > get_exhibit_title > passes the resolved endpoint and auth token to httpModule.req 1ms
 ✓ test/unit-app/exhibits.module.test.js > exhibitsModule > get_exhibit_title > returns undefined and shows a permission alert on 403 26ms
 ✓ test/unit-app/exhibits.module.test.js > exhibitsModule > get_exhibit_title > returns undefined and shows a network alert when the response is undefined 3ms
 ✓ test/unit-app/exhibits.module.test.js > exhibitsModule > get_exhibit_title > returns undefined silently for non-200 / non-403 / non-undefined responses 2ms
 ✓ test/unit-app/exhibits.module.test.js > exhibitsModule > set_exhibit_title > writes the resolved title into #exhibit-title via domModule.set_text 1ms
 ✓ test/unit-app/exhibits.module.test.js > exhibitsModule > set_exhibit_title > forwards undefined when get_exhibit_title resolves to undefined 4ms
 ✓ test/unit-app/exhibits.module.test.js > exhibitsModule > open_preview / close_preview > scrolls to top and shows the "Building..." alert immediately 2ms
 ✓ test/unit-app/exhibits.module.test.js > exhibitsModule > open_preview / close_preview > opens the preview window and clears #message after a 900ms delay 1ms
 ✓ test/unit-app/exhibits.module.test.js > exhibitsModule > open_preview / close_preview > closes the previously opened window when open_preview is called twice 1ms
 ✓ test/unit-app/exhibits.module.test.js > exhibitsModule > open_preview / close_preview > close_preview invokes .close() on the cached window reference 0ms
 ✓ test/unit-app/exhibits.common.form.module.test.js > exhibitsCommonFormModule > set_message_selector > accepts a non-empty string without warning 11ms
 ✓ test/unit-app/exhibits.common.form.module.test.js > exhibitsCommonFormModule > set_message_selector > warns and ignores an empty string 4ms
 ✓ test/unit-app/exhibits.common.form.module.test.js > exhibitsCommonFormModule > set_message_selector > warns and ignores a whitespace-only string 6ms
 ✓ test/unit-app/exhibits.common.form.module.test.js > exhibitsCommonFormModule > set_message_selector > warns and ignores non-string input 2ms
 ✓ test/unit-app/exhibits.common.form.module.test.js > exhibitsCommonFormModule > set_message_selector > routes downstream error rendering to the new selector 18ms
 ✓ test/unit-app/exhibits.common.form.module.test.js > exhibitsCommonFormModule > get_common_form_fields > returns false and flags the title field when title is empty 27ms
 ✓ test/unit-app/exhibits.common.form.module.test.js > exhibitsCommonFormModule > get_common_form_fields > clears prior title validation state on subsequent successful calls 5ms
 ✓ test/unit-app/exhibits.common.form.module.test.js > exhibitsCommonFormModule > get_common_form_fields > returns the assembled exhibit object on a fully valid form 6ms
 ✓ test/unit-app/exhibits.common.form.module.test.js > exhibitsCommonFormModule > get_common_form_fields > converts checkbox booleans to 0 / 1 integers 2ms
 ✓ test/unit-app/exhibits.common.form.module.test.js > exhibitsCommonFormModule > get_common_form_fields > forces alert_text to empty string when is-content-advisory is unchecked 3ms
 ✓ test/unit-app/exhibits.common.form.module.test.js > exhibitsCommonFormModule > get_common_form_fields > includes alert_text only when is-content-advisory is checked 2ms
 ✓ test/unit-app/exhibits.common.form.module.test.js > exhibitsCommonFormModule > get_common_form_fields > omits hero_image_media_uuid / thumbnail_media_uuid when their inputs are empty 2ms
 ✓ test/unit-app/exhibits.common.form.module.test.js > exhibitsCommonFormModule > get_common_form_fields > includes hero_image_media_uuid / thumbnail_media_uuid when populated 2ms
 ✓ test/unit-app/exhibits.common.form.module.test.js > exhibitsCommonFormModule > get_common_form_fields > coerces owner and is_published to numbers when populated 2ms
 ✓ test/unit-app/exhibits.common.form.module.test.js > exhibitsCommonFormModule > get_common_form_fields > omits owner and is_published when their inputs are empty 2ms
 ✓ test/unit-app/exhibits.common.form.module.test.js > exhibitsCommonFormModule > get_common_form_fields > uses helperModule.get_checked_radio_button for banner_template 2ms
 ✓ test/unit-app/exhibits.common.form.module.test.js > exhibitsCommonFormModule > get_common_form_fields > reads the rich text fields through rteModule.get_html 4ms
 ✓ test/unit-app/exhibits.common.form.module.test.js > exhibitsCommonFormModule > get_common_form_fields > returns false and renders an alert when an unexpected error is thrown 4ms
 ✓ test/unit-app/dom.module.test.js > domModule (Phase 0 a11y additions) > set_alert > sets aria-live="assertive" + aria-atomic="true" for danger 7ms
 ✓ test/unit-app/dom.module.test.js > domModule (Phase 0 a11y additions) > set_alert > sets aria-live="assertive" for warning 1ms
 ✓ test/unit-app/dom.module.test.js > domModule (Phase 0 a11y additions) > set_alert > sets aria-live="polite" for success 0ms
 ✓ test/unit-app/dom.module.test.js > domModule (Phase 0 a11y additions) > set_alert > sets aria-live="polite" for info 0ms
 ✓ test/unit-app/dom.module.test.js > domModule (Phase 0 a11y additions) > set_alert > falls back to assertive for an unknown type 1ms
 ✓ test/unit-app/dom.module.test.js > domModule (Phase 0 a11y additions) > set_alert > replaces (not appends) an existing alert in the same container 8ms
 ✓ test/unit-app/dom.module.test.js > domModule (Phase 0 a11y additions) > set_alert > marks the icon aria-hidden so SRs do not announce its name 3ms
 ✓ test/unit-app/dom.module.test.js > domModule (Phase 0 a11y additions) > set_alert > is a no-op when target selector matches nothing 4ms
 ✓ test/unit-app/dom.module.test.js > domModule (Phase 0 a11y additions) > set_field_error > sets aria-invalid="true" on the field 4ms
 ✓ test/unit-app/dom.module.test.js > domModule (Phase 0 a11y additions) > set_field_error > inserts a sibling message node with the supplied id and role="alert" 0ms
 ✓ test/unit-app/dom.module.test.js > domModule (Phase 0 a11y additions) > set_field_error > wires the message id into aria-describedby 1ms
 ✓ test/unit-app/dom.module.test.js > domModule (Phase 0 a11y additions) > set_field_error > preserves pre-existing aria-describedby tokens (e.g. form-text hints) 1ms
 ✓ test/unit-app/dom.module.test.js > domModule (Phase 0 a11y additions) > set_field_error > is idempotent: a second call replaces the message in place without duplicating the node or aria-describedby token 1ms
 ✓ test/unit-app/dom.module.test.js > domModule (Phase 0 a11y additions) > set_field_error > is a no-op when target is missing or message_id is falsy 1ms
 ✓ test/unit-app/dom.module.test.js > domModule (Phase 0 a11y additions) > clear_field_error > removes aria-invalid, aria-describedby (when only token), and the message node 1ms
 ✓ test/unit-app/dom.module.test.js > domModule (Phase 0 a11y additions) > clear_field_error > preserves other aria-describedby tokens 1ms
 ✓ test/unit-app/dom.module.test.js > domModule (Phase 0 a11y additions) > clear_field_error > is a no-op when target is missing 0ms
 ✓ test/unit-app/dom.module.test.js > domModule (Phase 0 a11y additions) > clear_field_error > is safe to call when no error was previously set 1ms
 ✓ test/unit-app/modals.upload.thumbnail.test.js > mediaModalsModule — staged thumbnail preview > points the preview at the staged endpoint with the encoded path + token 47ms
 ✓ test/unit-app/modals.upload.thumbnail.test.js > mediaModalsModule — staged thumbnail preview > falls back to the static placeholder when there is no auth token 17ms
 ✓ test/unit-app/modals.upload.thumbnail.test.js > mediaModalsModule — staged thumbnail preview > falls back to the static placeholder when the file has no thumbnail_path 11ms
 ✓ test/unit-app/modals.upload.thumbnail.test.js > mediaModalsModule — staged thumbnail preview > uses the staged endpoint for PDFs too 9ms
 ✓ test/unit-app/helper.module.test.js > helperModule.get_parameter_by_name > returns the named parameter from a passed URL 2ms
 ✓ test/unit-app/helper.module.test.js > helperModule.get_parameter_by_name > returns null when the parameter is absent 0ms
 ✓ test/unit-app/helper.module.test.js > helperModule.get_parameter_by_name > returns the empty string when the parameter is present but empty 0ms
 ✓ test/unit-app/helper.module.test.js > helperModule.get_parameter_by_name > returns null when the parameter name is missing or non-string 0ms
 ✓ test/unit-app/helper.module.test.js > helperModule.get_parameter_by_name > rejects values that DOMPurify would alter (treated as malicious) 3ms
 ✓ test/unit-app/endpoints.module.version.test.js > endpointsModule — registry version stamp > save_exhibits_endpoints stamps the current version and releases the guard 1ms
 ✓ test/unit-app/endpoints.module.version.test.js > endpointsModule — registry version stamp > init() leaves a fresh client (no cached endpoints) untouched 0ms
 ✓ test/unit-app/endpoints.module.version.test.js > endpointsModule — registry version stamp > init() leaves an up-to-date client (matching version) untouched 0ms
 ✓ test/unit-app/endpoints.module.version.test.js > endpointsModule — registry version stamp > init() wipes a stale/legacy registry and routes through auth once 1ms
 ✓ test/unit-app/endpoints.module.version.test.js > endpointsModule — registry version stamp > init() wipes a registry whose version differs from the current one 0ms
 ✓ test/unit-app/endpoints.module.version.test.js > endpointsModule — registry version stamp > does not redirect twice (one-shot guard already set) 0ms
 ✓ test/unit-app/endpoints.module.version.test.js > endpointsModule — registry version stamp > does not redirect when already at the auth entry path 0ms
 ✓ test/unit-app/helper.media.library.uploaded-thumbnail.test.js > helperMediaLibraryModule.build_uploaded_thumbnail_url > builds the staged URL with the encoded path and token 1ms
 ✓ test/unit-app/helper.media.library.uploaded-thumbnail.test.js > helperMediaLibraryModule.build_uploaded_thumbnail_url > returns null when no thumbnail_path is given 0ms
 ✓ test/unit-app/helper.media.library.uploaded-thumbnail.test.js > helperMediaLibraryModule.build_uploaded_thumbnail_url > returns null when there is no auth token (caller falls back to placeholder) 0ms
 ✓ test/unit-app/helper.media.library.uploaded-thumbnail.test.js > helperMediaLibraryModule.build_uploaded_thumbnail_url > returns null and warns when the upload thumbnail endpoint is not configured 0ms
 ✓ test/unit-app/helper.media.library.uploaded-thumbnail.test.js > helperMediaLibraryModule.build_uploaded_thumbnail_url > url-encodes a path containing spaces / special characters 0ms
[91m[2026-08-14T11:31:38.826] [ERROR] default - [39mERROR: [/indexer/indexer_index_tasks (index_record)] Failed to index record {
  method: 'index_record',
  index: 'exhibits_index',
  uuid: '550e8400-e29b-41d4-a716-446655440000',
  timestamp: '2026-08-14T18:31:38.824Z',
  message: 'Elasticsearch operation timeout',
  error_type: 'Error',
  stack: 'Error: Elasticsearch operation timeout\n' +
    '    at Timeout._onTimeout (/Users/fcr/Dropbox/work/workspace/exhibits/exhibits-backend/indexer/tasks/indexer_index_tasks.js:157:41)\n' +
    '    at listOnTimeout (node:internal/timers:605:17)\n' +
    '    at processTimers (node:internal/timers:541:7)'
}
 ✓ test/tasks/indexer_index_tasks.test.js > Indexer_index_tasks > index_record > should handle timeout error 30005ms
[32m[2026-08-14T11:31:38.830] [INFO] default - [39mIndexer initialized { index: 'exhibits_index' }
[32m[2026-08-14T11:31:38.831] [INFO] default - [39mRecord indexed successfully {
  index: 'exhibits_index',
  uuid: '550e8400-e29b-41d4-a716-446655440000',
  result: 'created',
  version: 1,
  timestamp: '2026-08-14T18:31:38.831Z'
}
[32m[2026-08-14T11:31:38.833] [INFO] default - [39mIndexer initialized { index: 'exhibits_index' }
[32m[2026-08-14T11:31:38.834] [INFO] default - [39mRecord retrieved successfully {
  index: 'exhibits_index',
  uuid: '550e8400-e29b-41d4-a716-446655440000',
  version: 3,
  timestamp: '2026-08-14T18:31:38.834Z'
}
[32m[2026-08-14T11:31:38.835] [INFO] default - [39mIndexer initialized { index: 'exhibits_index' }
[32m[2026-08-14T11:31:38.836] [INFO] default - [39mRecord not found in index {
  uuid: '550e8400-e29b-41d4-a716-446655440000',
  index: 'exhibits_index'
}
[32m[2026-08-14T11:31:38.836] [INFO] default - [39mIndexer initialized { index: 'exhibits_index' }
[32m[2026-08-14T11:31:38.837] [INFO] default - [39mIndexer initialized { index: 'exhibits_index' }
[91m[2026-08-14T11:31:38.837] [ERROR] default - [39mERROR: [/indexer/indexer_index_tasks (get_indexed_record)] Failed to get indexed record {
  method: 'get_indexed_record',
  index: 'exhibits_index',
  uuid: 'not-a-valid-uuid',
  timestamp: '2026-08-14T18:31:38.837Z',
  message: 'Invalid record UUID format: not-a-valid-uuid',
  error_type: 'Error',
  stack: 'Error: Invalid record UUID format: not-a-valid-uuid\n' +
    '    at Indexer_index_tasks._validate_uuid (/Users/fcr/Dropbox/work/workspace/exhibits/exhibits-backend/indexer/tasks/indexer_index_tasks.js:84:19)\n' +
    '    at Indexer_index_tasks.get_indexed_record (/Users/fcr/Dropbox/work/workspace/exhibits/exhibits-backend/indexer/tasks/indexer_index_tasks.js:410:39)\n' +
    '    at /Users/fcr/Dropbox/work/workspace/exhibits/exhibits-backend/test/tasks/indexer_index_tasks.test.js:482:47\n' +
    '    at file:///Users/fcr/Dropbox/work/workspace/exhibits/exhibits-backend/node_modules/@vitest/runner/dist/chunk-hooks.js:155:11\n' +
    '    at file:///Users/fcr/Dropbox/work/workspace/exhibits/exhibits-backend/node_modules/@vitest/runner/dist/chunk-hooks.js:752:26\n' +
    '    at file:///Users/fcr/Dropbox/work/workspace/exhibits/exhibits-backend/node_modules/@vitest/runner/dist/chunk-hooks.js:1897:20\n' +
    '    at new Promise (<anonymous>)\n' +
    '    at runWithTimeout (file:///Users/fcr/Dropbox/work/workspace/exhibits/exhibits-backend/node_modules/@vitest/runner/dist/chunk-hooks.js:1863:10)\n' +
    '    at runTest (file:///Users/fcr/Dropbox/work/workspace/exhibits/exhibits-backend/node_modules/@vitest/runner/dist/chunk-hooks.js:1574:12)\n' +
    '    at runSuite (file:///Users/fcr/Dropbox/work/workspace/exhibits/exhibits-backend/node_modules/@vitest/runner/dist/chunk-hooks.js:1729:8)'
}
[32m[2026-08-14T11:31:38.838] [INFO] default - [39mIndexer initialized { index: 'exhibits_index' }
[91m[2026-08-14T11:31:38.839] [ERROR] default - [39mERROR: [/indexer/indexer_index_tasks (get_indexed_record)] Failed to get indexed record {
  method: 'get_indexed_record',
  index: 'exhibits_index',
  uuid: '',
  timestamp: '2026-08-14T18:31:38.839Z',
  message: 'Valid record UUID is required',
  error_type: 'Error',
  stack: 'Error: Valid record UUID is required\n' +
    '    at Indexer_index_tasks._validate_uuid (/Users/fcr/Dropbox/work/workspace/exhibits/exhibits-backend/indexer/tasks/indexer_index_tasks.js:78:19)\n' +
    '    at Indexer_index_tasks.get_indexed_record (/Users/fcr/Dropbox/work/workspace/exhibits/exhibits-backend/indexer/tasks/indexer_index_tasks.js:410:39)\n' +
    '    at /Users/fcr/Dropbox/work/workspace/exhibits/exhibits-backend/test/tasks/indexer_index_tasks.test.js:489:47\n' +
    '    at file:///Users/fcr/Dropbox/work/workspace/exhibits/exhibits-backend/node_modules/@vitest/runner/dist/chunk-hooks.js:155:11\n' +
    '    at file:///Users/fcr/Dropbox/work/workspace/exhibits/exhibits-backend/node_modules/@vitest/runner/dist/chunk-hooks.js:752:26\n' +
    '    at file:///Users/fcr/Dropbox/work/workspace/exhibits/exhibits-backend/node_modules/@vitest/runner/dist/chunk-hooks.js:1897:20\n' +
    '    at new Promise (<anonymous>)\n' +
    '    at runWithTimeout (file:///Users/fcr/Dropbox/work/workspace/exhibits/exhibits-backend/node_modules/@vitest/runner/dist/chunk-hooks.js:1863:10)\n' +
    '    at runTest (file:///Users/fcr/Dropbox/work/workspace/exhibits/exhibits-backend/node_modules/@vitest/runner/dist/chunk-hooks.js:1574:12)\n' +
    '    at runSuite (file:///Users/fcr/Dropbox/work/workspace/exhibits/exhibits-backend/node_modules/@vitest/runner/dist/chunk-hooks.js:1729:8)'
}
[32m[2026-08-14T11:31:38.840] [INFO] default - [39mIndexer initialized { index: 'exhibits_index' }
[91m[2026-08-14T11:31:38.840] [ERROR] default - [39mERROR: [/indexer/indexer_index_tasks (get_indexed_record)] Failed to get indexed record {
  method: 'get_indexed_record',
  index: 'exhibits_index',
  uuid: null,
  timestamp: '2026-08-14T18:31:38.840Z',
  message: 'Valid record UUID is required',
  error_type: 'Error',
  stack: 'Error: Valid record UUID is required\n' +
    '    at Indexer_index_tasks._validate_uuid (/Users/fcr/Dropbox/work/workspace/exhibits/exhibits-backend/indexer/tasks/indexer_index_tasks.js:78:19)\n' +
    '    at Indexer_index_tasks.get_indexed_record (/Users/fcr/Dropbox/work/workspace/exhibits/exhibits-backend/indexer/tasks/indexer_index_tasks.js:410:39)\n' +
    '    at /Users/fcr/Dropbox/work/workspace/exhibits/exhibits-backend/test/tasks/indexer_index_tasks.test.js:496:47\n' +
    '    at file:///Users/fcr/Dropbox/work/workspace/exhibits/exhibits-backend/node_modules/@vitest/runner/dist/chunk-hooks.js:155:11\n' +
    '    at file:///Users/fcr/Dropbox/work/workspace/exhibits/exhibits-backend/node_modules/@vitest/runner/dist/chunk-hooks.js:752:26\n' +
    '    at file:///Users/fcr/Dropbox/work/workspace/exhibits/exhibits-backend/node_modules/@vitest/runner/dist/chunk-hooks.js:1897:20\n' +
    '    at new Promise (<anonymous>)\n' +
    '    at runWithTimeout (file:///Users/fcr/Dropbox/work/workspace/exhibits/exhibits-backend/node_modules/@vitest/runner/dist/chunk-hooks.js:1863:10)\n' +
    '    at runTest (file:///Users/fcr/Dropbox/work/workspace/exhibits/exhibits-backend/node_modules/@vitest/runner/dist/chunk-hooks.js:1574:12)\n' +
    '    at runSuite (file:///Users/fcr/Dropbox/work/workspace/exhibits/exhibits-backend/node_modules/@vitest/runner/dist/chunk-hooks.js:1729:8)'
}
[32m[2026-08-14T11:31:38.840] [INFO] default - [39mIndexer initialized { index: 'exhibits_index' }
[91m[2026-08-14T11:31:38.841] [ERROR] default - [39mERROR: [/indexer/indexer_index_tasks (get_indexed_record)] Failed to get indexed record {
  method: 'get_indexed_record',
  index: 'exhibits_index',
  uuid: '550e8400-e29b-41d4-a716-446655440000',
  timestamp: '2026-08-14T18:31:38.841Z',
  message: 'Connection refused',
  error_type: 'Error',
  status_code: 503,
  elasticsearch_error: undefined,
  reason: undefined,
  stack: 'Error: Connection refused\n' +
    '    at /Users/fcr/Dropbox/work/workspace/exhibits/exhibits-backend/test/tasks/indexer_index_tasks.test.js:503:29\n' +
    '    at file:///Users/fcr/Dropbox/work/workspace/exhibits/exhibits-backend/node_modules/@vitest/runner/dist/chunk-hooks.js:155:11\n' +
    '    at file:///Users/fcr/Dropbox/work/workspace/exhibits/exhibits-backend/node_modules/@vitest/runner/dist/chunk-hooks.js:752:26\n' +
    '    at file:///Users/fcr/Dropbox/work/workspace/exhibits/exhibits-backend/node_modules/@vitest/runner/dist/chunk-hooks.js:1897:20\n' +
    '    at new Promise (<anonymous>)\n' +
    '    at runWithTimeout (file:///Users/fcr/Dropbox/work/workspace/exhibits/exhibits-backend/node_modules/@vitest/runner/dist/chunk-hooks.js:1863:10)\n' +
    '    at runTest (file:///Users/fcr/Dropbox/work/workspace/exhibits/exhibits-backend/node_modules/@vitest/runner/dist/chunk-hooks.js:1574:12)\n' +
    '    at runSuite (file:///Users/fcr/Dropbox/work/workspace/exhibits/exhibits-backend/node_modules/@vitest/runner/dist/chunk-hooks.js:1729:8)\n' +
    '    at runSuite (file:///Users/fcr/Dropbox/work/workspace/exhibits/exhibits-backend/node_modules/@vitest/runner/dist/chunk-hooks.js:1729:8)\n' +
    '    at runSuite (file:///Users/fcr/Dropbox/work/workspace/exhibits/exhibits-backend/node_modules/@vitest/runner/dist/chunk-hooks.js:1729:8)'
}
[32m[2026-08-14T11:31:38.841] [INFO] default - [39mIndexer initialized { index: 'exhibits_index' }
[32m[2026-08-14T11:31:38.842] [INFO] default - [39mRecord retrieved successfully {
  index: 'exhibits_index',
  uuid: '550e8400-e29b-41d4-a716-446655440000',
  version: 1,
  timestamp: '2026-08-14T18:31:38.841Z'
}
[32m[2026-08-14T11:31:38.842] [INFO] default - [39mIndexer initialized { index: 'exhibits_index' }
[32m[2026-08-14T11:31:38.843] [INFO] default - [39mRecord retrieved successfully {
  index: 'exhibits_index',
  uuid: '550e8400-e29b-41d4-a716-446655440000',
  version: 1,
  timestamp: '2026-08-14T18:31:38.843Z'
}
[32m[2026-08-14T11:31:38.843] [INFO] default - [39mIndexer initialized { index: 'exhibits_index' }
[32m[2026-08-14T11:31:38.843] [INFO] default - [39mRecord deleted successfully {
  index: 'exhibits_index',
  uuid: '550e8400-e29b-41d4-a716-446655440000',
  version: 2,
  timestamp: '2026-08-14T18:31:38.843Z'
}
[32m[2026-08-14T11:31:38.844] [INFO] default - [39mIndexer initialized { index: 'exhibits_index' }
[32m[2026-08-14T11:31:38.844] [INFO] default - [39mRecord not found for deletion {
  uuid: '550e8400-e29b-41d4-a716-446655440000',
  index: 'exhibits_index'
}
[32m[2026-08-14T11:31:38.844] [INFO] default - [39mIndexer initialized { index: 'exhibits_index' }
[32m[2026-08-14T11:31:38.844] [INFO] default - [39mIndexer initialized { index: 'exhibits_index' }
[91m[2026-08-14T11:31:38.844] [ERROR] default - [39mERROR: [/indexer/indexer_index_tasks (delete_record)] Failed to delete record {
  method: 'delete_record',
  index: 'exhibits_index',
  uuid: '550e8400-e29b-41d4-a716-446655440000',
  timestamp: '2026-08-14T18:31:38.844Z',
  message: 'Empty response from Elasticsearch',
  error_type: 'Error',
  stack: 'Error: Empty response from Elasticsearch\n' +
    '    at Indexer_index_tasks.delete_record (/Users/fcr/Dropbox/work/workspace/exhibits/exhibits-backend/indexer/tasks/indexer_index_tasks.js:523:23)\n' +
    '    at /Users/fcr/Dropbox/work/workspace/exhibits/exhibits-backend/test/tasks/indexer_index_tasks.test.js:591:28\n' +
    '    at file:///Users/fcr/Dropbox/work/workspace/exhibits/exhibits-backend/node_modules/@vitest/runner/dist/chunk-hooks.js:752:20'
}
[32m[2026-08-14T11:31:38.845] [INFO] default - [39mIndexer initialized { index: 'exhibits_index' }
[91m[2026-08-14T11:31:38.845] [ERROR] default - [39mERROR: [/indexer/indexer_index_tasks (delete_record)] Failed to delete record {
  method: 'delete_record',
  index: 'exhibits_index',
  uuid: 'bad-uuid',
  timestamp: '2026-08-14T18:31:38.845Z',
  message: 'Invalid record UUID format: bad-uuid',
  error_type: 'Error',
  stack: 'Error: Invalid record UUID format: bad-uuid\n' +
    '    at Indexer_index_tasks._validate_uuid (/Users/fcr/Dropbox/work/workspace/exhibits/exhibits-backend/indexer/tasks/indexer_index_tasks.js:84:19)\n' +
    '    at Indexer_index_tasks.delete_record (/Users/fcr/Dropbox/work/workspace/exhibits/exhibits-backend/indexer/tasks/indexer_index_tasks.js:504:39)\n' +
    '    at /Users/fcr/Dropbox/work/workspace/exhibits/exhibits-backend/test/tasks/indexer_index_tasks.test.js:598:47\n' +
    '    at file:///Users/fcr/Dropbox/work/workspace/exhibits/exhibits-backend/node_modules/@vitest/runner/dist/chunk-hooks.js:155:11\n' +
    '    at file:///Users/fcr/Dropbox/work/workspace/exhibits/exhibits-backend/node_modules/@vitest/runner/dist/chunk-hooks.js:752:26\n' +
    '    at file:///Users/fcr/Dropbox/work/workspace/exhibits/exhibits-backend/node_modules/@vitest/runner/dist/chunk-hooks.js:1897:20\n' +
    '    at new Promise (<anonymous>)\n' +
    '    at runWithTimeout (file:///Users/fcr/Dropbox/work/workspace/exhibits/exhibits-backend/node_modules/@vitest/runner/dist/chunk-hooks.js:1863:10)\n' +
    '    at runTest (file:///Users/fcr/Dropbox/work/workspace/exhibits/exhibits-backend/node_modules/@vitest/runner/dist/chunk-hooks.js:1574:12)\n' +
    '    at runSuite (file:///Users/fcr/Dropbox/work/workspace/exhibits/exhibits-backend/node_modules/@vitest/runner/dist/chunk-hooks.js:1729:8)'
}
[32m[2026-08-14T11:31:38.845] [INFO] default - [39mIndexer initialized { index: 'exhibits_index' }
[32m[2026-08-14T11:31:38.846] [INFO] default - [39mRecord deleted successfully {
  index: 'exhibits_index',
  uuid: '550e8400-e29b-41d4-a716-446655440000',
  version: 1,
  timestamp: '2026-08-14T18:31:38.846Z'
}
[32m[2026-08-14T11:31:38.846] [INFO] default - [39mIndexer initialized { index: 'exhibits_index' }
[32m[2026-08-14T11:31:38.846] [INFO] default - [39mRecord deleted successfully {
  index: 'exhibits_index',
  uuid: '550e8400-e29b-41d4-a716-446655440000',
  version: 1,
  timestamp: '2026-08-14T18:31:38.846Z'
}
[32m[2026-08-14T11:31:38.846] [INFO] default - [39mIndexer initialized { index: 'exhibits_index' }
[91m[2026-08-14T11:31:38.846] [ERROR] default - [39mERROR: [/indexer/indexer_index_tasks (delete_record)] Failed to delete record {
  method: 'delete_record',
  index: 'exhibits_index',
  uuid: '550e8400-e29b-41d4-a716-446655440000',
  timestamp: '2026-08-14T18:31:38.846Z',
  message: 'Index read-only',
  error_type: 'Error',
  status_code: 403,
  elasticsearch_error: 'cluster_block_exception',
  reason: undefined,
  stack: 'Error: Index read-only\n' +
    '    at /Users/fcr/Dropbox/work/workspace/exhibits/exhibits-backend/test/tasks/indexer_index_tasks.test.js:630:29\n' +
    '    at file:///Users/fcr/Dropbox/work/workspace/exhibits/exhibits-backend/node_modules/@vitest/runner/dist/chunk-hooks.js:155:11\n' +
    '    at file:///Users/fcr/Dropbox/work/workspace/exhibits/exhibits-backend/node_modules/@vitest/runner/dist/chunk-hooks.js:752:26\n' +
    '    at file:///Users/fcr/Dropbox/work/workspace/exhibits/exhibits-backend/node_modules/@vitest/runner/dist/chunk-hooks.js:1897:20\n' +
    '    at new Promise (<anonymous>)\n' +
    '    at runWithTimeout (file:///Users/fcr/Dropbox/work/workspace/exhibits/exhibits-backend/node_modules/@vitest/runner/dist/chunk-hooks.js:1863:10)\n' +
    '    at runTest (file:///Users/fcr/Dropbox/work/workspace/exhibits/exhibits-backend/node_modules/@vitest/runner/dist/chunk-hooks.js:1574:12)\n' +
    '    at runSuite (file:///Users/fcr/Dropbox/work/workspace/exhibits/exhibits-backend/node_modules/@vitest/runner/dist/chunk-hooks.js:1729:8)\n' +
    '    at runSuite (file:///Users/fcr/Dropbox/work/workspace/exhibits/exhibits-backend/node_modules/@vitest/runner/dist/chunk-hooks.js:1729:8)\n' +
    '    at runSuite (file:///Users/fcr/Dropbox/work/workspace/exhibits/exhibits-backend/node_modules/@vitest/runner/dist/chunk-hooks.js:1729:8)'
}
[32m[2026-08-14T11:31:38.847] [INFO] default - [39mIndexer initialized { index: 'exhibits_index' }
[32m[2026-08-14T11:31:38.847] [INFO] default - [39mRecord indexed successfully {
  index: 'exhibits_index',
  uuid: '550e8400-e29b-41d4-a716-446655440000',
  result: 'created',
  version: 1,
  timestamp: '2026-08-14T18:31:38.847Z'
}
[32m[2026-08-14T11:31:38.847] [INFO] default - [39mIndexer initialized { index: 'exhibits_index' }
 ✓ test/tasks/indexer_index_tasks.test.js > Indexer_index_tasks > index_record > should index exhibit record with all schema fields 3ms
 ✓ test/tasks/indexer_index_tasks.test.js > Indexer_index_tasks > get_indexed_record > should retrieve record successfully 3ms
 ✓ test/tasks/indexer_index_tasks.test.js > Indexer_index_tasks > get_indexed_record > should handle record not found (404) 1ms
 ✓ test/tasks/indexer_index_tasks.test.js > Indexer_index_tasks > get_indexed_record > should handle empty response 1ms
 ✓ test/tasks/indexer_index_tasks.test.js > Indexer_index_tasks > get_indexed_record > should reject invalid UUID 1ms
 ✓ test/tasks/indexer_index_tasks.test.js > Indexer_index_tasks > get_indexed_record > should reject empty UUID 2ms
 ✓ test/tasks/indexer_index_tasks.test.js > Indexer_index_tasks > get_indexed_record > should reject null UUID 1ms
 ✓ test/tasks/indexer_index_tasks.test.js > Indexer_index_tasks > get_indexed_record > should handle Elasticsearch error 1ms
 ✓ test/tasks/indexer_index_tasks.test.js > Indexer_index_tasks > get_indexed_record > should accept custom timeout option 1ms
 ✓ test/tasks/indexer_index_tasks.test.js > Indexer_index_tasks > get_indexed_record > should trim UUID whitespace 0ms
 ✓ test/tasks/indexer_index_tasks.test.js > Indexer_index_tasks > delete_record > should delete record successfully 1ms
 ✓ test/tasks/indexer_index_tasks.test.js > Indexer_index_tasks > delete_record > should handle record not found (404) 0ms
 ✓ test/tasks/indexer_index_tasks.test.js > Indexer_index_tasks > delete_record > should handle unexpected result 0ms
 ✓ test/tasks/indexer_index_tasks.test.js > Indexer_index_tasks > delete_record > should handle empty response 1ms
 ✓ test/tasks/indexer_index_tasks.test.js > Indexer_index_tasks > delete_record > should reject invalid UUID 0ms
 ✓ test/tasks/indexer_index_tasks.test.js > Indexer_index_tasks > delete_record > should use default options 0ms
 ✓ test/tasks/indexer_index_tasks.test.js > Indexer_index_tasks > delete_record > should accept custom options 0ms
 ✓ test/tasks/indexer_index_tasks.test.js > Indexer_index_tasks > delete_record > should handle Elasticsearch error 1ms
 ✓ test/tasks/indexer_index_tasks.test.js > Indexer_index_tasks > Timeout Protection (_with_timeout) > should resolve when operation completes before timeout 0ms
[91m[2026-08-14T11:32:08.848] [ERROR] default - [39mERROR: [/indexer/indexer_index_tasks (index_record)] Failed to index record {
  method: 'index_record',
  index: 'exhibits_index',
  uuid: '550e8400-e29b-41d4-a716-446655440000',
  timestamp: '2026-08-14T18:32:08.848Z',
  message: 'Elasticsearch operation timeout',
  error_type: 'Error',
  stack: 'Error: Elasticsearch operation timeout\n' +
    '    at Timeout._onTimeout (/Users/fcr/Dropbox/work/workspace/exhibits/exhibits-backend/indexer/tasks/indexer_index_tasks.js:157:41)\n' +
    '    at listOnTimeout (node:internal/timers:605:17)\n' +
    '    at processTimers (node:internal/timers:541:7)'
}
 ✓ test/tasks/indexer_index_tasks.test.js > Indexer_index_tasks > Timeout Protection (_with_timeout) > should reject when operation exceeds timeout 30002ms
[32m[2026-08-14T11:32:08.850] [INFO] default - [39mIndexer initialized { index: 'exhibits_index' }
[32m[2026-08-14T11:32:08.851] [INFO] default - [39mRecord indexed successfully {
  index: 'exhibits_index',
  uuid: '550e8400-e29b-41d4-a716-446655440000',
  result: 'created',
  version: 1,
  timestamp: '2026-08-14T18:32:08.851Z'
}
[32m[2026-08-14T11:32:08.851] [INFO] default - [39mRecord retrieved successfully {
  index: 'exhibits_index',
  uuid: '550e8400-e29b-41d4-a716-446655440000',
  version: 1,
  timestamp: '2026-08-14T18:32:08.851Z'
}
[32m[2026-08-14T11:32:08.852] [INFO] default - [39mRecord indexed successfully {
  index: 'exhibits_index',
  uuid: '550e8400-e29b-41d4-a716-446655440000',
  result: 'updated',
  version: 2,
  timestamp: '2026-08-14T18:32:08.851Z'
}
[32m[2026-08-14T11:32:08.852] [INFO] default - [39mRecord deleted successfully {
  index: 'exhibits_index',
  uuid: '550e8400-e29b-41d4-a716-446655440000',
  version: 3,
  timestamp: '2026-08-14T18:32:08.852Z'
}
[32m[2026-08-14T11:32:08.852] [INFO] default - [39mIndexer initialized { index: 'exhibits_index' }
[32m[2026-08-14T11:32:08.852] [INFO] default - [39mRecord indexed successfully {
  index: 'exhibits_index',
  uuid: '550e8400-e29b-41d4-a716-446655440000',
  result: 'created',
  version: 1,
  timestamp: '2026-08-14T18:32:08.852Z'
}
[32m[2026-08-14T11:32:08.853] [INFO] default - [39mRecord indexed successfully {
  index: 'exhibits_index',
  uuid: '550e8400-e29b-41d4-a716-446655440001',
  result: 'created',
  version: 1,
  timestamp: '2026-08-14T18:32:08.853Z'
}
[32m[2026-08-14T11:32:08.853] [INFO] default - [39mRecord indexed successfully {
  index: 'exhibits_index',
  uuid: '550e8400-e29b-41d4-a716-446655440002',
  result: 'created',
  version: 1,
  timestamp: '2026-08-14T18:32:08.853Z'
}
[32m[2026-08-14T11:32:08.853] [INFO] default - [39mRecord indexed successfully {
  index: 'exhibits_index',
  uuid: '550e8400-e29b-41d4-a716-446655440003',
  result: 'created',
  version: 1,
  timestamp: '2026-08-14T18:32:08.853Z'
}
[32m[2026-08-14T11:32:08.853] [INFO] default - [39mRecord indexed successfully {
  index: 'exhibits_index',
  uuid: '550e8400-e29b-41d4-a716-446655440004',
  result: 'created',
  version: 1,
  timestamp: '2026-08-14T18:32:08.853Z'
}
[32m[2026-08-14T11:32:08.853] [INFO] default - [39mIndexer initialized { index: 'exhibits_index' }
[91m[2026-08-14T11:32:08.853] [ERROR] default - [39mERROR: [/indexer/indexer_index_tasks (index_record)] Failed to index record {
  method: 'index_record',
  index: 'exhibits_index',
  uuid: '550e8400-e29b-41d4-a716-446655440000',
  timestamp: '2026-08-14T18:32:08.853Z',
  message: 'Detailed error message',
  error_type: 'ElasticsearchError',
  status_code: 400,
  elasticsearch_error: 'mapper_parsing_exception',
  reason: 'failed to parse field',
  stack: 'ElasticsearchError: Detailed error message\n' +
    '    at /Users/fcr/Dropbox/work/workspace/exhibits/exhibits-backend/test/tasks/indexer_index_tasks.test.js:752:29\n' +
    '    at file:///Users/fcr/Dropbox/work/workspace/exhibits/exhibits-backend/node_modules/@vitest/runner/dist/chunk-hooks.js:155:11\n' +
    '    at file:///Users/fcr/Dropbox/work/workspace/exhibits/exhibits-backend/node_modules/@vitest/runner/dist/chunk-hooks.js:752:26\n' +
    '    at file:///Users/fcr/Dropbox/work/workspace/exhibits/exhibits-backend/node_modules/@vitest/runner/dist/chunk-hooks.js:1897:20\n' +
    '    at new Promise (<anonymous>)\n' +
    '    at runWithTimeout (file:///Users/fcr/Dropbox/work/workspace/exhibits/exhibits-backend/node_modules/@vitest/runner/dist/chunk-hooks.js:1863:10)\n' +
    '    at runTest (file:///Users/fcr/Dropbox/work/workspace/exhibits/exhibits-backend/node_modules/@vitest/runner/dist/chunk-hooks.js:1574:12)\n' +
    '    at runSuite (file:///Users/fcr/Dropbox/work/workspace/exhibits/exhibits-backend/node_modules/@vitest/runner/dist/chunk-hooks.js:1729:8)\n' +
    '    at runSuite (file:///Users/fcr/Dropbox/work/workspace/exhibits/exhibits-backend/node_modules/@vitest/runner/dist/chunk-hooks.js:1729:8)\n' +
    '    at runSuite (file:///Users/fcr/Dropbox/work/workspace/exhibits/exhibits-backend/node_modules/@vitest/runner/dist/chunk-hooks.js:1729:8)'
}
[32m[2026-08-14T11:32:08.854] [INFO] default - [39mIndexer initialized { index: 'exhibits_index' }
[91m[2026-08-14T11:32:08.854] [ERROR] default - [39mERROR: [/indexer/indexer_index_tasks (index_record)] Failed to index record {
  method: 'index_record',
  index: 'exhibits_index',
  uuid: '550e8400-e29b-41d4-a716-446655440000',
  timestamp: '2026-08-14T18:32:08.854Z',
  message: 'Generic error',
  error_type: 'Error',
  stack: 'Error: Generic error\n' +
    '    at /Users/fcr/Dropbox/work/workspace/exhibits/exhibits-backend/test/tasks/indexer_index_tasks.test.js:775:34\n' +
    '    at file:///Users/fcr/Dropbox/work/workspace/exhibits/exhibits-backend/node_modules/@vitest/runner/dist/chunk-hooks.js:155:11\n' +
    '    at file:///Users/fcr/Dropbox/work/workspace/exhibits/exhibits-backend/node_modules/@vitest/runner/dist/chunk-hooks.js:752:26\n' +
    '    at file:///Users/fcr/Dropbox/work/workspace/exhibits/exhibits-backend/node_modules/@vitest/runner/dist/chunk-hooks.js:1897:20\n' +
    '    at new Promise (<anonymous>)\n' +
    '    at runWithTimeout (file:///Users/fcr/Dropbox/work/workspace/exhibits/exhibits-backend/node_modules/@vitest/runner/dist/chunk-hooks.js:1863:10)\n' +
    '    at runTest (file:///Users/fcr/Dropbox/work/workspace/exhibits/exhibits-backend/node_modules/@vitest/runner/dist/chunk-hooks.js:1574:12)\n' +
    '    at runSuite (file:///Users/fcr/Dropbox/work/workspace/exhibits/exhibits-backend/node_modules/@vitest/runner/dist/chunk-hooks.js:1729:8)\n' +
    '    at runSuite (file:///Users/fcr/Dropbox/work/workspace/exhibits/exhibits-backend/node_modules/@vitest/runner/dist/chunk-hooks.js:1729:8)\n' +
    '    at runSuite (file:///Users/fcr/Dropbox/work/workspace/exhibits/exhibits-backend/node_modules/@vitest/runner/dist/chunk-hooks.js:1729:8)'
}
[32m[2026-08-14T11:32:08.855] [INFO] default - [39mIndexer initialized { index: 'exhibits_index' }
[32m[2026-08-14T11:32:08.855] [INFO] default - [39mRecord indexed successfully {
  index: 'exhibits_index',
  uuid: '550e8400-e29b-41d4-a716-446655440000',
  result: 'created',
  version: 1,
  timestamp: '2026-08-14T18:32:08.855Z'
}
[32m[2026-08-14T11:32:08.855] [INFO] default - [39mIndexer initialized { index: 'exhibits_index' }
[32m[2026-08-14T11:32:08.855] [INFO] default - [39mRecord indexed successfully {
  index: 'exhibits_index',
  uuid: '550e8400-e29b-41d4-a716-446655440000',
  result: 'created',
  version: 1,
  timestamp: '2026-08-14T18:32:08.855Z'
}
[32m[2026-08-14T11:32:08.856] [INFO] default - [39mIndexer initialized { index: 'exhibits_index' }
[32m[2026-08-14T11:32:08.856] [INFO] default - [39mRecord indexed successfully {
  index: 'exhibits_index',
  uuid: '550e8400-e29b-41d4-a716-446655440000',
  result: 'created',
  version: 1,
  timestamp: '2026-08-14T18:32:08.856Z'
}
[32m[2026-08-14T11:32:08.856] [INFO] default - [39mIndexer initialized { index: 'exhibits_index' }
[32m[2026-08-14T11:32:08.856] [INFO] default - [39mRecord indexed successfully {
  index: 'exhibits_index',
  uuid: '550e8400-e29b-41d4-a716-446655440000',
  result: 'created',
  version: 1,
  timestamp: '2026-08-14T18:32:08.856Z'
}
[32m[2026-08-14T11:32:08.857] [INFO] default - [39mIndexer initialized { index: 'exhibits_index' }
[32m[2026-08-14T11:32:08.857] [INFO] default - [39mRecord indexed successfully {
  index: 'exhibits_index',
  uuid: '550e8400-e29b-41d4-a716-446655440000',
  result: 'created',
  version: 1,
  timestamp: '2026-08-14T18:32:08.857Z'
}
[32m[2026-08-14T11:32:08.857] [INFO] default - [39mIndexer initialized { index: 'exhibits_index' }
[32m[2026-08-14T11:32:08.857] [INFO] default - [39mRecord indexed successfully {
  index: 'exhibits_index',
  uuid: '550E8400-E29B-41D4-A716-446655440000',
  result: 'created',
  version: 1,
  timestamp: '2026-08-14T18:32:08.857Z'
}
 ✓ test/tasks/indexer_index_tasks.test.js > Indexer_index_tasks > Integration Tests > should handle complete document lifecycle 3ms
 ✓ test/tasks/indexer_index_tasks.test.js > Indexer_index_tasks > Integration Tests > should handle multiple record types from schema 1ms
 ✓ test/tasks/indexer_index_tasks.test.js > Indexer_index_tasks > Error Handling > should include error context in failure response 1ms
 ✓ test/tasks/indexer_index_tasks.test.js > Indexer_index_tasks > Error Handling > should handle generic errors without meta 1ms
 ✓ test/tasks/indexer_index_tasks.test.js > Indexer_index_tasks > Edge Cases > should handle record with nested objects 1ms
 ✓ test/tasks/indexer_index_tasks.test.js > Indexer_index_tasks > Edge Cases > should handle record with null fields 0ms
 ✓ test/tasks/indexer_index_tasks.test.js > Indexer_index_tasks > Edge Cases > should handle record with empty strings 0ms
 ✓ test/tasks/indexer_index_tasks.test.js > Indexer_index_tasks > Edge Cases > should handle record with unicode content 0ms
 ✓ test/tasks/indexer_index_tasks.test.js > Indexer_index_tasks > Edge Cases > should handle very large record 1ms
 ✓ test/tasks/indexer_index_tasks.test.js > Indexer_index_tasks > Edge Cases > should handle case-insensitive UUID validation 0ms

 Test Files  46 passed (46)
      Tests  942 passed (942)
   Start at  11:31:08
   Duration  60.55s (transform 366ms, setup 376ms, collect 5.73s, tests 62.56s, environment 4.85s, prepare 1.84s)


> exhibits-builder@2.0.0 test:integration
> NODE_OPTIONS=--max-old-space-size=4096 jest --config jest.integration.config.js

[33m[2026-08-14T11:32:12.948] [WARN] default - [39mConfig value is null/undefined for: token_secret
[33m[2026-08-14T11:32:12.948] [WARN] default - [39mConfig value is null/undefined for: token_algo
[33m[2026-08-14T11:32:12.948] [WARN] default - [39mConfig value is null/undefined for: token_expires
[33m[2026-08-14T11:32:12.948] [WARN] default - [39mConfig value is null/undefined for: token_issuer
[33m[2026-08-14T11:32:12.948] [WARN] default - [39mConfig has null/undefined values {
  fields: [ 'token_secret', 'token_algo', 'token_expires', 'token_issuer' ]
}
[32m[2026-08-14T11:32:12.948] [INFO] default - [39mConfig validated successfully { fields_count: 0 }
[33m[2026-08-14T11:32:12.948] [WARN] default - [39mConfig value is null/undefined for: sso_host
[33m[2026-08-14T11:32:12.948] [WARN] default - [39mConfig value is null/undefined for: sso_url
[33m[2026-08-14T11:32:12.948] [WARN] default - [39mConfig value is null/undefined for: sso_response_url
[33m[2026-08-14T11:32:12.948] [WARN] default - [39mConfig value is null/undefined for: sso_logout_url
[33m[2026-08-14T11:32:12.949] [WARN] default - [39mConfig value is null/undefined for: exhibit_preview_url
[33m[2026-08-14T11:32:12.949] [WARN] default - [39mConfig value is null/undefined for: exhibit_preview_api_key
[33m[2026-08-14T11:32:12.949] [WARN] default - [39mConfig value is null/undefined for: repo_iiif_endpoint
[33m[2026-08-14T11:32:12.949] [WARN] default - [39mConfig value is null/undefined for: repo_iiif_image_endpoint
[33m[2026-08-14T11:32:12.949] [WARN] default - [39mConfig value is null/undefined for: repo_item_api_url
[33m[2026-08-14T11:32:12.949] [WARN] default - [39mConfig value is null/undefined for: repo_item_api_key
[33m[2026-08-14T11:32:12.949] [WARN] default - [39mConfig value is null/undefined for: tn_service
[33m[2026-08-14T11:32:12.949] [WARN] default - [39mConfig value is null/undefined for: tn_service_api_key
[33m[2026-08-14T11:32:12.949] [WARN] default - [39mConfig value is null/undefined for: item_subjects_api_url
[33m[2026-08-14T11:32:12.949] [WARN] default - [39mConfig value is null/undefined for: item_subjects_api_key
[33m[2026-08-14T11:32:12.949] [WARN] default - [39mConfig has null/undefined values {
  fields: [
    'sso_host',
    'sso_url',
    'sso_response_url',
    'sso_logout_url',
    'exhibit_preview_url',
    'exhibit_preview_api_key',
    'repo_iiif_endpoint',
    'repo_iiif_image_endpoint',
    'repo_item_api_url',
    'repo_item_api_key',
    'tn_service',
    'tn_service_api_key',
    'item_subjects_api_url',
    'item_subjects_api_key'
  ]
}
[32m[2026-08-14T11:32:12.949] [INFO] default - [39mConfig validated successfully { fields_count: 0 }
[33m[2026-08-14T11:32:14.228] [WARN] default - [39mConfig value is null/undefined for: host
[33m[2026-08-14T11:32:14.228] [WARN] default - [39mConfig value is null/undefined for: app_name
[33m[2026-08-14T11:32:14.228] [WARN] default - [39mConfig value is null/undefined for: app_version
[33m[2026-08-14T11:32:14.228] [WARN] default - [39mConfig value is null/undefined for: organization
[33m[2026-08-14T11:32:14.228] [WARN] default - [39mConfig value is null/undefined for: app_host
[33m[2026-08-14T11:32:14.228] [WARN] default - [39mConfig value is null/undefined for: app_port
[33m[2026-08-14T11:32:14.228] [WARN] default - [39mConfig value is null/undefined for: api_url
[33m[2026-08-14T11:32:14.228] [WARN] default - [39mConfig value is null/undefined for: build_version
[33m[2026-08-14T11:32:14.228] [WARN] default - [39mConfig has null/undefined values {
  fields: [
    'host',
    'app_name',
    'app_version',
    'organization',
    'app_host',
    'app_port',
    'api_url',
    'build_version'
  ]
}
[32m[2026-08-14T11:32:14.228] [INFO] default - [39mConfig validated successfully { fields_count: 1 }
[33m[2026-08-14T11:32:14.236] [WARN] default - [39mConfig value is null/undefined for: host
[33m[2026-08-14T11:32:14.236] [WARN] default - [39mConfig value is null/undefined for: app_name
[33m[2026-08-14T11:32:14.236] [WARN] default - [39mConfig value is null/undefined for: app_version
[33m[2026-08-14T11:32:14.236] [WARN] default - [39mConfig value is null/undefined for: organization
[33m[2026-08-14T11:32:14.236] [WARN] default - [39mConfig value is null/undefined for: app_host
[33m[2026-08-14T11:32:14.236] [WARN] default - [39mConfig value is null/undefined for: app_port
[33m[2026-08-14T11:32:14.236] [WARN] default - [39mConfig value is null/undefined for: api_url
[33m[2026-08-14T11:32:14.236] [WARN] default - [39mConfig value is null/undefined for: build_version
[33m[2026-08-14T11:32:14.236] [WARN] default - [39mConfig has null/undefined values {
  fields: [
    'host',
    'app_name',
    'app_version',
    'organization',
    'app_host',
    'app_port',
    'api_url',
    'build_version'
  ]
}
[32m[2026-08-14T11:32:14.236] [INFO] default - [39mConfig validated successfully { fields_count: 1 }
[33m[2026-08-14T11:32:14.237] [WARN] default - [39mConfig value is null/undefined for: host
[33m[2026-08-14T11:32:14.237] [WARN] default - [39mConfig value is null/undefined for: app_name
[33m[2026-08-14T11:32:14.237] [WARN] default - [39mConfig value is null/undefined for: app_version
[33m[2026-08-14T11:32:14.237] [WARN] default - [39mConfig value is null/undefined for: organization
[33m[2026-08-14T11:32:14.237] [WARN] default - [39mConfig value is null/undefined for: app_host
[33m[2026-08-14T11:32:14.237] [WARN] default - [39mConfig value is null/undefined for: app_port
[33m[2026-08-14T11:32:14.237] [WARN] default - [39mConfig value is null/undefined for: api_url
[33m[2026-08-14T11:32:14.237] [WARN] default - [39mConfig value is null/undefined for: build_version
[33m[2026-08-14T11:32:14.237] [WARN] default - [39mConfig has null/undefined values {
  fields: [
    'host',
    'app_name',
    'app_version',
    'organization',
    'app_host',
    'app_port',
    'api_url',
    'build_version'
  ]
}
[32m[2026-08-14T11:32:14.237] [INFO] default - [39mConfig validated successfully { fields_count: 1 }
[33m[2026-08-14T11:32:14.237] [WARN] default - [39mConfig value is null/undefined for: host
[33m[2026-08-14T11:32:14.237] [WARN] default - [39mConfig value is null/undefined for: app_name
[33m[2026-08-14T11:32:14.237] [WARN] default - [39mConfig value is null/undefined for: app_version
[33m[2026-08-14T11:32:14.237] [WARN] default - [39mConfig value is null/undefined for: organization
[33m[2026-08-14T11:32:14.237] [WARN] default - [39mConfig value is null/undefined for: app_host
[33m[2026-08-14T11:32:14.237] [WARN] default - [39mConfig value is null/undefined for: app_port
[33m[2026-08-14T11:32:14.237] [WARN] default - [39mConfig value is null/undefined for: api_url
[33m[2026-08-14T11:32:14.237] [WARN] default - [39mConfig value is null/undefined for: build_version
[33m[2026-08-14T11:32:14.237] [WARN] default - [39mConfig has null/undefined values {
  fields: [
    'host',
    'app_name',
    'app_version',
    'organization',
    'app_host',
    'app_port',
    'api_url',
    'build_version'
  ]
}
[32m[2026-08-14T11:32:14.237] [INFO] default - [39mConfig validated successfully { fields_count: 1 }
